Archive member included to satisfy reference by file (symbol)

/Users/jdriselvato/devkitPro/libnds/lib/libnds9.a(keys.o)
                              template.o (scanKeys)
/Users/jdriselvato/devkitPro/libnds/lib/libnds9.a(sprite.o)
                              template.o (oamInit)
/Users/jdriselvato/devkitPro/libnds/lib/libnds9.a(trig.o)
                              /Users/jdriselvato/devkitPro/libnds/lib/libnds9.a(sprite.o) (sinLerp)
/Users/jdriselvato/devkitPro/libnds/lib/libnds9.a(console.o)
                              template.o (consoleDemoInit)
/Users/jdriselvato/devkitPro/libnds/lib/libnds9.a(sprite_alloc.o)
                              /Users/jdriselvato/devkitPro/libnds/lib/libnds9.a(sprite.o) (oamAllocReset)
/Users/jdriselvato/devkitPro/libnds/lib/libnds9.a(background.o)
                              /Users/jdriselvato/devkitPro/libnds/lib/libnds9.a(console.o) (bgState)
/Users/jdriselvato/devkitPro/libnds/lib/libnds9.a(initSystem.o)
                              /Users/jdriselvato/devkitPro/devkitARM/bin/../lib/gcc/arm-none-eabi/5.3.0/../../../../arm-none-eabi/lib/thumb/ds_arm9_crt0.o (initSystem)
/Users/jdriselvato/devkitPro/libnds/lib/libnds9.a(fifosystem.o)
                              /Users/jdriselvato/devkitPro/libnds/lib/libnds9.a(initSystem.o) (fifoSetValue32Handler)
/Users/jdriselvato/devkitPro/libnds/lib/libnds9.a(libnds_exit.arm.o)
                              /Users/jdriselvato/devkitPro/devkitARM/bin/../lib/gcc/arm-none-eabi/5.3.0/../../../../arm-none-eabi/lib/thumb/ds_arm9_crt0.o (__libnds_exit)
/Users/jdriselvato/devkitPro/libnds/lib/libnds9.a(interrupts.o)
                              /Users/jdriselvato/devkitPro/libnds/lib/libnds9.a(fifosystem.o) (irqSet)
/Users/jdriselvato/devkitPro/libnds/lib/libnds9.a(dcache.o)
                              /Users/jdriselvato/devkitPro/libnds/lib/libnds9.a(sprite.o) (DC_FlushRange)
/Users/jdriselvato/devkitPro/libnds/lib/libnds9.a(IntrWait.o)
                              /Users/jdriselvato/devkitPro/libnds/lib/libnds9.a(fifosystem.o) (swiIntrWait)
/Users/jdriselvato/devkitPro/libnds/lib/libnds9.a(mpu_setup.o)
                              /Users/jdriselvato/devkitPro/devkitARM/bin/../lib/gcc/arm-none-eabi/5.3.0/../../../../arm-none-eabi/lib/thumb/ds_arm9_crt0.o (__libnds_mpu_setup)
/Users/jdriselvato/devkitPro/libnds/lib/libnds9.a(swiSoftReset.o)
                              /Users/jdriselvato/devkitPro/libnds/lib/libnds9.a(fifosystem.o) (swiSoftReset)
/Users/jdriselvato/devkitPro/libnds/lib/libnds9.a(debugprint.o)
                              /Users/jdriselvato/devkitPro/libnds/lib/libnds9.a(console.o) (nocashWrite)
/Users/jdriselvato/devkitPro/libnds/lib/libnds9.a(biosCalls.o)
                              template.o (swiWaitForVBlank)
/Users/jdriselvato/devkitPro/libnds/lib/libnds9.a(interruptDispatcher.o)
                              /Users/jdriselvato/devkitPro/libnds/lib/libnds9.a(interrupts.o) (IntrMain)
/Users/jdriselvato/devkitPro/libnds/lib/libnds9.a(default_font.bin.o)
                              /Users/jdriselvato/devkitPro/libnds/lib/libnds9.a(console.o) (default_font_bin)
/Users/jdriselvato/devkitPro/libnds/lib/libnds9.a(system.o)
                              /Users/jdriselvato/devkitPro/libnds/lib/libnds9.a(initSystem.o) (systemValueHandler)
/Users/jdriselvato/devkitPro/libnds/lib/libnds9.a(video.o)
                              /Users/jdriselvato/devkitPro/libnds/lib/libnds9.a(initSystem.o) (vramDefault)
/Users/jdriselvato/devkitPro/libnds/lib/libnds9.a(timeSupport.o)
                              /Users/jdriselvato/devkitPro/libnds/lib/libnds9.a(initSystem.o) (__libnds_gtod)
/Users/jdriselvato/devkitPro/devkitARM/bin/../lib/gcc/arm-none-eabi/5.3.0/thumb/libgcc.a(_divsi3.o)
                              template.o (__aeabi_idivmod)
/Users/jdriselvato/devkitPro/devkitARM/bin/../lib/gcc/arm-none-eabi/5.3.0/thumb/libgcc.a(_dvmd_tls.o)
                              /Users/jdriselvato/devkitPro/devkitARM/bin/../lib/gcc/arm-none-eabi/5.3.0/thumb/libgcc.a(_divsi3.o) (__aeabi_idiv0)
/Users/jdriselvato/devkitPro/devkitARM/bin/../lib/gcc/arm-none-eabi/5.3.0/../../../../arm-none-eabi/lib/thumb/libg.a(lib_a-bsearch.o)
                              /Users/jdriselvato/devkitPro/libnds/lib/libnds9.a(trig.o) (bsearch)
/Users/jdriselvato/devkitPro/devkitARM/bin/../lib/gcc/arm-none-eabi/5.3.0/../../../../arm-none-eabi/lib/thumb/libg.a(lib_a-init.o)
                              /Users/jdriselvato/devkitPro/devkitARM/bin/../lib/gcc/arm-none-eabi/5.3.0/../../../../arm-none-eabi/lib/thumb/ds_arm9_crt0.o (__libc_init_array)
/Users/jdriselvato/devkitPro/devkitARM/bin/../lib/gcc/arm-none-eabi/5.3.0/../../../../arm-none-eabi/lib/thumb/libg.a(lib_a-iprintf.o)
                              template.o (iprintf)
/Users/jdriselvato/devkitPro/devkitARM/bin/../lib/gcc/arm-none-eabi/5.3.0/../../../../arm-none-eabi/lib/thumb/libg.a(lib_a-malloc.o)
[...]
Memory Configuration

Name             Origin             Length             Attributes
rom              0x08000000         0x02000000
ewram            0x02000000         0x003ff000
dtcm             0x0b000000         0x00004000
vectors          0x01000000         0x00000100
itcm             0x01000100         0x00007f00
*default*        0x00000000         0xffffffff

Linker script and memory map

                0x01000000                __vectors_start = ORIGIN (vectors)
                0x01000100                __itcm_start = ORIGIN (itcm)
                0x023ff000                __ewram_end = (ORIGIN (ewram) + 0x3ff000)
                0x023ff000                __eheap_end = (ORIGIN (ewram) + 0x3ff000)
                0x0b000000                __dtcm_start = ORIGIN (dtcm)
                0x0b004000                __dtcm_top = (ORIGIN (dtcm) + 0x4000)
                0x0b003ff8                __irq_flags = (__dtcm_top - 0x8)
                0x0b003ffc                __irq_vector = (__dtcm_top - 0x4)
                0x0b003f00                __sp_svc = (__dtcm_top - 0x100)
                0x0b003e00                __sp_irq = (__sp_svc - 0x100)
                0x0b003d00                __sp_usr = (__sp_irq - 0x100)

.init           0x02000000      0x23c
                0x02000000                __text_start = .
 *(.init)
 .init          0x02000000      0x230 /Users/jdriselvato/devkitPro/devkitARM/bin/../lib/gcc/arm-none-eabi/5.3.0/../../../../arm-none-eabi/lib/thumb/ds_arm9_crt0.o
                0x02000000                _start
 .init          0x02000230        0x4 /Users/jdriselvato/devkitPro/devkitARM/bin/../lib/gcc/arm-none-eabi/5.3.0/thumb/crti.o
                0x02000230                _init
 .init          0x02000234        0x8 /Users/jdriselvato/devkitPro/devkitARM/bin/../lib/gcc/arm-none-eabi/5.3.0/thumb/crtn.o
                0x0200023c                . = ALIGN (0x4)

.plt
 *(.plt)

.text           0x02000240     0xb650
 *(EXCLUDE_FILE(*.itcm*) .text)
 .text          0x02000240       0xd4 /Users/jdriselvato/devkitPro/devkitARM/bin/../lib/gcc/arm-none-eabi/5.3.0/thumb/crtbegin.o
 .text          0x02000314       0xf4 /Users/jdriselvato/devkitPro/libnds/lib/libnds9.a(keys.o)
                0x02000314                scanKeys
                0x02000380                keysHeld
                0x0200038c                keysDown
                0x0200039c                keysDownRepeat
                0x020003ac                keysSetRepeat
                0x020003c4                keysUp
                0x020003d4                keysCurrent
 .text          0x02000408      0x3f8 /Users/jdriselvato/devkitPro/libnds/lib/libnds9.a(sprite.o)
                0x02000408                oamInit
                0x02000524                oamDisable
                0x02000550                oamEnable
                0x02000570                oamGetGfxPtr
                0x020005a8                oamClear
                0x020005d0                oamGfxPtrToOffset
                0x02000600                oamSet
                0x02000754                oamUpdate
                0x020007b4                oamRotateScale
 .text          0x02000800      0x2a0 /Users/jdriselvato/devkitPro/libnds/lib/libnds9.a(trig.o)
                0x02000800                asinComp
                0x02000824                sinLutLookup
                0x0200085c                sinLerp
                0x020008f8                cosLerp
                0x0200090c                tanLutLookup
                0x02000944                tanLerp
                0x020009ec                asinLerp
                0x02000a68                acosLerp
                0x02000a7c                atanComp
 .text          0x02000aa0      0xa30 /Users/jdriselvato/devkitPro/libnds/lib/libnds9.a(console.o)
                0x02000b50                nocash_write
                0x02000b60                consoleGetDefault
                0x02000b6c                consoleSelect
                0x02000b7c                consoleDebugInit
                0x02000bcc                consolePrintChar
                0x02000dac                consoleLoadFont
                0x02001028                consoleSetFont
                0x02001048                consoleInit
                0x020011b0                consoleDemoInit
                0x020011f4                con_write
                0x020014a0                consoleClear
                0x020014b0                consoleSetWindow
 .text          0x020014d0      0x450 /Users/jdriselvato/devkitPro/libnds/lib/libnds9.a(sprite_alloc.o)
                0x02001500                oamAllocReset
                0x0200151c                oamAllocateGfx
                0x02001744                oamFreeGfx
                0x020018cc                oamCountFragments
 .text          0x02001920      0x350 /Users/jdriselvato/devkitPro/libnds/lib/libnds9.a(background.o)
                0x0200195c                bgIsText
                0x02001968                checkIfText
                0x02001990                bgUpdate
                0x02001a80                bgInit_call
                0x02001b70                bgInitSub_call
 .text          0x02001c70      0x148 /Users/jdriselvato/devkitPro/libnds/lib/libnds9.a(initSystem.o)
                0x02001c70                initSystem
 .text          0x02001db8      0xd04 /Users/jdriselvato/devkitPro/libnds/lib/libnds9.a(fifosystem.o)
                0x0200200c                fifoSetValue32Handler
                0x02002080                fifoSendAddress
                0x020020b8                fifoSendValue32
                0x02002108                fifoSendDatamsg
                0x02002198                fifoGetAddress
                0x02002204                fifoSetAddressHandler
                0x02002278                fifoGetValue32
                0x0200228c                fifoGetDatamsg
                0x020027bc                fifoSetDatamsgHandler
                0x02002854                fifoCheckAddress
                0x02002878                fifoCheckDatamsg
                0x0200289c                fifoCheckDatamsgLength
                0x020028cc                fifoCheckValue32
                0x020028f0                fifoInit
 *fill*         0x02002abc        0x4 ff
 .text          0x02002ac0       0x60 /Users/jdriselvato/devkitPro/libnds/lib/libnds9.a(libnds_exit.arm.o)
                0x02002ac0                systemErrorExit
                0x02002ac4                __libnds_exit
 .text          0x02002b20      0x1e8 /Users/jdriselvato/devkitPro/libnds/lib/libnds9.a(interrupts.o)
                0x02002b20                irqDummy
                0x02002b24                irqSet
                0x02002b90                irqInitHandler
                0x02002bb8                irqInit
                0x02002c08                irqEnable
                0x02002c6c                irqDisable
                0x02002cd0                irqClear
 .text          0x02002d08       0x88 /Users/jdriselvato/devkitPro/libnds/lib/libnds9.a(dcache.o)
                0x02002d08                DC_FlushAll
                0x02002d34                DC_FlushRange
                0x02002d58                DC_InvalidateAll
                0x02002d64                DC_InvalidateRange
 .text          0x02002d90       0x20 /Users/jdriselvato/devkitPro/libnds/lib/libnds9.a(IntrWait.o)
                0x02002d90                swiIntrWait
 .text          0x02002db0      0x1b4 /Users/jdriselvato/devkitPro/libnds/lib/libnds9.a(mpu_setup.o)
                0x02002db0                __libnds_mpu_setup
                0x02002ef0                memCached
                0x02002f08                memUncached
 *fill*         0x02002f64        0xc ff
 .text          0x02002f70       0x30 /Users/jdriselvato/devkitPro/libnds/lib/libnds9.a(swiSoftReset.o)
                0x02002f70                swiSoftReset
 .text          0x02002fa0       0xa4 /Users/jdriselvato/devkitPro/libnds/lib/libnds9.a(debugprint.o)
                0x02002fa0                nocashWrite
                0x02002fa2                nocashMessage
 *fill*         0x02003044        0xc ff
 .text          0x02003050       0x70 /Users/jdriselvato/devkitPro/libnds/lib/libnds9.a(biosCalls.o)
                0x02003050                swiDelay
                0x02003054                swiWaitForVBlank
                0x02003058                swiSleep
                0x0200305c                swiChangeSoundBias
                0x02003060                swiDivide
                0x02003064                swiRemainder
                0x0200306a                swiDivMod
                0x02003076                swiCopy
                0x0200307a                swiFastCopy
                0x0200307e                swiSqrt
                0x02003082                swiCRC16
                0x02003086                swiIsDebugger
                0x0200308a                swiUnpackBits
                0x0200308e                swiDecompressLZSSWram
                0x02003092                swiDecompressLZSSVramNTR
                0x02003096                swiDecompressLZSSVramTWL
                0x0200309a                swiDecompressHuffman
                0x0200309e                swiDecompressRLEWram
                0x020030a2                swiDecompressRLEVram
                0x020030a6                swiWaitForIRQ
                0x020030aa                swiDecodeDelta8
                0x020030ae                swiDecodeDelta16
                0x020030b2                swiSetHaltCR
 .text          0x020030c0      0x140 /Users/jdriselvato/devkitPro/libnds/lib/libnds9.a(system.o)
                0x020030c0                setSDcallback
                0x020030cc                systemValueHandler
                0x02003114                systemMsgHandler
                0x02003164                systemSleep
                0x0200317c                powerOn
                0x020031a8                powerOff
                0x020031d0                ledBlink
                0x020031e0                getBatteryLevel
 .text          0x02003200      0x1bc /Users/jdriselvato/devkitPro/libnds/lib/libnds9.a(video.o)
                0x02003200                vramSetMainBanks
                0x02003244                vramSetPrimaryBanks
                0x0200324c                vramSetBanks_EFG
                0x02003284                vramRestorePrimaryBanks
                0x02003290                vramRestoreMainBanks
                0x0200329c                vramRestoreBanks_EFG
                0x020032a8                setBrightness
                0x020032e8                vramDefault
 .text          0x020033bc       0x24 /Users/jdriselvato/devkitPro/libnds/lib/libnds9.a(timeSupport.o)
                0x020033bc                __libnds_gtod
 .text          0x020033e0      0x150 /Users/jdriselvato/devkitPro/devkitARM/bin/../lib/gcc/arm-none-eabi/5.3.0/thumb/libgcc.a(_divsi3.o)
                0x020033e0                __aeabi_idiv
                0x020033e0                __divsi3
                0x02003510                __aeabi_idivmod
 .text          0x02003530        0x4 /Users/jdriselvato/devkitPro/devkitARM/bin/../lib/gcc/arm-none-eabi/5.3.0/thumb/libgcc.a(_dvmd_tls.o)
                0x02003530                __aeabi_ldiv0
                0x02003530                __aeabi_idiv0
 .text          0x02003534      0x224 /Users/jdriselvato/devkitPro/devkitARM/bin/../lib/gcc/arm-none-eabi/5.3.0/../../../../arm-none-eabi/lib/thumb/libg.a(lib_a-strcmp.o)
                0x02003534                strcmp
 .text          0x02003758      0x160 /Users/jdriselvato/devkitPro/devkitARM/bin/../lib/gcc/arm-none-eabi/5.3.0/../../../../arm-none-eabi/lib/thumb/libsysbase.a(iosupport.o)
                0x0200375c                setDefaultDevice
                0x0200376c                FindDevice
                0x020037f8                RemoveDevice
                0x0200381c                AddDevice
                0x02003898                GetDeviceOpTab
 .text          0x020038b8       0x54 /Users/jdriselvato/devkitPro/devkitARM/bin/../lib/gcc/arm-none-eabi/5.3.0/../../../../arm-none-eabi/lib/thumb/libsysbase.a(close.o)
                0x020038b8                _close_r
 .text          0x0200390c       0x44 /Users/jdriselvato/devkitPro/devkitARM/bin/../lib/gcc/arm-none-eabi/5.3.0/../../../../arm-none-eabi/lib/thumb/libsysbase.a(fstat.o)
                0x0200390c                _fstat_r
 .text          0x02003950        0x4 /Users/jdriselvato/devkitPro/devkitARM/bin/../lib/gcc/arm-none-eabi/5.3.0/../../../../arm-none-eabi/lib/thumb/libsysbase.a(isatty.o)
                0x02003950                _isatty_r
 .text          0x02003954       0x48 /Users/jdriselvato/devkitPro/devkitARM/bin/../lib/gcc/arm-none-eabi/5.3.0/../../../../arm-none-eabi/lib/thumb/libsysbase.a(lseek.o)
                0x02003954                _lseek_r
 .text          0x0200399c       0x48 /Users/jdriselvato/devkitPro/devkitARM/bin/../lib/gcc/arm-none-eabi/5.3.0/../../../../arm-none-eabi/lib/thumb/libsysbase.a(read.o)
                0x0200399c                _read_r
 .text          0x020039e4       0x54 /Users/jdriselvato/devkitPro/devkitARM/bin/../lib/gcc/arm-none-eabi/5.3.0/../../../../arm-none-eabi/lib/thumb/libsysbase.a(sbrk.o)
                0x020039e4                _sbrk_r
 .text          0x02003a38       0x48 /Users/jdriselvato/devkitPro/devkitARM/bin/../lib/gcc/arm-none-eabi/5.3.0/../../../../arm-none-eabi/lib/thumb/libsysbase.a(write.o)
                0x02003a38                _write_r
 .text          0x02003a80       0x4c /Users/jdriselvato/devkitPro/devkitARM/bin/../lib/gcc/arm-none-eabi/5.3.0/../../../../arm-none-eabi/lib/thumb/libsysbase.a(build_argv.o)
                0x02003a80                build_argv
 .text          0x02003acc       0x20 /Users/jdriselvato/devkitPro/devkitARM/bin/../lib/gcc/arm-none-eabi/5.3.0/../../../../arm-none-eabi/lib/thumb/libsysbase.a(flock.o)
                0x02003acc                __flockfile
                0x02003adc                __funlockfile
 .text          0x02003aec      0x104 /Users/jdriselvato/devkitPro/devkitARM/bin/../lib/gcc/arm-none-eabi/5.3.0/../../../../arm-none-eabi/lib/thumb/libsysbase.a(syscall_support.o)
                0x02003aec                __libc_lock_init
                0x02003b04                __libc_lock_acquire
                0x02003b1c                __libc_lock_try_acquire
                0x02003b3c                __libc_lock_release
                0x02003b54                __libc_lock_close
                0x02003b6c                __libc_lock_init_recursive
                0x02003b84                __libc_lock_acquire_recursive
                0x02003b9c                __libc_lock_try_acquire_recursive
                0x02003bbc                __libc_lock_release_recursive
                0x02003bd4                __libc_lock_close_recursive
 .text          0x02003bf0      0x204 /Users/jdriselvato/devkitPro/devkitARM/bin/../lib/gcc/arm-none-eabi/5.3.0/../../../../arm-none-eabi/lib/thumb/libsysbase.a(handle_manager.o)
                0x02003bf0                __free_handle
                0x02003c28                __release_handle
                0x02003c60                __alloc_handle
                0x02003cb8                __get_handle
                0x02003cd4                dup
                0x02003d48                dup2
 .text          0x02003df4       0x28 /Users/jdriselvato/devkitPro/devkitARM/bin/../lib/gcc/arm-none-eabi/5.3.0/../../../../arm-none-eabi/lib/thumb/libsysbase.a(getreent.o)
                0x02003df4                __getreent
 .text          0x02003e1c      0x11c /Users/jdriselvato/devkitPro/devkitARM/bin/../lib/gcc/arm-none-eabi/5.3.0/thumb/libgcc.a(_udivsi3.o)
                0x02003e1c                __udivsi3
                0x02003e1c                __aeabi_uidiv
                0x02003f18                __aeabi_uidivmod
 .text          0x02003f38       0x3c /Users/jdriselvato/devkitPro/devkitARM/bin/../lib/gcc/arm-none-eabi/5.3.0/thumb/libgcc.a(_aeabi_uldivmod.o)
                0x02003f38                __aeabi_uldivmod
 .text          0x02003f74       0x60 /Users/jdriselvato/devkitPro/devkitARM/bin/../lib/gcc/arm-none-eabi/5.3.0/thumb/libgcc.a(_muldi3.o)
                0x02003f74                __aeabi_lmul
                0x02003f74                __muldi3
 .text          0x02003fd4      0x184 /Users/jdriselvato/devkitPro/devkitARM/bin/../lib/gcc/arm-none-eabi/5.3.0/thumb/libgcc.a(_udivmoddi4.o)
                0x02003fd4                __udivmoddi4
 .text          0x02004158       0x28 /Users/jdriselvato/devkitPro/devkitARM/bin/../lib/gcc/arm-none-eabi/5.3.0/thumb/libgcc.a(_clzdi2.o)
                0x02004158                __clzdi2
 .text          0x02004180       0x48 /Users/jdriselvato/devkitPro/devkitARM/bin/../lib/gcc/arm-none-eabi/5.3.0/thumb/libgcc.a(_clzsi2.o)
                0x02004180                __clzsi2
 *(.text.*)
 .text.startup  0x020041c8      0x1b0 template.o
                0x020041c8                main
 .text.bsearch  0x02004378       0x64 /Users/jdriselvato/devkitPro/devkitARM/bin/../lib/gcc/arm-none-eabi/5.3.0/../../../../arm-none-eabi/lib/thumb/libg.a(lib_a-bsearch.o)
                0x02004378                bsearch
 .text.__libc_init_array
                0x020043dc       0x58 /Users/jdriselvato/devkitPro/devkitARM/bin/../lib/gcc/arm-none-eabi/5.3.0/../../../../arm-none-eabi/lib/thumb/libg.a(lib_a-init.o)
                0x020043dc                __libc_init_array
 .text.iprintf  0x02004434       0x24 /Users/jdriselvato/devkitPro/devkitARM/bin/../lib/gcc/arm-none-eabi/5.3.0/../../../../arm-none-eabi/lib/thumb/libg.a(lib_a-iprintf.o)
                0x02004434                iprintf
 .text.malloc   0x02004458       0x14 /Users/jdriselvato/devkitPro/devkitARM/bin/../lib/gcc/arm-none-eabi/5.3.0/../../../../arm-none-eabi/lib/thumb/libg.a(lib_a-malloc.o)
                0x02004458                malloc
 .text.free     0x0200446c       0x14 /Users/jdriselvato/devkitPro/devkitARM/bin/../lib/gcc/arm-none-eabi/5.3.0/../../../../arm-none-eabi/lib/thumb/libg.a(lib_a-malloc.o)
                0x0200446c                free
 .text._malloc_r
                0x02004480      0x564 /Users/jdriselvato/devkitPro/devkitARM/bin/../lib/gcc/arm-none-eabi/5.3.0/../../../../arm-none-eabi/lib/thumb/libg.a(lib_a-mallocr.o)
                0x02004480                _malloc_r
 .text.memcpy   0x020049e4       0x80 /Users/jdriselvato/devkitPro/devkitARM/bin/../lib/gcc/arm-none-eabi/5.3.0/../../../../arm-none-eabi/lib/thumb/libg.a(lib_a-memcpy.o)
                0x020049e4                memcpy
 .text.memset   0x02004a64       0x94 /Users/jdriselvato/devkitPro/devkitARM/bin/../lib/gcc/arm-none-eabi/5.3.0/../../../../arm-none-eabi/lib/thumb/libg.a(lib_a-memset.o)
                0x02004a64                memset
 .text.__malloc_lock
                0x02004af8       0x14 /Users/jdriselvato/devkitPro/devkitARM/bin/../lib/gcc/arm-none-eabi/5.3.0/../../../../arm-none-eabi/lib/thumb/libg.a(lib_a-mlock.o)
                0x02004af8                __malloc_lock
 .text.__malloc_unlock
                0x02004b0c       0x14 /Users/jdriselvato/devkitPro/devkitARM/bin/../lib/gcc/arm-none-eabi/5.3.0/../../../../arm-none-eabi/lib/thumb/libg.a(lib_a-mlock.o)
                0x02004b0c                __malloc_unlock
 .text.rand     0x02004b20       0x34 /Users/jdriselvato/devkitPro/devkitARM/bin/../lib/gcc/arm-none-eabi/5.3.0/../../../../arm-none-eabi/lib/thumb/libg.a(lib_a-rand.o)
                0x02004b20                rand
 .text.realloc  0x02004b54       0x18 /Users/jdriselvato/devkitPro/devkitARM/bin/../lib/gcc/arm-none-eabi/5.3.0/../../../../arm-none-eabi/lib/thumb/libg.a(lib_a-realloc.o)
                0x02004b54                realloc
 .text._realloc_r
                0x02004b6c      0x3ec /Users/jdriselvato/devkitPro/devkitARM/bin/../lib/gcc/arm-none-eabi/5.3.0/../../../../arm-none-eabi/lib/thumb/libg.a(lib_a-reallocr.o)
                0x02004b6c                _realloc_r
 .text.setvbuf  0x02004f58      0x148 /Users/jdriselvato/devkitPro/devkitARM/bin/../lib/gcc/arm-none-eabi/5.3.0/../../../../arm-none-eabi/lib/thumb/libg.a(lib_a-setvbuf.o)
                0x02004f58                setvbuf
 .text.siscanf  0x020050a0       0x4c /Users/jdriselvato/devkitPro/devkitARM/bin/../lib/gcc/arm-none-eabi/5.3.0/../../../../arm-none-eabi/lib/thumb/libg.a(lib_a-siscanf.o)
                0x020050a0                siscanf
 .text.__sread  0x020050ec       0x2c /Users/jdriselvato/devkitPro/devkitARM/bin/../lib/gcc/arm-none-eabi/5.3.0/../../../../arm-none-eabi/lib/thumb/libg.a(lib_a-stdio.o)
                0x020050ec                __sread
 .text.__seofread
                0x02005118        0x4 /Users/jdriselvato/devkitPro/devkitARM/bin/../lib/gcc/arm-none-eabi/5.3.0/../../../../arm-none-eabi/lib/thumb/libg.a(lib_a-stdio.o)
                0x02005118                __seofread
 .text.__swrite
                0x0200511c       0x3c /Users/jdriselvato/devkitPro/devkitARM/bin/../lib/gcc/arm-none-eabi/5.3.0/../../../../arm-none-eabi/lib/thumb/libg.a(lib_a-stdio.o)
                0x0200511c                __swrite
 .text.__sseek  0x02005158       0x30 /Users/jdriselvato/devkitPro/devkitARM/bin/../lib/gcc/arm-none-eabi/5.3.0/../../../../arm-none-eabi/lib/thumb/libg.a(lib_a-stdio.o)
                0x02005158                __sseek
 .text.__sclose
                0x02005188       0x10 /Users/jdriselvato/devkitPro/devkitARM/bin/../lib/gcc/arm-none-eabi/5.3.0/../../../../arm-none-eabi/lib/thumb/libg.a(lib_a-stdio.o)
                0x02005188                __sclose
 .text.strlen   0x02005198       0x6c /Users/jdriselvato/devkitPro/devkitARM/bin/../lib/gcc/arm-none-eabi/5.3.0/../../../../arm-none-eabi/lib/thumb/libg.a(lib_a-strlen.o)
                0x02005198                strlen
 .text._sungetc_r
                0x02005204       0x8c /Users/jdriselvato/devkitPro/devkitARM/bin/../lib/gcc/arm-none-eabi/5.3.0/../../../../arm-none-eabi/lib/thumb/libg.a(lib_a-svfiscanf.o)
                0x02005204                _sungetc_r
 .text.__ssrefill_r
                0x02005290       0x44 /Users/jdriselvato/devkitPro/devkitARM/bin/../lib/gcc/arm-none-eabi/5.3.0/../../../../arm-none-eabi/lib/thumb/libg.a(lib_a-svfiscanf.o)
                0x02005290                __ssrefill_r
 .text._sfread_r
                0x020052d4       0x90 /Users/jdriselvato/devkitPro/devkitARM/bin/../lib/gcc/arm-none-eabi/5.3.0/../../../../arm-none-eabi/lib/thumb/libg.a(lib_a-svfiscanf.o)
                0x020052d4                _sfread_r
 .text.__ssvfiscanf_r
                0x02005364     0x1498 /Users/jdriselvato/devkitPro/devkitARM/bin/../lib/gcc/arm-none-eabi/5.3.0/../../../../arm-none-eabi/lib/thumb/libg.a(lib_a-svfiscanf.o)
                0x02005364                __ssvfiscanf_r
 .text.__submore
                0x020067fc       0x88 /Users/jdriselvato/devkitPro/devkitARM/bin/../lib/gcc/arm-none-eabi/5.3.0/../../../../arm-none-eabi/lib/thumb/libg.a(lib_a-ungetc.o)
                0x020067fc                __submore
 .text.get_arg  0x02006884      0xcb0 /Users/jdriselvato/devkitPro/devkitARM/bin/../lib/gcc/arm-none-eabi/5.3.0/../../../../arm-none-eabi/lib/thumb/libg.a(lib_a-vfiprintf.o)
 .text.__sprint_r.part.0
                0x02007534       0x80 /Users/jdriselvato/devkitPro/devkitARM/bin/../lib/gcc/arm-none-eabi/5.3.0/../../../../arm-none-eabi/lib/thumb/libg.a(lib_a-vfiprintf.o)
 .text._vfiprintf_r
                0x020075b4     0x2240 /Users/jdriselvato/devkitPro/devkitARM/bin/../lib/gcc/arm-none-eabi/5.3.0/../../../../arm-none-eabi/lib/thumb/libg.a(lib_a-vfiprintf.o)
                0x020075b4                _vfiprintf_r
 .text.__sbprintf
                0x020097f4       0x8c /Users/jdriselvato/devkitPro/devkitARM/bin/../lib/gcc/arm-none-eabi/5.3.0/../../../../arm-none-eabi/lib/thumb/libg.a(lib_a-vfiprintf.o)
 .text._wcrtomb_r
                0x02009880       0x6c /Users/jdriselvato/devkitPro/devkitARM/bin/../lib/gcc/arm-none-eabi/5.3.0/../../../../arm-none-eabi/lib/thumb/libg.a(lib_a-wcrtomb.o)
                0x02009880                _wcrtomb_r
 .text._wcsrtombs_r
                0x020098ec       0x1c /Users/jdriselvato/devkitPro/devkitARM/bin/../lib/gcc/arm-none-eabi/5.3.0/../../../../arm-none-eabi/lib/thumb/libg.a(lib_a-wcsrtombs.o)
                0x020098ec                _wcsrtombs_r
 .text.__utf8_wctomb
                0x02009908       0xbc /Users/jdriselvato/devkitPro/devkitARM/bin/../lib/gcc/arm-none-eabi/5.3.0/../../../../arm-none-eabi/lib/thumb/libg.a(lib_a-wctomb_r.o)
                0x02009908                __utf8_wctomb
 .text.__swsetup_r
                0x020099c4       0xcc /Users/jdriselvato/devkitPro/devkitARM/bin/../lib/gcc/arm-none-eabi/5.3.0/../../../../arm-none-eabi/lib/thumb/libg.a(lib_a-wsetup.o)
                0x020099c4                __swsetup_r
 .text.__sflush_r
                0x02009a90      0x158 /Users/jdriselvato/devkitPro/devkitARM/bin/../lib/gcc/arm-none-eabi/5.3.0/../../../../arm-none-eabi/lib/thumb/libg.a(lib_a-fflush.o)
                0x02009a90                __sflush_r
 .text._fflush_r
                0x02009be8       0x58 /Users/jdriselvato/devkitPro/devkitARM/bin/../lib/gcc/arm-none-eabi/5.3.0/../../../../arm-none-eabi/lib/thumb/libg.a(lib_a-fflush.o)
                0x02009be8                _fflush_r
 .text._cleanup_r
                0x02009c40       0x14 /Users/jdriselvato/devkitPro/devkitARM/bin/../lib/gcc/arm-none-eabi/5.3.0/../../../../arm-none-eabi/lib/thumb/libg.a(lib_a-findfp.o)
                0x02009c40                _cleanup_r
 .text.std.isra.0
                0x02009c54       0x54 /Users/jdriselvato/devkitPro/devkitARM/bin/../lib/gcc/arm-none-eabi/5.3.0/../../../../arm-none-eabi/lib/thumb/libg.a(lib_a-findfp.o)
 .text.__sinit  0x02009ca8       0x64 /Users/jdriselvato/devkitPro/devkitARM/bin/../lib/gcc/arm-none-eabi/5.3.0/../../../../arm-none-eabi/lib/thumb/libg.a(lib_a-findfp.o)
                0x02009ca8                __sinit
 .text.__sfp_lock_acquire
                0x02009d0c       0x14 /Users/jdriselvato/devkitPro/devkitARM/bin/../lib/gcc/arm-none-eabi/5.3.0/../../../../arm-none-eabi/lib/thumb/libg.a(lib_a-findfp.o)
                0x02009d0c                __sfp_lock_acquire
 .text.__sfp_lock_release
                0x02009d20       0x14 /Users/jdriselvato/devkitPro/devkitARM/bin/../lib/gcc/arm-none-eabi/5.3.0/../../../../arm-none-eabi/lib/thumb/libg.a(lib_a-findfp.o)
                0x02009d20                __sfp_lock_release
 .text.__fputwc
                0x02009d34       0xc0 /Users/jdriselvato/devkitPro/devkitARM/bin/../lib/gcc/arm-none-eabi/5.3.0/../../../../arm-none-eabi/lib/thumb/libg.a(lib_a-fputwc.o)
                0x02009d34                __fputwc
 .text._fputwc_r
                0x02009df4       0x5c /Users/jdriselvato/devkitPro/devkitARM/bin/../lib/gcc/arm-none-eabi/5.3.0/../../../../arm-none-eabi/lib/thumb/libg.a(lib_a-fputwc.o)
                0x02009df4                _fputwc_r
 .text._malloc_trim_r
                0x02009e50       0xa4 /Users/jdriselvato/devkitPro/devkitARM/bin/../lib/gcc/arm-none-eabi/5.3.0/../../../../arm-none-eabi/lib/thumb/libg.a(lib_a-freer.o)
                0x02009e50                _malloc_trim_r
 .text._free_r  0x02009ef4      0x1c8 /Users/jdriselvato/devkitPro/devkitARM/bin/../lib/gcc/arm-none-eabi/5.3.0/../../../../arm-none-eabi/lib/thumb/libg.a(lib_a-freer.o)
                0x02009ef4                _free_r
 .text.__sfvwrite_r
                0x0200a0bc      0x340 /Users/jdriselvato/devkitPro/devkitARM/bin/../lib/gcc/arm-none-eabi/5.3.0/../../../../arm-none-eabi/lib/thumb/libg.a(lib_a-fvwrite.o)
                0x0200a0bc                __sfvwrite_r
 .text._fwalk_reent
                0x0200a3fc       0x54 /Users/jdriselvato/devkitPro/devkitARM/bin/../lib/gcc/arm-none-eabi/5.3.0/../../../../arm-none-eabi/lib/thumb/libg.a(lib_a-fwalk.o)
                0x0200a3fc                _fwalk_reent
 .text.iswspace
                0x0200a450       0x78 /Users/jdriselvato/devkitPro/devkitARM/bin/../lib/gcc/arm-none-eabi/5.3.0/../../../../arm-none-eabi/lib/thumb/libg.a(lib_a-iswspace.o)
                0x0200a450                iswspace
 .text.__jp2uc  0x0200a4c8      0x188 /Users/jdriselvato/devkitPro/devkitARM/bin/../lib/gcc/arm-none-eabi/5.3.0/../../../../arm-none-eabi/lib/thumb/libg.a(lib_a-jp2uc.o)
 .text._jp2uc   0x0200a650       0x64 /Users/jdriselvato/devkitPro/devkitARM/bin/../lib/gcc/arm-none-eabi/5.3.0/../../../../arm-none-eabi/lib/thumb/libg.a(lib_a-jp2uc.o)
                0x0200a650                _jp2uc
 .text.__locale_charset
                0x0200a6b4        0x8 /Users/jdriselvato/devkitPro/devkitARM/bin/../lib/gcc/arm-none-eabi/5.3.0/../../../../arm-none-eabi/lib/thumb/libg.a(lib_a-locale.o)
                0x0200a6b4                __locale_charset
 .text.__locale_mb_cur_max
                0x0200a6bc        0xc /Users/jdriselvato/devkitPro/devkitARM/bin/../lib/gcc/arm-none-eabi/5.3.0/../../../../arm-none-eabi/lib/thumb/libg.a(lib_a-locale.o)
                0x0200a6bc                __locale_mb_cur_max
 .text._localeconv_r
                0x0200a6c8        0x8 /Users/jdriselvato/devkitPro/devkitARM/bin/../lib/gcc/arm-none-eabi/5.3.0/../../../../arm-none-eabi/lib/thumb/libg.a(lib_a-locale.o)
                0x0200a6c8                _localeconv_r
 .text.__smakebuf_r
                0x0200a6d0       0xf4 /Users/jdriselvato/devkitPro/devkitARM/bin/../lib/gcc/arm-none-eabi/5.3.0/../../../../arm-none-eabi/lib/thumb/libg.a(lib_a-makebuf.o)
                0x0200a6d0                __smakebuf_r
 .text._mbrtowc_r
                0x0200a7c4       0x7c /Users/jdriselvato/devkitPro/devkitARM/bin/../lib/gcc/arm-none-eabi/5.3.0/../../../../arm-none-eabi/lib/thumb/libg.a(lib_a-mbrtowc.o)
                0x0200a7c4                _mbrtowc_r
 .text.__utf8_mbtowc
                0x0200a840      0x2cc /Users/jdriselvato/devkitPro/devkitARM/bin/../lib/gcc/arm-none-eabi/5.3.0/../../../../arm-none-eabi/lib/thumb/libg.a(lib_a-mbtowc_r.o)
                0x0200a840                __utf8_mbtowc
 .text.memchr   0x0200ab0c       0x90 /Users/jdriselvato/devkitPro/devkitARM/bin/../lib/gcc/arm-none-eabi/5.3.0/../../../../arm-none-eabi/lib/thumb/libg.a(lib_a-memchr.o)
                0x0200ab0c                memchr
 .text.memmove  0x0200ab9c       0x9c /Users/jdriselvato/devkitPro/devkitARM/bin/../lib/gcc/arm-none-eabi/5.3.0/../../../../arm-none-eabi/lib/thumb/libg.a(lib_a-memmove.o)
                0x0200ab9c                memmove
 .text.__sccl   0x0200ac38       0x7c /Users/jdriselvato/devkitPro/devkitARM/bin/../lib/gcc/arm-none-eabi/5.3.0/../../../../arm-none-eabi/lib/thumb/libg.a(lib_a-sccl.o)
                0x0200ac38                __sccl
 .text.strchr   0x0200acb4       0xdc /Users/jdriselvato/devkitPro/devkitARM/bin/../lib/gcc/arm-none-eabi/5.3.0/../../../../arm-none-eabi/lib/thumb/libg.a(lib_a-strchr.o)
                0x0200acb4                strchr
 .text.strncmp  0x0200ad90       0x94 /Users/jdriselvato/devkitPro/devkitARM/bin/../lib/gcc/arm-none-eabi/5.3.0/../../../../arm-none-eabi/lib/thumb/libg.a(lib_a-strncmp.o)
                0x0200ad90                strncmp
 .text.strncpy  0x0200ae24       0x7c /Users/jdriselvato/devkitPro/devkitARM/bin/../lib/gcc/arm-none-eabi/5.3.0/../../../../arm-none-eabi/lib/thumb/libg.a(lib_a-strncpy.o)
                0x0200ae24                strncpy
 .text._strtol_r
                0x0200aea0      0x178 /Users/jdriselvato/devkitPro/devkitARM/bin/../lib/gcc/arm-none-eabi/5.3.0/../../../../arm-none-eabi/lib/thumb/libg.a(lib_a-strtol.o)
                0x0200aea0                _strtol_r
 .text._strtoll_r
                0x0200b018      0x1e8 /Users/jdriselvato/devkitPro/devkitARM/bin/../lib/gcc/arm-none-eabi/5.3.0/../../../../arm-none-eabi/lib/thumb/libg.a(lib_a-strtoll_r.o)
                0x0200b018                _strtoll_r
 .text._strtoul_r
                0x0200b200      0x17c /Users/jdriselvato/devkitPro/devkitARM/bin/../lib/gcc/arm-none-eabi/5.3.0/../../../../arm-none-eabi/lib/thumb/libg.a(lib_a-strtoul.o)
                0x0200b200                _strtoul_r
 .text._strtoull_r
                0x0200b37c      0x1ec /Users/jdriselvato/devkitPro/devkitARM/bin/../lib/gcc/arm-none-eabi/5.3.0/../../../../arm-none-eabi/lib/thumb/libg.a(lib_a-strtoull_r.o)
                0x0200b37c                _strtoull_r
 .text.__swbuf_r
                0x0200b568       0xb8 /Users/jdriselvato/devkitPro/devkitARM/bin/../lib/gcc/arm-none-eabi/5.3.0/../../../../arm-none-eabi/lib/thumb/libg.a(lib_a-wbuf.o)
                0x0200b568                __swbuf_r
 .text._wcsnrtombs_r
                0x0200b620      0x118 /Users/jdriselvato/devkitPro/devkitARM/bin/../lib/gcc/arm-none-eabi/5.3.0/../../../../arm-none-eabi/lib/thumb/libg.a(lib_a-wcsnrtombs.o)
                0x0200b620                _wcsnrtombs_r
 .text._fclose_r
                0x0200b738       0xb4 /Users/jdriselvato/devkitPro/devkitARM/bin/../lib/gcc/arm-none-eabi/5.3.0/../../../../arm-none-eabi/lib/thumb/libg.a(lib_a-fclose.o)
                0x0200b738                _fclose_r
 .text.__errno  0x0200b7ec        0xc /Users/jdriselvato/devkitPro/devkitARM/bin/../lib/gcc/arm-none-eabi/5.3.0/../../../../arm-none-eabi/lib/thumb/libg.a(lib_a-errno.o)
                0x0200b7ec                __errno
 .text.__errno.__stub
                0x0200b7f8       0x88 linker stubs
 *(.stub)
 *(.gnu.warning)
 *(.gnu.linkonce.t*)
 *(.glue_7)
 .glue_7        0x0200b890        0x0 linker stubs
 *(.glue_7t)
 .glue_7t       0x0200b890        0x0 linker stubs
                0x0200b890                . = ALIGN (0x4)

.vfp11_veneer   0x0200b890        0x0
 .vfp11_veneer  0x0200b890        0x0 linker stubs

.v4_bx          0x0200b890        0x0
 .v4_bx         0x0200b890        0x0 linker stubs

.iplt           0x0200b890        0x0
 .iplt          0x0200b890        0x0 /Users/jdriselvato/devkitPro/devkitARM/bin/../lib/gcc/arm-none-eabi/5.3.0/../../../../arm-none-eabi/lib/thumb/ds_arm9_crt0.o

.fini           0x0200b890        0xc
 *(.fini)
 .fini          0x0200b890        0x4 /Users/jdriselvato/devkitPro/devkitARM/bin/../lib/gcc/arm-none-eabi/5.3.0/thumb/crti.o
                0x0200b890                _fini
 .fini          0x0200b894        0x8 /Users/jdriselvato/devkitPro/devkitARM/bin/../lib/gcc/arm-none-eabi/5.3.0/thumb/crtn.o
                0x0200b89c                __text_end = .

.rodata         0x0200b89c     0x6d00
 *(.rodata)
 .rodata        0x0200b89c      0x308 /Users/jdriselvato/devkitPro/libnds/lib/libnds9.a(trig.o)
                0x0200b89c                SIN_LUT
                0x0200b9a0                TAN_LUT
 .rodata        0x0200bba4      0x20c /Users/jdriselvato/devkitPro/libnds/lib/libnds9.a(console.o)
 .rodata        0x0200bdb0     0x2004 /Users/jdriselvato/devkitPro/libnds/lib/libnds9.a(default_font.bin.o)
                0x0200bdb0                default_font_bin
                0x0200ddb0                default_font_bin_end
                0x0200ddb0                default_font_bin_size
 .rodata        0x0200ddb4       0x68 /Users/jdriselvato/devkitPro/devkitARM/bin/../lib/gcc/arm-none-eabi/5.3.0/../../../../arm-none-eabi/lib/thumb/libsysbase.a(iosupport.o)
                0x0200ddb4                dotab_stdnull
 *all.rodata*(*)
 *(.roda)
 *(.rodata.*)
 .rodata.str1.4
                0x0200de1c       0x1c template.o
 .rodata.str1.4
                0x0200de38       0x4c /Users/jdriselvato/devkitPro/libnds/lib/libnds9.a(console.o)
 .rodata.__ssvfiscanf_r
                0x0200de84      0x324 /Users/jdriselvato/devkitPro/devkitARM/bin/../lib/gcc/arm-none-eabi/5.3.0/../../../../arm-none-eabi/lib/thumb/libg.a(lib_a-svfiscanf.o)
 .rodata.basefix.6493
                0x0200e1a8       0x24 /Users/jdriselvato/devkitPro/devkitARM/bin/../lib/gcc/arm-none-eabi/5.3.0/../../../../arm-none-eabi/lib/thumb/libg.a(lib_a-svfiscanf.o)
 .rodata.get_arg
                0x0200e1cc      0x914 /Users/jdriselvato/devkitPro/devkitARM/bin/../lib/gcc/arm-none-eabi/5.3.0/../../../../arm-none-eabi/lib/thumb/libg.a(lib_a-vfiprintf.o)
 .rodata._vfiprintf_r
                0x0200eae0      0x16c /Users/jdriselvato/devkitPro/devkitARM/bin/../lib/gcc/arm-none-eabi/5.3.0/../../../../arm-none-eabi/lib/thumb/libg.a(lib_a-vfiprintf.o)
 .rodata.blanks.7113
                0x0200ec4c       0x10 /Users/jdriselvato/devkitPro/devkitARM/bin/../lib/gcc/arm-none-eabi/5.3.0/../../../../arm-none-eabi/lib/thumb/libg.a(lib_a-vfiprintf.o)
 .rodata.str1.4
                0x0200ec5c       0x2f /Users/jdriselvato/devkitPro/devkitARM/bin/../lib/gcc/arm-none-eabi/5.3.0/../../../../arm-none-eabi/lib/thumb/libg.a(lib_a-vfiprintf.o)
                                 0x30 (size before relaxing)
 *fill*         0x0200ec8b        0x1 ff
 .rodata.zeroes.7114
                0x0200ec8c       0x10 /Users/jdriselvato/devkitPro/devkitARM/bin/../lib/gcc/arm-none-eabi/5.3.0/../../../../arm-none-eabi/lib/thumb/libg.a(lib_a-vfiprintf.o)
 .rodata._ctype_
                0x0200ec9c      0x104 /Users/jdriselvato/devkitPro/devkitARM/bin/../lib/gcc/arm-none-eabi/5.3.0/../../../../arm-none-eabi/lib/thumb/libg.a(lib_a-ctype_.o)
                0x0200ec9c                _ctype_
 .rodata.str1.4
                0x0200eda0        0x2 /Users/jdriselvato/devkitPro/devkitARM/bin/../lib/gcc/arm-none-eabi/5.3.0/../../../../arm-none-eabi/lib/thumb/libg.a(lib_a-impure.o)
                                  0x4 (size before relaxing)
 *fill*         0x0200eda2        0x2 ff
 .rodata.__jp2uc
                0x0200eda4       0x20 /Users/jdriselvato/devkitPro/devkitARM/bin/../lib/gcc/arm-none-eabi/5.3.0/../../../../arm-none-eabi/lib/thumb/libg.a(lib_a-jp2uc.o)
 .rodata.a1     0x0200edc4       0xbc /Users/jdriselvato/devkitPro/devkitARM/bin/../lib/gcc/arm-none-eabi/5.3.0/../../../../arm-none-eabi/lib/thumb/libg.a(lib_a-jp2uc.o)
 .rodata.a2     0x0200ee80       0xbc /Users/jdriselvato/devkitPro/devkitARM/bin/../lib/gcc/arm-none-eabi/5.3.0/../../../../arm-none-eabi/lib/thumb/libg.a(lib_a-jp2uc.o)
 .rodata.a3     0x0200ef3c       0x5c /Users/jdriselvato/devkitPro/devkitARM/bin/../lib/gcc/arm-none-eabi/5.3.0/../../../../arm-none-eabi/lib/thumb/libg.a(lib_a-jp2uc.o)
 .rodata.a6     0x0200ef98       0x70 /Users/jdriselvato/devkitPro/devkitARM/bin/../lib/gcc/arm-none-eabi/5.3.0/../../../../arm-none-eabi/lib/thumb/libg.a(lib_a-jp2uc.o)
 .rodata.a7     0x0200f008       0xa4 /Users/jdriselvato/devkitPro/devkitARM/bin/../lib/gcc/arm-none-eabi/5.3.0/../../../../arm-none-eabi/lib/thumb/libg.a(lib_a-jp2uc.o)
 .rodata.a8     0x0200f0ac       0x40 /Users/jdriselvato/devkitPro/devkitARM/bin/../lib/gcc/arm-none-eabi/5.3.0/../../../../arm-none-eabi/lib/thumb/libg.a(lib_a-jp2uc.o)
 .rodata.str1.4
                0x0200f0ec       0x12 /Users/jdriselvato/devkitPro/devkitARM/bin/../lib/gcc/arm-none-eabi/5.3.0/../../../../arm-none-eabi/lib/thumb/libg.a(lib_a-jp2uc.o)
                                 0x14 (size before relaxing)
 *fill*         0x0200f0fe        0x2 ff
 .rodata.b02cf  0x0200f100     0x172c /Users/jdriselvato/devkitPro/devkitARM/bin/../lib/gcc/arm-none-eabi/5.3.0/../../../../arm-none-eabi/lib/thumb/libg.a(lib_a-jp2uc.o)
 .rodata.d02f4  0x0201082c     0x1a7c /Users/jdriselvato/devkitPro/devkitARM/bin/../lib/gcc/arm-none-eabi/5.3.0/../../../../arm-none-eabi/lib/thumb/libg.a(lib_a-jp2uc.o)
 .rodata.str1.4
                0x020122a8      0x112 /Users/jdriselvato/devkitPro/devkitARM/bin/../lib/gcc/arm-none-eabi/5.3.0/../../../../arm-none-eabi/lib/thumb/libg.a(lib_a-locale.o)
                                0x130 (size before relaxing)
 .rodata.str1.4
                0x020123ba        0x4 /Users/jdriselvato/devkitPro/devkitARM/bin/../lib/gcc/arm-none-eabi/5.3.0/../../../../arm-none-eabi/lib/thumb/libg.a(lib_a-mbrtowc.o)
 *fill*         0x020123ba        0x2 ff
 .rodata.__state_table
                0x020123bc       0x6c /Users/jdriselvato/devkitPro/devkitARM/bin/../lib/gcc/arm-none-eabi/5.3.0/../../../../arm-none-eabi/lib/thumb/libg.a(lib_a-svfiprintf.o)
                0x020123bc                __state_table
 .rodata.__chclass
                0x02012428      0x100 /Users/jdriselvato/devkitPro/devkitARM/bin/../lib/gcc/arm-none-eabi/5.3.0/../../../../arm-none-eabi/lib/thumb/libg.a(lib_a-svfiprintf.o)
                0x02012428                __chclass
 .rodata.__action_table
                0x02012528       0x6c /Users/jdriselvato/devkitPro/devkitARM/bin/../lib/gcc/arm-none-eabi/5.3.0/../../../../arm-none-eabi/lib/thumb/libg.a(lib_a-svfiprintf.o)
                0x02012528                __action_table
 .rodata.str1.4
                0x02012594        0x8 /Users/jdriselvato/devkitPro/devkitARM/bin/../lib/gcc/arm-none-eabi/5.3.0/../../../../arm-none-eabi/lib/thumb/libsysbase.a(iosupport.o)
 *(.gnu.linkonce.r*)
                0x0201259c                . = ALIGN (0x4)

.ARM.extab
 *(.ARM.extab* .gnu.linkonce.armextab.*)
                0x0201259c                __exidx_start = .

ARM.exidx
 *(.ARM.exidx* .gnu.linkonce.armexidx.*)
                0x0201259c                __exidx_end = .
                0x0201259c                . = ALIGN (0x4)
                0x0201259c                PROVIDE (__preinit_array_start, .)

.preinit_array
 *(.preinit_array)
                0x0201259c                PROVIDE (__preinit_array_end, .)
                0x0201259c                PROVIDE (__init_array_start, .)

.init_array     0x0201259c        0x4
 *(SORT(.init_array.*))
 *(.init_array)
 .init_array    0x0201259c        0x4 /Users/jdriselvato/devkitPro/devkitARM/bin/../lib/gcc/arm-none-eabi/5.3.0/thumb/crtbegin.o
                0x020125a0                PROVIDE (__init_array_end, .)
                [!provide]                PROVIDE (__fini_array_start, .)

.fini_array     0x020125a0        0x4
 *(.fini_array)
 .fini_array    0x020125a0        0x4 /Users/jdriselvato/devkitPro/devkitARM/bin/../lib/gcc/arm-none-eabi/5.3.0/thumb/crtbegin.o
 *(SORT(.fini_array.*))
                [!provide]                PROVIDE (__fini_array_end, .)

.ctors          0x020125a4        0x0
 *crtbegin.o(.ctors)
 *(EXCLUDE_FILE(*crtend.o) .ctors)
 *(SORT(.ctors.*))
 *(.ctors)
                0x020125a4                . = ALIGN (0x4)

.dtors          0x020125a4        0x0
 *crtbegin.o(.dtors)
 *(EXCLUDE_FILE(*crtend.o) .dtors)
 *(SORT(.dtors.*))
 *(.dtors)
                0x020125a4                . = ALIGN (0x4)

.eh_frame       0x020125a4       0x48
 *(.eh_frame)
 .eh_frame      0x020125a4        0x0 /Users/jdriselvato/devkitPro/devkitARM/bin/../lib/gcc/arm-none-eabi/5.3.0/thumb/crtbegin.o
 .eh_frame      0x020125a4       0x44 /Users/jdriselvato/devkitPro/devkitARM/bin/../lib/gcc/arm-none-eabi/5.3.0/../../../../arm-none-eabi/lib/thumb/libg.a(lib_a-strcmp.o)
 .eh_frame      0x020125e8        0x4 /Users/jdriselvato/devkitPro/devkitARM/bin/../lib/gcc/arm-none-eabi/5.3.0/thumb/crtend.o
                0x020125ec                . = ALIGN (0x4)

.rel.dyn        0x020125ec        0x0
 .rel.iplt      0x020125ec        0x0 /Users/jdriselvato/devkitPro/devkitARM/bin/../lib/gcc/arm-none-eabi/5.3.0/../../../../arm-none-eabi/lib/thumb/ds_arm9_crt0.o

.gcc_except_table
                0x020125ec        0x0
 *(.gcc_except_table)
                0x020125ec                . = ALIGN (0x4)

.jcr            0x020125ec        0x4
 *(.jcr)
 .jcr           0x020125ec        0x0 /Users/jdriselvato/devkitPro/devkitARM/bin/../lib/gcc/arm-none-eabi/5.3.0/thumb/crtbegin.o
 .jcr           0x020125ec        0x4 /Users/jdriselvato/devkitPro/devkitARM/bin/../lib/gcc/arm-none-eabi/5.3.0/thumb/crtend.o

.got
 *(.got.plt)
 *(.got)
 *(.rel.got)

.ewram          0x020125f0        0x0
                0x020125f0                __ewram_start = ABSOLUTE (.)
 *(.ewram)
 *ewram.*(.text)
                0x020125f0                . = ALIGN (0x4)

.data           0x020125f0     0x1a54
                0x020125f0                __data_start = ABSOLUTE (.)
 *(.data)
 .data          0x020125f0        0x3 /Users/jdriselvato/devkitPro/libnds/lib/libnds9.a(keys.o)
 *fill*         0x020125f3        0x1 ff
 .data          0x020125f4       0x30 /Users/jdriselvato/devkitPro/libnds/lib/libnds9.a(sprite.o)
                0x020125f4                oamMain
                0x0201260c                oamSub
 .data          0x02012624       0x64 /Users/jdriselvato/devkitPro/libnds/lib/libnds9.a(console.o)
                0x02012624                currentConsole
                0x02012628                defaultConsole
 .data          0x02012688       0x60 /Users/jdriselvato/devkitPro/libnds/lib/libnds9.a(background.o)
                0x02012688                bgScrollTable
                0x020126a8                bgTransform
                0x020126c8                bgControl
 .data          0x020126e8       0x10 /Users/jdriselvato/devkitPro/libnds/lib/libnds9.a(fifosystem.o)
                0x020126e8                fifo_buffer_free
                0x020126ec                fifo_freewords
                0x020126f0                fifo_send_queue
                0x020126f4                fifo_receive_queue
 .data          0x020126f8       0x44 /Users/jdriselvato/devkitPro/devkitARM/bin/../lib/gcc/arm-none-eabi/5.3.0/../../../../arm-none-eabi/lib/thumb/libsysbase.a(iosupport.o)
                0x020126fc                devoptab_list
 .data          0x0201273c     0x1028 /Users/jdriselvato/devkitPro/devkitARM/bin/../lib/gcc/arm-none-eabi/5.3.0/../../../../arm-none-eabi/lib/thumb/libsysbase.a(handle_manager.o)
 *(.data.*)
 .data.__malloc_av_
                0x02013764      0x408 /Users/jdriselvato/devkitPro/devkitARM/bin/../lib/gcc/arm-none-eabi/5.3.0/../../../../arm-none-eabi/lib/thumb/libg.a(lib_a-mallocr.o)
                0x02013764                __malloc_av_
 .data.__malloc_trim_threshold
                0x02013b6c        0x4 /Users/jdriselvato/devkitPro/devkitARM/bin/../lib/gcc/arm-none-eabi/5.3.0/../../../../arm-none-eabi/lib/thumb/libg.a(lib_a-mallocr.o)
                0x02013b6c                __malloc_trim_threshold
 .data.__malloc_sbrk_base
                0x02013b70        0x4 /Users/jdriselvato/devkitPro/devkitARM/bin/../lib/gcc/arm-none-eabi/5.3.0/../../../../arm-none-eabi/lib/thumb/libg.a(lib_a-mallocr.o)
                0x02013b70                __malloc_sbrk_base
 .data.__malloc_lock_object
                0x02013b74        0xc /Users/jdriselvato/devkitPro/devkitARM/bin/../lib/gcc/arm-none-eabi/5.3.0/../../../../arm-none-eabi/lib/thumb/libg.a(lib_a-mlock.o)
 .data.__wctomb
                0x02013b80        0x4 /Users/jdriselvato/devkitPro/devkitARM/bin/../lib/gcc/arm-none-eabi/5.3.0/../../../../arm-none-eabi/lib/thumb/libg.a(lib_a-wctomb_r.o)
                0x02013b80                __wctomb
 .data.__ctype_ptr__
                0x02013b84        0x4 /Users/jdriselvato/devkitPro/devkitARM/bin/../lib/gcc/arm-none-eabi/5.3.0/../../../../arm-none-eabi/lib/thumb/libg.a(lib_a-ctype_.o)
                0x02013b84                __ctype_ptr__
 .data.__sfp_lock
                0x02013b88        0xc /Users/jdriselvato/devkitPro/devkitARM/bin/../lib/gcc/arm-none-eabi/5.3.0/../../../../arm-none-eabi/lib/thumb/libg.a(lib_a-findfp.o)
 .data.__sinit_lock
                0x02013b94        0xc /Users/jdriselvato/devkitPro/devkitARM/bin/../lib/gcc/arm-none-eabi/5.3.0/../../../../arm-none-eabi/lib/thumb/libg.a(lib_a-findfp.o)
 .data.impure_data
                0x02013ba0      0x440 /Users/jdriselvato/devkitPro/devkitARM/bin/../lib/gcc/arm-none-eabi/5.3.0/../../../../arm-none-eabi/lib/thumb/libg.a(lib_a-impure.o)
 .data._impure_ptr
                0x02013fe0        0x4 /Users/jdriselvato/devkitPro/devkitARM/bin/../lib/gcc/arm-none-eabi/5.3.0/../../../../arm-none-eabi/lib/thumb/libg.a(lib_a-impure.o)
                0x02013fe0                _impure_ptr
 .data.lconv    0x02013fe4       0x38 /Users/jdriselvato/devkitPro/devkitARM/bin/../lib/gcc/arm-none-eabi/5.3.0/../../../../arm-none-eabi/lib/thumb/libg.a(lib_a-locale.o)
 .data.lc_ctype_charset
                0x0201401c       0x20 /Users/jdriselvato/devkitPro/devkitARM/bin/../lib/gcc/arm-none-eabi/5.3.0/../../../../arm-none-eabi/lib/thumb/libg.a(lib_a-locale.o)
 .data.__mb_cur_max
                0x0201403c        0x4 /Users/jdriselvato/devkitPro/devkitARM/bin/../lib/gcc/arm-none-eabi/5.3.0/../../../../arm-none-eabi/lib/thumb/libg.a(lib_a-locale.o)
                0x0201403c                __mb_cur_max
 .data.__mbtowc
                0x02014040        0x4 /Users/jdriselvato/devkitPro/devkitARM/bin/../lib/gcc/arm-none-eabi/5.3.0/../../../../arm-none-eabi/lib/thumb/libg.a(lib_a-mbtowc_r.o)
                0x02014040                __mbtowc
 *(.gnu.linkonce.d*)
                0x02014044                . = ALIGN (0x4)
                0x02014044                __data_end = ABSOLUTE (.)
                0x02014044                __dtcm_lma = .
                0x02014044                __bss_vma = .

.igot.plt       0x02014044        0x0
 .igot.plt      0x02014044        0x0 /Users/jdriselvato/devkitPro/devkitARM/bin/../lib/gcc/arm-none-eabi/5.3.0/../../../../arm-none-eabi/lib/thumb/ds_arm9_crt0.o

.tm_clone_table
                0x02014044        0x0
 .tm_clone_table
                0x02014044        0x0 /Users/jdriselvato/devkitPro/devkitARM/bin/../lib/gcc/arm-none-eabi/5.3.0/thumb/crtbegin.o
 .tm_clone_table
                0x02014044        0x0 /Users/jdriselvato/devkitPro/devkitARM/bin/../lib/gcc/arm-none-eabi/5.3.0/thumb/crtend.o

.dtcm           0x0b000000        0x0 load address 0x02014044
 *(.dtcm)
 *(.dtcm.*)
                0x0b000000                . = ALIGN (0x4)
                0x0b000000                __dtcm_end = ABSOLUTE (.)
                0x02014044                __itcm_lma = (__dtcm_lma + SIZEOF (.dtcm))

.itcm           0x01000100      0x194 load address 0x02014044
 *(.itcm)
 .itcm          0x01000100       0xc8 /Users/jdriselvato/devkitPro/libnds/lib/libnds9.a(interrupts.o)
                0x01000100                irqTable
 .itcm          0x010001c8       0xcc /Users/jdriselvato/devkitPro/libnds/lib/libnds9.a(interruptDispatcher.o)
                0x010001c8                IntrMain
 *itcm.*(.text)
                0x01000294                . = ALIGN (0x4)
                0x01000294                __itcm_end = ABSOLUTE (.)
                0x020141d8                __vectors_lma = (__itcm_lma + SIZEOF (.itcm))

.vectors        0x01000000        0x0 load address 0x020141d8
 *(.vectors)
 *vectors.*(.text)
                0x01000000                . = ALIGN (0x4)
                0x01000000                __vectors_end = ABSOLUTE (.)

.sbss           0x0b000000        0x0
                0x0b000000                __sbss_start = ABSOLUTE (.)
                0x0b000000                __sbss_start__ = ABSOLUTE (.)
 *(.sbss)
                0x0b000000                . = ALIGN (0x4)
                0x0b000000                __sbss_end = ABSOLUTE (.)

.bss            0x02014044     0x1494
                0x02014044                __bss_start = ABSOLUTE (.)
                0x02014044                __bss_start__ = ABSOLUTE (.)
 *(.dynbss)
 *(.gnu.linkonce.b*)
 *(.bss*)
 .bss           0x02014044       0x1c /Users/jdriselvato/devkitPro/devkitARM/bin/../lib/gcc/arm-none-eabi/5.3.0/thumb/crtbegin.o
 .bss           0x02014060        0x6 /Users/jdriselvato/devkitPro/libnds/lib/libnds9.a(keys.o)
 *fill*         0x02014066        0x2 
 .bss           0x02014068        0x8 /Users/jdriselvato/devkitPro/libnds/lib/libnds9.a(fifosystem.o)
                0x0201406c                processing
 .bss           0x02014070        0x4 /Users/jdriselvato/devkitPro/libnds/lib/libnds9.a(system.o)
 .bss.__malloc_max_total_mem
                0x02014074        0x4 /Users/jdriselvato/devkitPro/devkitARM/bin/../lib/gcc/arm-none-eabi/5.3.0/../../../../arm-none-eabi/lib/thumb/libg.a(lib_a-mallocr.o)
                0x02014074                __malloc_max_total_mem
 .bss.__malloc_max_sbrked_mem
                0x02014078        0x4 /Users/jdriselvato/devkitPro/devkitARM/bin/../lib/gcc/arm-none-eabi/5.3.0/../../../../arm-none-eabi/lib/thumb/libg.a(lib_a-mallocr.o)
                0x02014078                __malloc_max_sbrked_mem
 .bss.__malloc_top_pad
                0x0201407c        0x4 /Users/jdriselvato/devkitPro/devkitARM/bin/../lib/gcc/arm-none-eabi/5.3.0/../../../../arm-none-eabi/lib/thumb/libg.a(lib_a-mallocr.o)
                0x0201407c                __malloc_top_pad
 .bss.__malloc_current_mallinfo
                0x02014080       0x28 /Users/jdriselvato/devkitPro/devkitARM/bin/../lib/gcc/arm-none-eabi/5.3.0/../../../../arm-none-eabi/lib/thumb/libg.a(lib_a-mallocr.o)
                0x02014080                __malloc_current_mallinfo
 .bss           0x020140a8        0x4 /Users/jdriselvato/devkitPro/devkitARM/bin/../lib/gcc/arm-none-eabi/5.3.0/../../../../arm-none-eabi/lib/thumb/libsysbase.a(sbrk.o)
 .bss           0x020140ac        0x8 /Users/jdriselvato/devkitPro/devkitARM/bin/../lib/gcc/arm-none-eabi/5.3.0/../../../../arm-none-eabi/lib/thumb/libsysbase.a(malloc_vars.o)
                0x020140ac                fake_heap_start
                0x020140b0                fake_heap_end
 .bss           0x020140b4       0x38 /Users/jdriselvato/devkitPro/devkitARM/bin/../lib/gcc/arm-none-eabi/5.3.0/../../../../arm-none-eabi/lib/thumb/libsysbase.a(syscall_support.o)
                0x020140b4                __syscalls
 *(COMMON)
 COMMON         0x020140ec      0x800 /Users/jdriselvato/devkitPro/libnds/lib/libnds9.a(sprite.o)
                0x020140ec                OamMemorySub
                0x020144ec                OamMemory
 COMMON         0x020148ec       0x5c /Users/jdriselvato/devkitPro/libnds/lib/libnds9.a(console.o)
                0x020148ec                currentCopy
 COMMON         0x02014948      0x148 /Users/jdriselvato/devkitPro/libnds/lib/libnds9.a(background.o)
                0x02014948                bgState
                0x02014a88                bgIsTextLut
 COMMON         0x02014a90        0x1 /Users/jdriselvato/devkitPro/libnds/lib/libnds9.a(initSystem.o)
                0x02014a90                __dsimode
 *fill*         0x02014a91        0x3 
 COMMON         0x02014a94      0xa40 /Users/jdriselvato/devkitPro/libnds/lib/libnds9.a(fifosystem.o)
                0x02014a94                fifo_datamsg_data
                0x02014ad4                fifo_buffer
                0x020152d4                fifo_value32_func
                0x02015314                fifo_address_func
                0x02015354                fifo_value32_data
                0x02015394                fifo_value32_queue
                0x020153d4                fifo_data_queue
                0x02015414                fifo_address_data
                0x02015454                fifo_datamsg_func
                0x02015494                fifo_address_queue
 COMMON         0x020154d4        0x4 /Users/jdriselvato/devkitPro/libnds/lib/libnds9.a(timeSupport.o)
                0x020154d4                punixTime
                0x020154d8                . = ALIGN (0x4)
                0x020154d8                __bss_end__ = ABSOLUTE (.)
                0x020154d8                __end__ = ABSOLUTE (.)

.stab
 *(.stab)

.stabstr
 *(.stabstr)

.stab.excl
 *(.stab.excl)

.stab.exclstr
 *(.stab.exclstr)

.stab.index
 *(.stab.index)

.stab.indexstr
 *(.stab.indexstr)

.comment        0x00000000       0x44
 *(.comment)
 .comment       0x00000000       0x22 /Users/jdriselvato/devkitPro/devkitARM/bin/../lib/gcc/arm-none-eabi/5.3.0/thumb/crtbegin.o
                                 0x23 (size before relaxing)
 .comment       0x00000022       0x23 template.o
 .comment       0x00000022       0x22 /Users/jdriselvato/devkitPro/libnds/lib/libnds9.a(keys.o)
                                 0x23 (size before relaxing)
 .comment       0x00000044       0x23 /Users/jdriselvato/devkitPro/libnds/lib/libnds9.a(sprite.o)
 .comment       0x00000044       0x23 /Users/jdriselvato/devkitPro/libnds/lib/libnds9.a(trig.o)
 .comment       0x00000044       0x23 /Users/jdriselvato/devkitPro/libnds/lib/libnds9.a(console.o)
 .comment       0x00000044       0x23 /Users/jdriselvato/devkitPro/libnds/lib/libnds9.a(sprite_alloc.o)
 .comment       0x00000044       0x23 /Users/jdriselvato/devkitPro/libnds/lib/libnds9.a(background.o)
 .comment       0x00000044       0x23 /Users/jdriselvato/devkitPro/libnds/lib/libnds9.a(initSystem.o)
 .comment       0x00000044       0x23 /Users/jdriselvato/devkitPro/libnds/lib/libnds9.a(fifosystem.o)
 .comment       0x00000044       0x23 /Users/jdriselvato/devkitPro/libnds/lib/libnds9.a(libnds_exit.arm.o)
 .comment       0x00000044       0x23 /Users/jdriselvato/devkitPro/libnds/lib/libnds9.a(interrupts.o)
 .comment       0x00000044       0x23 /Users/jdriselvato/devkitPro/libnds/lib/libnds9.a(system.o)
 .comment       0x00000044       0x23 /Users/jdriselvato/devkitPro/libnds/lib/libnds9.a(video.o)
 .comment       0x00000044       0x23 /Users/jdriselvato/devkitPro/libnds/lib/libnds9.a(timeSupport.o)
 .comment       0x00000044       0x23 /Users/jdriselvato/devkitPro/devkitARM/bin/../lib/gcc/arm-none-eabi/5.3.0/../../../../arm-none-eabi/lib/thumb/libg.a(lib_a-bsearch.o)
 .comment       0x00000044       0x23 /Users/jdriselvato/devkitPro/devkitARM/bin/../lib/gcc/arm-none-eabi/5.3.0/../../../../arm-none-eabi/lib/thumb/libg.a(lib_a-init.o)
 .comment       0x00000044       0x23 /Users/jdriselvato/devkitPro/devkitARM/bin/../lib/gcc/arm-none-eabi/5.3.0/../../../../arm-none-eabi/lib/thumb/libg.a(lib_a-iprintf.o)
 .comment       0x00000044       0x23 /Users/jdriselvato/devkitPro/devkitARM/bin/../lib/gcc/arm-none-eabi/5.3.0/../../../../arm-none-eabi/lib/thumb/libg.a(lib_a-malloc.o)
 .comment       0x00000044       0x23 /Users/jdriselvato/devkitPro/devkitARM/bin/../lib/gcc/arm-none-eabi/5.3.0/../../../../arm-none-eabi/lib/thumb/libg.a(lib_a-mallocr.o)
 .comment       0x00000044       0x23 /Users/jdriselvato/devkitPro/devkitARM/bin/../lib/gcc/arm-none-eabi/5.3.0/../../../../arm-none-eabi/lib/thumb/libg.a(lib_a-memcpy.o)
 .comment       0x00000044       0x23 /Users/jdriselvato/devkitPro/devkitARM/bin/../lib/gcc/arm-none-eabi/5.3.0/../../../../arm-none-eabi/lib/thumb/libg.a(lib_a-memset.o)
 .comment       0x00000044       0x23 /Users/jdriselvato/devkitPro/devkitARM/bin/../lib/gcc/arm-none-eabi/5.3.0/../../../../arm-none-eabi/lib/thumb/libg.a(lib_a-mlock.o)
 .comment       0x00000044       0x23 /Users/jdriselvato/devkitPro/devkitARM/bin/../lib/gcc/arm-none-eabi/5.3.0/../../../../arm-none-eabi/lib/thumb/libg.a(lib_a-rand.o)
 .comment       0x00000044       0x23 /Users/jdriselvato/devkitPro/devkitARM/bin/../lib/gcc/arm-none-eabi/5.3.0/../../../../arm-none-eabi/lib/thumb/libg.a(lib_a-realloc.o)
 .comment       0x00000044       0x23 /Users/jdriselvato/devkitPro/devkitARM/bin/../lib/gcc/arm-none-eabi/5.3.0/../../../../arm-none-eabi/lib/thumb/libg.a(lib_a-reallocr.o)
 .comment       0x00000044       0x23 /Users/jdriselvato/devkitPro/devkitARM/bin/../lib/gcc/arm-none-eabi/5.3.0/../../../../arm-none-eabi/lib/thumb/libg.a(lib_a-setvbuf.o)
 .comment       0x00000044       0x23 /Users/jdriselvato/devkitPro/devkitARM/bin/../lib/gcc/arm-none-eabi/5.3.0/../../../../arm-none-eabi/lib/thumb/libg.a(lib_a-siscanf.o)
 .comment       0x00000044       0x23 /Users/jdriselvato/devkitPro/devkitARM/bin/../lib/gcc/arm-none-eabi/5.3.0/../../../../arm-none-eabi/lib/thumb/libg.a(lib_a-stdio.o)
 .comment       0x00000044       0x23 /Users/jdriselvato/devkitPro/devkitARM/bin/../lib/gcc/arm-none-eabi/5.3.0/../../../../arm-none-eabi/lib/thumb/libg.a(lib_a-strlen.o)
 .comment       0x00000044       0x23 /Users/jdriselvato/devkitPro/devkitARM/bin/../lib/gcc/arm-none-eabi/5.3.0/../../../../arm-none-eabi/lib/thumb/libg.a(lib_a-svfiscanf.o)
 .comment       0x00000044       0x23 /Users/jdriselvato/devkitPro/devkitARM/bin/../lib/gcc/arm-none-eabi/5.3.0/../../../../arm-none-eabi/lib/thumb/libg.a(lib_a-ungetc.o)
 .comment       0x00000044       0x23 /Users/jdriselvato/devkitPro/devkitARM/bin/../lib/gcc/arm-none-eabi/5.3.0/../../../../arm-none-eabi/lib/thumb/libg.a(lib_a-vfiprintf.o)
 .comment       0x00000044       0x23 /Users/jdriselvato/devkitPro/devkitARM/bin/../lib/gcc/arm-none-eabi/5.3.0/../../../../arm-none-eabi/lib/thumb/libg.a(lib_a-wcrtomb.o)
 .comment       0x00000044       0x23 /Users/jdriselvato/devkitPro/devkitARM/bin/../lib/gcc/arm-none-eabi/5.3.0/../../../../arm-none-eabi/lib/thumb/libg.a(lib_a-wcsrtombs.o)
 .comment       0x00000044       0x23 /Users/jdriselvato/devkitPro/devkitARM/bin/../lib/gcc/arm-none-eabi/5.3.0/../../../../arm-none-eabi/lib/thumb/libg.a(lib_a-wctomb_r.o)
 .comment       0x00000044       0x23 /Users/jdriselvato/devkitPro/devkitARM/bin/../lib/gcc/arm-none-eabi/5.3.0/../../../../arm-none-eabi/lib/thumb/libg.a(lib_a-wsetup.o)
 .comment       0x00000044       0x23 /Users/jdriselvato/devkitPro/devkitARM/bin/../lib/gcc/arm-none-eabi/5.3.0/../../../../arm-none-eabi/lib/thumb/libg.a(lib_a-ctype_.o)
 .comment       0x00000044       0x23 /Users/jdriselvato/devkitPro/devkitARM/bin/../lib/gcc/arm-none-eabi/5.3.0/../../../../arm-none-eabi/lib/thumb/libg.a(lib_a-fflush.o)
 .comment       0x00000044       0x23 /Users/jdriselvato/devkitPro/devkitARM/bin/../lib/gcc/arm-none-eabi/5.3.0/../../../../arm-none-eabi/lib/thumb/libg.a(lib_a-findfp.o)
 .comment       0x00000044       0x23 /Users/jdriselvato/devkitPro/devkitARM/bin/../lib/gcc/arm-none-eabi/5.3.0/../../../../arm-none-eabi/lib/thumb/libg.a(lib_a-fputwc.o)
 .comment       0x00000044       0x23 /Users/jdriselvato/devkitPro/devkitARM/bin/../lib/gcc/arm-none-eabi/5.3.0/../../../../arm-none-eabi/lib/thumb/libg.a(lib_a-freer.o)
 .comment       0x00000044       0x23 /Users/jdriselvato/devkitPro/devkitARM/bin/../lib/gcc/arm-none-eabi/5.3.0/../../../../arm-none-eabi/lib/thumb/libg.a(lib_a-fvwrite.o)
 .comment       0x00000044       0x23 /Users/jdriselvato/devkitPro/devkitARM/bin/../lib/gcc/arm-none-eabi/5.3.0/../../../../arm-none-eabi/lib/thumb/libg.a(lib_a-fwalk.o)
 .comment       0x00000044       0x23 /Users/jdriselvato/devkitPro/devkitARM/bin/../lib/gcc/arm-none-eabi/5.3.0/../../../../arm-none-eabi/lib/thumb/libg.a(lib_a-impure.o)
 .comment       0x00000044       0x23 /Users/jdriselvato/devkitPro/devkitARM/bin/../lib/gcc/arm-none-eabi/5.3.0/../../../../arm-none-eabi/lib/thumb/libg.a(lib_a-iswspace.o)
 .comment       0x00000044       0x23 /Users/jdriselvato/devkitPro/devkitARM/bin/../lib/gcc/arm-none-eabi/5.3.0/../../../../arm-none-eabi/lib/thumb/libg.a(lib_a-jp2uc.o)
 .comment       0x00000044       0x23 /Users/jdriselvato/devkitPro/devkitARM/bin/../lib/gcc/arm-none-eabi/5.3.0/../../../../arm-none-eabi/lib/thumb/libg.a(lib_a-locale.o)
 .comment       0x00000044       0x23 /Users/jdriselvato/devkitPro/devkitARM/bin/../lib/gcc/arm-none-eabi/5.3.0/../../../../arm-none-eabi/lib/thumb/libg.a(lib_a-makebuf.o)
 .comment       0x00000044       0x23 /Users/jdriselvato/devkitPro/devkitARM/bin/../lib/gcc/arm-none-eabi/5.3.0/../../../../arm-none-eabi/lib/thumb/libg.a(lib_a-mbrtowc.o)
 .comment       0x00000044       0x23 /Users/jdriselvato/devkitPro/devkitARM/bin/../lib/gcc/arm-none-eabi/5.3.0/../../../../arm-none-eabi/lib/thumb/libg.a(lib_a-mbtowc_r.o)
 .comment       0x00000044       0x23 /Users/jdriselvato/devkitPro/devkitARM/bin/../lib/gcc/arm-none-eabi/5.3.0/../../../../arm-none-eabi/lib/thumb/libg.a(lib_a-memchr.o)
 .comment       0x00000044       0x23 /Users/jdriselvato/devkitPro/devkitARM/bin/../lib/gcc/arm-none-eabi/5.3.0/../../../../arm-none-eabi/lib/thumb/libg.a(lib_a-memmove.o)
 .comment       0x00000044       0x23 /Users/jdriselvato/devkitPro/devkitARM/bin/../lib/gcc/arm-none-eabi/5.3.0/../../../../arm-none-eabi/lib/thumb/libg.a(lib_a-sccl.o)
 .comment       0x00000044       0x23 /Users/jdriselvato/devkitPro/devkitARM/bin/../lib/gcc/arm-none-eabi/5.3.0/../../../../arm-none-eabi/lib/thumb/libg.a(lib_a-strchr.o)
 .comment       0x00000044       0x23 /Users/jdriselvato/devkitPro/devkitARM/bin/../lib/gcc/arm-none-eabi/5.3.0/../../../../arm-none-eabi/lib/thumb/libg.a(lib_a-strncmp.o)
 .comment       0x00000044       0x23 /Users/jdriselvato/devkitPro/devkitARM/bin/../lib/gcc/arm-none-eabi/5.3.0/../../../../arm-none-eabi/lib/thumb/libg.a(lib_a-strncpy.o)
 .comment       0x00000044       0x23 /Users/jdriselvato/devkitPro/devkitARM/bin/../lib/gcc/arm-none-eabi/5.3.0/../../../../arm-none-eabi/lib/thumb/libg.a(lib_a-strtol.o)
 .comment       0x00000044       0x23 /Users/jdriselvato/devkitPro/devkitARM/bin/../lib/gcc/arm-none-eabi/5.3.0/../../../../arm-none-eabi/lib/thumb/libg.a(lib_a-strtoll_r.o)
 .comment       0x00000044       0x23 /Users/jdriselvato/devkitPro/devkitARM/bin/../lib/gcc/arm-none-eabi/5.3.0/../../../../arm-none-eabi/lib/thumb/libg.a(lib_a-strtoul.o)
 .comment       0x00000044       0x23 /Users/jdriselvato/devkitPro/devkitARM/bin/../lib/gcc/arm-none-eabi/5.3.0/../../../../arm-none-eabi/lib/thumb/libg.a(lib_a-strtoull_r.o)
 .comment       0x00000044       0x23 /Users/jdriselvato/devkitPro/devkitARM/bin/../lib/gcc/arm-none-eabi/5.3.0/../../../../arm-none-eabi/lib/thumb/libg.a(lib_a-svfiprintf.o)
 .comment       0x00000044       0x23 /Users/jdriselvato/devkitPro/devkitARM/bin/../lib/gcc/arm-none-eabi/5.3.0/../../../../arm-none-eabi/lib/thumb/libg.a(lib_a-wbuf.o)
 .comment       0x00000044       0x23 /Users/jdriselvato/devkitPro/devkitARM/bin/../lib/gcc/arm-none-eabi/5.3.0/../../../../arm-none-eabi/lib/thumb/libg.a(lib_a-wcsnrtombs.o)
 .comment       0x00000044       0x23 /Users/jdriselvato/devkitPro/devkitARM/bin/../lib/gcc/arm-none-eabi/5.3.0/../../../../arm-none-eabi/lib/thumb/libg.a(lib_a-fclose.o)
 .comment       0x00000044       0x23 /Users/jdriselvato/devkitPro/devkitARM/bin/../lib/gcc/arm-none-eabi/5.3.0/../../../../arm-none-eabi/lib/thumb/libsysbase.a(iosupport.o)
 .comment       0x00000044       0x23 /Users/jdriselvato/devkitPro/devkitARM/bin/../lib/gcc/arm-none-eabi/5.3.0/../../../../arm-none-eabi/lib/thumb/libsysbase.a(close.o)
 .comment       0x00000044       0x23 /Users/jdriselvato/devkitPro/devkitARM/bin/../lib/gcc/arm-none-eabi/5.3.0/../../../../arm-none-eabi/lib/thumb/libsysbase.a(fstat.o)
 .comment       0x00000044       0x23 /Users/jdriselvato/devkitPro/devkitARM/bin/../lib/gcc/arm-none-eabi/5.3.0/../../../../arm-none-eabi/lib/thumb/libsysbase.a(isatty.o)
 .comment       0x00000044       0x23 /Users/jdriselvato/devkitPro/devkitARM/bin/../lib/gcc/arm-none-eabi/5.3.0/../../../../arm-none-eabi/lib/thumb/libsysbase.a(lseek.o)
 .comment       0x00000044       0x23 /Users/jdriselvato/devkitPro/devkitARM/bin/../lib/gcc/arm-none-eabi/5.3.0/../../../../arm-none-eabi/lib/thumb/libsysbase.a(read.o)
 .comment       0x00000044       0x23 /Users/jdriselvato/devkitPro/devkitARM/bin/../lib/gcc/arm-none-eabi/5.3.0/../../../../arm-none-eabi/lib/thumb/libsysbase.a(sbrk.o)
 .comment       0x00000044       0x23 /Users/jdriselvato/devkitPro/devkitARM/bin/../lib/gcc/arm-none-eabi/5.3.0/../../../../arm-none-eabi/lib/thumb/libsysbase.a(write.o)
 .comment       0x00000044       0x23 /Users/jdriselvato/devkitPro/devkitARM/bin/../lib/gcc/arm-none-eabi/5.3.0/../../../../arm-none-eabi/lib/thumb/libsysbase.a(malloc_vars.o)
 .comment       0x00000044       0x23 /Users/jdriselvato/devkitPro/devkitARM/bin/../lib/gcc/arm-none-eabi/5.3.0/../../../../arm-none-eabi/lib/thumb/libsysbase.a(build_argv.o)
 .comment       0x00000044       0x23 /Users/jdriselvato/devkitPro/devkitARM/bin/../lib/gcc/arm-none-eabi/5.3.0/../../../../arm-none-eabi/lib/thumb/libsysbase.a(flock.o)
 .comment       0x00000044       0x23 /Users/jdriselvato/devkitPro/devkitARM/bin/../lib/gcc/arm-none-eabi/5.3.0/../../../../arm-none-eabi/lib/thumb/libsysbase.a(syscall_support.o)
 .comment       0x00000044       0x23 /Users/jdriselvato/devkitPro/devkitARM/bin/../lib/gcc/arm-none-eabi/5.3.0/../../../../arm-none-eabi/lib/thumb/libsysbase.a(handle_manager.o)
 .comment       0x00000044       0x23 /Users/jdriselvato/devkitPro/devkitARM/bin/../lib/gcc/arm-none-eabi/5.3.0/../../../../arm-none-eabi/lib/thumb/libsysbase.a(getreent.o)
 .comment       0x00000044       0x23 /Users/jdriselvato/devkitPro/devkitARM/bin/../lib/gcc/arm-none-eabi/5.3.0/thumb/libgcc.a(_muldi3.o)
 .comment       0x00000044       0x23 /Users/jdriselvato/devkitPro/devkitARM/bin/../lib/gcc/arm-none-eabi/5.3.0/thumb/libgcc.a(_udivmoddi4.o)
 .comment       0x00000044       0x23 /Users/jdriselvato/devkitPro/devkitARM/bin/../lib/gcc/arm-none-eabi/5.3.0/../../../../arm-none-eabi/lib/thumb/libg.a(lib_a-errno.o)
 .comment       0x00000044       0x23 /Users/jdriselvato/devkitPro/devkitARM/bin/../lib/gcc/arm-none-eabi/5.3.0/thumb/crtend.o

.ARM.attributes
                0x00000000       0x2d
 .ARM.attributes
                0x00000000       0x21 /Users/jdriselvato/devkitPro/devkitARM/bin/../lib/gcc/arm-none-eabi/5.3.0/../../../../arm-none-eabi/lib/thumb/ds_arm9_crt0.o
 .ARM.attributes
                0x00000021       0x16 /Users/jdriselvato/devkitPro/devkitARM/bin/../lib/gcc/arm-none-eabi/5.3.0/thumb/crti.o
 .ARM.attributes
                0x00000037       0x30 /Users/jdriselvato/devkitPro/devkitARM/bin/../lib/gcc/arm-none-eabi/5.3.0/thumb/crtbegin.o
 .ARM.attributes
                0x00000067       0x27 template.o
 .ARM.attributes
                0x0000008e       0x27 /Users/jdriselvato/devkitPro/libnds/lib/libnds9.a(keys.o)
 .ARM.attributes
                0x000000b5       0x27 /Users/jdriselvato/devkitPro/libnds/lib/libnds9.a(sprite.o)
 .ARM.attributes
                0x000000dc       0x27 /Users/jdriselvato/devkitPro/libnds/lib/libnds9.a(trig.o)
 .ARM.attributes
                0x00000103       0x27 /Users/jdriselvato/devkitPro/libnds/lib/libnds9.a(console.o)
 .ARM.attributes
                0x0000012a       0x27 /Users/jdriselvato/devkitPro/libnds/lib/libnds9.a(sprite_alloc.o)
 .ARM.attributes
                0x00000151       0x27 /Users/jdriselvato/devkitPro/libnds/lib/libnds9.a(background.o)
 .ARM.attributes
                0x00000178       0x27 /Users/jdriselvato/devkitPro/libnds/lib/libnds9.a(initSystem.o)
 .ARM.attributes
                0x0000019f       0x27 /Users/jdriselvato/devkitPro/libnds/lib/libnds9.a(fifosystem.o)
 .ARM.attributes
                0x000001c6       0x27 /Users/jdriselvato/devkitPro/libnds/lib/libnds9.a(libnds_exit.arm.o)
 .ARM.attributes
                0x000001ed       0x27 /Users/jdriselvato/devkitPro/libnds/lib/libnds9.a(interrupts.o)
 .ARM.attributes
                0x00000214       0x1b /Users/jdriselvato/devkitPro/libnds/lib/libnds9.a(dcache.o)
 .ARM.attributes
                0x0000022f       0x21 /Users/jdriselvato/devkitPro/libnds/lib/libnds9.a(IntrWait.o)
 .ARM.attributes
                0x00000250       0x21 /Users/jdriselvato/devkitPro/libnds/lib/libnds9.a(mpu_setup.o)
 .ARM.attributes
                0x00000271       0x21 /Users/jdriselvato/devkitPro/libnds/lib/libnds9.a(swiSoftReset.o)
 .ARM.attributes
                0x00000292       0x1b /Users/jdriselvato/devkitPro/libnds/lib/libnds9.a(debugprint.o)
 .ARM.attributes
                0x000002ad       0x1b /Users/jdriselvato/devkitPro/libnds/lib/libnds9.a(biosCalls.o)
 .ARM.attributes
                0x000002c8       0x1b /Users/jdriselvato/devkitPro/libnds/lib/libnds9.a(interruptDispatcher.o)
 .ARM.attributes
                0x000002e3       0x14 /Users/jdriselvato/devkitPro/libnds/lib/libnds9.a(default_font.bin.o)
 .ARM.attributes
                0x000002f7       0x27 /Users/jdriselvato/devkitPro/libnds/lib/libnds9.a(system.o)
 .ARM.attributes
                0x0000031e       0x27 /Users/jdriselvato/devkitPro/libnds/lib/libnds9.a(video.o)
 .ARM.attributes
                0x00000345       0x27 /Users/jdriselvato/devkitPro/libnds/lib/libnds9.a(timeSupport.o)
 .ARM.attributes
                0x0000036c       0x18 /Users/jdriselvato/devkitPro/devkitARM/bin/../lib/gcc/arm-none-eabi/5.3.0/thumb/libgcc.a(_divsi3.o)
 .ARM.attributes
                0x00000384       0x16 /Users/jdriselvato/devkitPro/devkitARM/bin/../lib/gcc/arm-none-eabi/5.3.0/thumb/libgcc.a(_dvmd_tls.o)
 .ARM.attributes
                0x0000039a       0x30 /Users/jdriselvato/devkitPro/devkitARM/bin/../lib/gcc/arm-none-eabi/5.3.0/../../../../arm-none-eabi/lib/thumb/libg.a(lib_a-bsearch.o)
 .ARM.attributes
                0x000003ca       0x30 /Users/jdriselvato/devkitPro/devkitARM/bin/../lib/gcc/arm-none-eabi/5.3.0/../../../../arm-none-eabi/lib/thumb/libg.a(lib_a-init.o)
 .ARM.attributes
                0x000003fa       0x30 /Users/jdriselvato/devkitPro/devkitARM/bin/../lib/gcc/arm-none-eabi/5.3.0/../../../../arm-none-eabi/lib/thumb/libg.a(lib_a-iprintf.o)
 .ARM.attributes
                0x0000042a       0x30 /Users/jdriselvato/devkitPro/devkitARM/bin/../lib/gcc/arm-none-eabi/5.3.0/../../../../arm-none-eabi/lib/thumb/libg.a(lib_a-malloc.o)
 .ARM.attributes
                0x0000045a       0x30 /Users/jdriselvato/devkitPro/devkitARM/bin/../lib/gcc/arm-none-eabi/5.3.0/../../../../arm-none-eabi/lib/thumb/libg.a(lib_a-mallocr.o)
 .ARM.attributes
                0x0000048a       0x30 /Users/jdriselvato/devkitPro/devkitARM/bin/../lib/gcc/arm-none-eabi/5.3.0/../../../../arm-none-eabi/lib/thumb/libg.a(lib_a-memcpy.o)
 .ARM.attributes
                0x000004ba       0x30 /Users/jdriselvato/devkitPro/devkitARM/bin/../lib/gcc/arm-none-eabi/5.3.0/../../../../arm-none-eabi/lib/thumb/libg.a(lib_a-memset.o)
 .ARM.attributes
                0x000004ea       0x30 /Users/jdriselvato/devkitPro/devkitARM/bin/../lib/gcc/arm-none-eabi/5.3.0/../../../../arm-none-eabi/lib/thumb/libg.a(lib_a-mlock.o)
 .ARM.attributes
                0x0000051a       0x30 /Users/jdriselvato/devkitPro/devkitARM/bin/../lib/gcc/arm-none-eabi/5.3.0/../../../../arm-none-eabi/lib/thumb/libg.a(lib_a-rand.o)
 .ARM.attributes
                0x0000054a       0x30 /Users/jdriselvato/devkitPro/devkitARM/bin/../lib/gcc/arm-none-eabi/5.3.0/../../../../arm-none-eabi/lib/thumb/libg.a(lib_a-realloc.o)
 .ARM.attributes
                0x0000057a       0x30 /Users/jdriselvato/devkitPro/devkitARM/bin/../lib/gcc/arm-none-eabi/5.3.0/../../../../arm-none-eabi/lib/thumb/libg.a(lib_a-reallocr.o)
 .ARM.attributes
                0x000005aa       0x30 /Users/jdriselvato/devkitPro/devkitARM/bin/../lib/gcc/arm-none-eabi/5.3.0/../../../../arm-none-eabi/lib/thumb/libg.a(lib_a-setvbuf.o)
 .ARM.attributes
                0x000005da       0x30 /Users/jdriselvato/devkitPro/devkitARM/bin/../lib/gcc/arm-none-eabi/5.3.0/../../../../arm-none-eabi/lib/thumb/libg.a(lib_a-siscanf.o)
 .ARM.attributes
                0x0000060a       0x30 /Users/jdriselvato/devkitPro/devkitARM/bin/../lib/gcc/arm-none-eabi/5.3.0/../../../../arm-none-eabi/lib/thumb/libg.a(lib_a-stdio.o)
 .ARM.attributes
                0x0000063a       0x30 /Users/jdriselvato/devkitPro/devkitARM/bin/../lib/gcc/arm-none-eabi/5.3.0/../../../../arm-none-eabi/lib/thumb/libg.a(lib_a-strlen.o)
 .ARM.attributes
                0x0000066a       0x30 /Users/jdriselvato/devkitPro/devkitARM/bin/../lib/gcc/arm-none-eabi/5.3.0/../../../../arm-none-eabi/lib/thumb/libg.a(lib_a-svfiscanf.o)
 .ARM.attributes
                0x0000069a       0x30 /Users/jdriselvato/devkitPro/devkitARM/bin/../lib/gcc/arm-none-eabi/5.3.0/../../../../arm-none-eabi/lib/thumb/libg.a(lib_a-ungetc.o)
 .ARM.attributes
                0x000006ca       0x30 /Users/jdriselvato/devkitPro/devkitARM/bin/../lib/gcc/arm-none-eabi/5.3.0/../../../../arm-none-eabi/lib/thumb/libg.a(lib_a-vfiprintf.o)
 .ARM.attributes
                0x000006fa       0x30 /Users/jdriselvato/devkitPro/devkitARM/bin/../lib/gcc/arm-none-eabi/5.3.0/../../../../arm-none-eabi/lib/thumb/libg.a(lib_a-wcrtomb.o)
 .ARM.attributes
                0x0000072a       0x30 /Users/jdriselvato/devkitPro/devkitARM/bin/../lib/gcc/arm-none-eabi/5.3.0/../../../../arm-none-eabi/lib/thumb/libg.a(lib_a-wcsrtombs.o)
 .ARM.attributes
                0x0000075a       0x30 /Users/jdriselvato/devkitPro/devkitARM/bin/../lib/gcc/arm-none-eabi/5.3.0/../../../../arm-none-eabi/lib/thumb/libg.a(lib_a-wctomb_r.o)
 .ARM.attributes
                0x0000078a       0x30 /Users/jdriselvato/devkitPro/devkitARM/bin/../lib/gcc/arm-none-eabi/5.3.0/../../../../arm-none-eabi/lib/thumb/libg.a(lib_a-wsetup.o)
 .ARM.attributes
                0x000007ba       0x30 /Users/jdriselvato/devkitPro/devkitARM/bin/../lib/gcc/arm-none-eabi/5.3.0/../../../../arm-none-eabi/lib/thumb/libg.a(lib_a-ctype_.o)
 .ARM.attributes
                0x000007ea       0x30 /Users/jdriselvato/devkitPro/devkitARM/bin/../lib/gcc/arm-none-eabi/5.3.0/../../../../arm-none-eabi/lib/thumb/libg.a(lib_a-fflush.o)
 .ARM.attributes
                0x0000081a       0x30 /Users/jdriselvato/devkitPro/devkitARM/bin/../lib/gcc/arm-none-eabi/5.3.0/../../../../arm-none-eabi/lib/thumb/libg.a(lib_a-findfp.o)
 .ARM.attributes
                0x0000084a       0x30 /Users/jdriselvato/devkitPro/devkitARM/bin/../lib/gcc/arm-none-eabi/5.3.0/../../../../arm-none-eabi/lib/thumb/libg.a(lib_a-fputwc.o)
 .ARM.attributes
                0x0000087a       0x30 /Users/jdriselvato/devkitPro/devkitARM/bin/../lib/gcc/arm-none-eabi/5.3.0/../../../../arm-none-eabi/lib/thumb/libg.a(lib_a-freer.o)
 .ARM.attributes
                0x000008aa       0x30 /Users/jdriselvato/devkitPro/devkitARM/bin/../lib/gcc/arm-none-eabi/5.3.0/../../../../arm-none-eabi/lib/thumb/libg.a(lib_a-fvwrite.o)
 .ARM.attributes
                0x000008da       0x30 /Users/jdriselvato/devkitPro/devkitARM/bin/../lib/gcc/arm-none-eabi/5.3.0/../../../../arm-none-eabi/lib/thumb/libg.a(lib_a-fwalk.o)
 .ARM.attributes
                0x0000090a       0x30 /Users/jdriselvato/devkitPro/devkitARM/bin/../lib/gcc/arm-none-eabi/5.3.0/../../../../arm-none-eabi/lib/thumb/libg.a(lib_a-impure.o)
 .ARM.attributes
                0x0000093a       0x30 /Users/jdriselvato/devkitPro/devkitARM/bin/../lib/gcc/arm-none-eabi/5.3.0/../../../../arm-none-eabi/lib/thumb/libg.a(lib_a-iswspace.o)
 .ARM.attributes
                0x0000096a       0x30 /Users/jdriselvato/devkitPro/devkitARM/bin/../lib/gcc/arm-none-eabi/5.3.0/../../../../arm-none-eabi/lib/thumb/libg.a(lib_a-jp2uc.o)
 .ARM.attributes
                0x0000099a       0x30 /Users/jdriselvato/devkitPro/devkitARM/bin/../lib/gcc/arm-none-eabi/5.3.0/../../../../arm-none-eabi/lib/thumb/libg.a(lib_a-locale.o)
 .ARM.attributes
                0x000009ca       0x30 /Users/jdriselvato/devkitPro/devkitARM/bin/../lib/gcc/arm-none-eabi/5.3.0/../../../../arm-none-eabi/lib/thumb/libg.a(lib_a-makebuf.o)
 .ARM.attributes
                0x000009fa       0x30 /Users/jdriselvato/devkitPro/devkitARM/bin/../lib/gcc/arm-none-eabi/5.3.0/../../../../arm-none-eabi/lib/thumb/libg.a(lib_a-mbrtowc.o)
 .ARM.attributes
                0x00000a2a       0x30 /Users/jdriselvato/devkitPro/devkitARM/bin/../lib/gcc/arm-none-eabi/5.3.0/../../../../arm-none-eabi/lib/thumb/libg.a(lib_a-mbtowc_r.o)
 .ARM.attributes
                0x00000a5a       0x30 /Users/jdriselvato/devkitPro/devkitARM/bin/../lib/gcc/arm-none-eabi/5.3.0/../../../../arm-none-eabi/lib/thumb/libg.a(lib_a-memchr.o)
 .ARM.attributes
                0x00000a8a       0x30 /Users/jdriselvato/devkitPro/devkitARM/bin/../lib/gcc/arm-none-eabi/5.3.0/../../../../arm-none-eabi/lib/thumb/libg.a(lib_a-memmove.o)
 .ARM.attributes
                0x00000aba       0x30 /Users/jdriselvato/devkitPro/devkitARM/bin/../lib/gcc/arm-none-eabi/5.3.0/../../../../arm-none-eabi/lib/thumb/libg.a(lib_a-sccl.o)
 .ARM.attributes
                0x00000aea       0x30 /Users/jdriselvato/devkitPro/devkitARM/bin/../lib/gcc/arm-none-eabi/5.3.0/../../../../arm-none-eabi/lib/thumb/libg.a(lib_a-strchr.o)
 .ARM.attributes
                0x00000b1a       0x16 /Users/jdriselvato/devkitPro/devkitARM/bin/../lib/gcc/arm-none-eabi/5.3.0/../../../../arm-none-eabi/lib/thumb/libg.a(lib_a-strcmp.o)
 .ARM.attributes
                0x00000b30       0x30 /Users/jdriselvato/devkitPro/devkitARM/bin/../lib/gcc/arm-none-eabi/5.3.0/../../../../arm-none-eabi/lib/thumb/libg.a(lib_a-strncmp.o)
 .ARM.attributes
                0x00000b60       0x30 /Users/jdriselvato/devkitPro/devkitARM/bin/../lib/gcc/arm-none-eabi/5.3.0/../../../../arm-none-eabi/lib/thumb/libg.a(lib_a-strncpy.o)
 .ARM.attributes
                0x00000b90       0x30 /Users/jdriselvato/devkitPro/devkitARM/bin/../lib/gcc/arm-none-eabi/5.3.0/../../../../arm-none-eabi/lib/thumb/libg.a(lib_a-strtol.o)
 .ARM.attributes
                0x00000bc0       0x30 /Users/jdriselvato/devkitPro/devkitARM/bin/../lib/gcc/arm-none-eabi/5.3.0/../../../../arm-none-eabi/lib/thumb/libg.a(lib_a-strtoll_r.o)
 .ARM.attributes
                0x00000bf0       0x30 /Users/jdriselvato/devkitPro/devkitARM/bin/../lib/gcc/arm-none-eabi/5.3.0/../../../../arm-none-eabi/lib/thumb/libg.a(lib_a-strtoul.o)
 .ARM.attributes
                0x00000c20       0x30 /Users/jdriselvato/devkitPro/devkitARM/bin/../lib/gcc/arm-none-eabi/5.3.0/../../../../arm-none-eabi/lib/thumb/libg.a(lib_a-strtoull_r.o)
 .ARM.attributes
                0x00000c50       0x30 /Users/jdriselvato/devkitPro/devkitARM/bin/../lib/gcc/arm-none-eabi/5.3.0/../../../../arm-none-eabi/lib/thumb/libg.a(lib_a-svfiprintf.o)
 .ARM.attributes
                0x00000c80       0x30 /Users/jdriselvato/devkitPro/devkitARM/bin/../lib/gcc/arm-none-eabi/5.3.0/../../../../arm-none-eabi/lib/thumb/libg.a(lib_a-wbuf.o)
 .ARM.attributes
                0x00000cb0       0x30 /Users/jdriselvato/devkitPro/devkitARM/bin/../lib/gcc/arm-none-eabi/5.3.0/../../../../arm-none-eabi/lib/thumb/libg.a(lib_a-wcsnrtombs.o)
 .ARM.attributes
                0x00000ce0       0x30 /Users/jdriselvato/devkitPro/devkitARM/bin/../lib/gcc/arm-none-eabi/5.3.0/../../../../arm-none-eabi/lib/thumb/libg.a(lib_a-fclose.o)
 .ARM.attributes
                0x00000d10       0x30 /Users/jdriselvato/devkitPro/devkitARM/bin/../lib/gcc/arm-none-eabi/5.3.0/../../../../arm-none-eabi/lib/thumb/libsysbase.a(iosupport.o)
 .ARM.attributes
                0x00000d40       0x30 /Users/jdriselvato/devkitPro/devkitARM/bin/../lib/gcc/arm-none-eabi/5.3.0/../../../../arm-none-eabi/lib/thumb/libsysbase.a(close.o)
 .ARM.attributes
                0x00000d70       0x30 /Users/jdriselvato/devkitPro/devkitARM/bin/../lib/gcc/arm-none-eabi/5.3.0/../../../../arm-none-eabi/lib/thumb/libsysbase.a(fstat.o)
 .ARM.attributes
                0x00000da0       0x30 /Users/jdriselvato/devkitPro/devkitARM/bin/../lib/gcc/arm-none-eabi/5.3.0/../../../../arm-none-eabi/lib/thumb/libsysbase.a(isatty.o)
 .ARM.attributes
                0x00000dd0       0x30 /Users/jdriselvato/devkitPro/devkitARM/bin/../lib/gcc/arm-none-eabi/5.3.0/../../../../arm-none-eabi/lib/thumb/libsysbase.a(lseek.o)
 .ARM.attributes
                0x00000e00       0x30 /Users/jdriselvato/devkitPro/devkitARM/bin/../lib/gcc/arm-none-eabi/5.3.0/../../../../arm-none-eabi/lib/thumb/libsysbase.a(read.o)
 .ARM.attributes
                0x00000e30       0x30 /Users/jdriselvato/devkitPro/devkitARM/bin/../lib/gcc/arm-none-eabi/5.3.0/../../../../arm-none-eabi/lib/thumb/libsysbase.a(sbrk.o)
 .ARM.attributes
                0x00000e60       0x30 /Users/jdriselvato/devkitPro/devkitARM/bin/../lib/gcc/arm-none-eabi/5.3.0/../../../../arm-none-eabi/lib/thumb/libsysbase.a(write.o)
 .ARM.attributes
                0x00000e90       0x30 /Users/jdriselvato/devkitPro/devkitARM/bin/../lib/gcc/arm-none-eabi/5.3.0/../../../../arm-none-eabi/lib/thumb/libsysbase.a(malloc_vars.o)
 .ARM.attributes
                0x00000ec0       0x30 /Users/jdriselvato/devkitPro/devkitARM/bin/../lib/gcc/arm-none-eabi/5.3.0/../../../../arm-none-eabi/lib/thumb/libsysbase.a(build_argv.o)
 .ARM.attributes
                0x00000ef0       0x30 /Users/jdriselvato/devkitPro/devkitARM/bin/../lib/gcc/arm-none-eabi/5.3.0/../../../../arm-none-eabi/lib/thumb/libsysbase.a(flock.o)
 .ARM.attributes
                0x00000f20       0x30 /Users/jdriselvato/devkitPro/devkitARM/bin/../lib/gcc/arm-none-eabi/5.3.0/../../../../arm-none-eabi/lib/thumb/libsysbase.a(syscall_support.o)
 .ARM.attributes
                0x00000f50       0x30 /Users/jdriselvato/devkitPro/devkitARM/bin/../lib/gcc/arm-none-eabi/5.3.0/../../../../arm-none-eabi/lib/thumb/libsysbase.a(handle_manager.o)
 .ARM.attributes
                0x00000f80       0x30 /Users/jdriselvato/devkitPro/devkitARM/bin/../lib/gcc/arm-none-eabi/5.3.0/../../../../arm-none-eabi/lib/thumb/libsysbase.a(getreent.o)
 .ARM.attributes
                0x00000fb0       0x18 /Users/jdriselvato/devkitPro/devkitARM/bin/../lib/gcc/arm-none-eabi/5.3.0/thumb/libgcc.a(_udivsi3.o)
 .ARM.attributes
                0x00000fc8       0x18 /Users/jdriselvato/devkitPro/devkitARM/bin/../lib/gcc/arm-none-eabi/5.3.0/thumb/libgcc.a(_aeabi_uldivmod.o)
 .ARM.attributes
                0x00000fe0       0x30 /Users/jdriselvato/devkitPro/devkitARM/bin/../lib/gcc/arm-none-eabi/5.3.0/thumb/libgcc.a(_muldi3.o)
 .ARM.attributes
                0x00001010       0x30 /Users/jdriselvato/devkitPro/devkitARM/bin/../lib/gcc/arm-none-eabi/5.3.0/thumb/libgcc.a(_udivmoddi4.o)
 .ARM.attributes
                0x00001040       0x18 /Users/jdriselvato/devkitPro/devkitARM/bin/../lib/gcc/arm-none-eabi/5.3.0/thumb/libgcc.a(_clzdi2.o)
 .ARM.attributes
                0x00001058       0x18 /Users/jdriselvato/devkitPro/devkitARM/bin/../lib/gcc/arm-none-eabi/5.3.0/thumb/libgcc.a(_clzsi2.o)
 .ARM.attributes
                0x00001070       0x30 /Users/jdriselvato/devkitPro/devkitARM/bin/../lib/gcc/arm-none-eabi/5.3.0/../../../../arm-none-eabi/lib/thumb/libg.a(lib_a-errno.o)
 .ARM.attributes
                0x000010a0       0x30 /Users/jdriselvato/devkitPro/devkitARM/bin/../lib/gcc/arm-none-eabi/5.3.0/thumb/crtend.o
 .ARM.attributes
                0x000010d0       0x16 /Users/jdriselvato/devkitPro/devkitARM/bin/../lib/gcc/arm-none-eabi/5.3.0/thumb/crtn.o

.debug
 *(.debug)

.line
 *(.line)

.debug_srcinfo
 *(.debug_srcinfo)

.debug_sfnames
 *(.debug_sfnames)

.debug_aranges  0x00000000      0x2a0
 *(.debug_aranges)
 .debug_aranges
                0x00000000       0x20 template.o
 .debug_aranges
                0x00000020       0x20 /Users/jdriselvato/devkitPro/libnds/lib/libnds9.a(keys.o)
 .debug_aranges
                0x00000040       0x20 /Users/jdriselvato/devkitPro/libnds/lib/libnds9.a(sprite.o)
 .debug_aranges
                0x00000060       0x20 /Users/jdriselvato/devkitPro/libnds/lib/libnds9.a(trig.o)
 .debug_aranges
                0x00000080       0x20 /Users/jdriselvato/devkitPro/libnds/lib/libnds9.a(console.o)
 .debug_aranges
                0x000000a0       0x20 /Users/jdriselvato/devkitPro/libnds/lib/libnds9.a(sprite_alloc.o)
 .debug_aranges
                0x000000c0       0x20 /Users/jdriselvato/devkitPro/libnds/lib/libnds9.a(background.o)
 .debug_aranges
                0x000000e0       0x20 /Users/jdriselvato/devkitPro/libnds/lib/libnds9.a(initSystem.o)
 .debug_aranges
                0x00000100       0x20 /Users/jdriselvato/devkitPro/libnds/lib/libnds9.a(fifosystem.o)
 .debug_aranges
                0x00000120       0x20 /Users/jdriselvato/devkitPro/libnds/lib/libnds9.a(libnds_exit.arm.o)
 .debug_aranges
                0x00000140       0x20 /Users/jdriselvato/devkitPro/libnds/lib/libnds9.a(interrupts.o)
 .debug_aranges
                0x00000160       0x20 /Users/jdriselvato/devkitPro/libnds/lib/libnds9.a(dcache.o)
 .debug_aranges
                0x00000180       0x20 /Users/jdriselvato/devkitPro/libnds/lib/libnds9.a(IntrWait.o)
 .debug_aranges
                0x000001a0       0x20 /Users/jdriselvato/devkitPro/libnds/lib/libnds9.a(mpu_setup.o)
 .debug_aranges
                0x000001c0       0x20 /Users/jdriselvato/devkitPro/libnds/lib/libnds9.a(swiSoftReset.o)
 .debug_aranges
                0x000001e0       0x20 /Users/jdriselvato/devkitPro/libnds/lib/libnds9.a(debugprint.o)
 .debug_aranges
                0x00000200       0x20 /Users/jdriselvato/devkitPro/libnds/lib/libnds9.a(biosCalls.o)
 .debug_aranges
                0x00000220       0x20 /Users/jdriselvato/devkitPro/libnds/lib/libnds9.a(interruptDispatcher.o)
 .debug_aranges
                0x00000240       0x20 /Users/jdriselvato/devkitPro/libnds/lib/libnds9.a(system.o)
 .debug_aranges
                0x00000260       0x20 /Users/jdriselvato/devkitPro/libnds/lib/libnds9.a(video.o)
 .debug_aranges
                0x00000280       0x20 /Users/jdriselvato/devkitPro/libnds/lib/libnds9.a(timeSupport.o)

.debug_pubnames
 *(.debug_pubnames)

.debug_info     0x00000000     0xa9a1
 *(.debug_info)
 .debug_info    0x00000000     0x105d template.o
 .debug_info    0x0000105d      0x408 /Users/jdriselvato/devkitPro/libnds/lib/libnds9.a(keys.o)
 .debug_info    0x00001465      0xc41 /Users/jdriselvato/devkitPro/libnds/lib/libnds9.a(sprite.o)
 .debug_info    0x000020a6      0x54d /Users/jdriselvato/devkitPro/libnds/lib/libnds9.a(trig.o)
 .debug_info    0x000025f3     0x223d /Users/jdriselvato/devkitPro/libnds/lib/libnds9.a(console.o)
 .debug_info    0x00004830     0x1046 /Users/jdriselvato/devkitPro/libnds/lib/libnds9.a(sprite_alloc.o)
 .debug_info    0x00005876      0xa19 /Users/jdriselvato/devkitPro/libnds/lib/libnds9.a(background.o)
 .debug_info    0x0000628f     0x10b3 /Users/jdriselvato/devkitPro/libnds/lib/libnds9.a(initSystem.o)
 .debug_info    0x00007342     0x1647 /Users/jdriselvato/devkitPro/libnds/lib/libnds9.a(fifosystem.o)
 .debug_info    0x00008989      0x337 /Users/jdriselvato/devkitPro/libnds/lib/libnds9.a(libnds_exit.arm.o)
 .debug_info    0x00008cc0      0x5d8 /Users/jdriselvato/devkitPro/libnds/lib/libnds9.a(interrupts.o)
 .debug_info    0x00009298       0xc8 /Users/jdriselvato/devkitPro/libnds/lib/libnds9.a(dcache.o)
 .debug_info    0x00009360       0xd1 /Users/jdriselvato/devkitPro/libnds/lib/libnds9.a(IntrWait.o)
 .debug_info    0x00009431       0xd2 /Users/jdriselvato/devkitPro/libnds/lib/libnds9.a(mpu_setup.o)
 .debug_info    0x00009503       0xd0 /Users/jdriselvato/devkitPro/libnds/lib/libnds9.a(swiSoftReset.o)
 .debug_info    0x000095d3       0xce /Users/jdriselvato/devkitPro/libnds/lib/libnds9.a(debugprint.o)
 .debug_info    0x000096a1       0xcd /Users/jdriselvato/devkitPro/libnds/lib/libnds9.a(biosCalls.o)
 .debug_info    0x0000976e       0xd7 /Users/jdriselvato/devkitPro/libnds/lib/libnds9.a(interruptDispatcher.o)
 .debug_info    0x00009845      0x917 /Users/jdriselvato/devkitPro/libnds/lib/libnds9.a(system.o)
 .debug_info    0x0000a15c      0x6f8 /Users/jdriselvato/devkitPro/libnds/lib/libnds9.a(video.o)
 .debug_info    0x0000a854      0x14d /Users/jdriselvato/devkitPro/libnds/lib/libnds9.a(timeSupport.o)

.debug_abbrev   0x00000000     0x24b3
 *(.debug_abbrev)
 .debug_abbrev  0x00000000      0x2f4 template.o
 .debug_abbrev  0x000002f4      0x17f /Users/jdriselvato/devkitPro/libnds/lib/libnds9.a(keys.o)
 .debug_abbrev  0x00000473      0x319 /Users/jdriselvato/devkitPro/libnds/lib/libnds9.a(sprite.o)
 .debug_abbrev  0x0000078c      0x1ef /Users/jdriselvato/devkitPro/libnds/lib/libnds9.a(trig.o)
 .debug_abbrev  0x0000097b      0x504 /Users/jdriselvato/devkitPro/libnds/lib/libnds9.a(console.o)
 .debug_abbrev  0x00000e7f      0x311 /Users/jdriselvato/devkitPro/libnds/lib/libnds9.a(sprite_alloc.o)
 .debug_abbrev  0x00001190      0x2b2 /Users/jdriselvato/devkitPro/libnds/lib/libnds9.a(background.o)
 .debug_abbrev  0x00001442      0x2d2 /Users/jdriselvato/devkitPro/libnds/lib/libnds9.a(initSystem.o)
 .debug_abbrev  0x00001714      0x411 /Users/jdriselvato/devkitPro/libnds/lib/libnds9.a(fifosystem.o)
 .debug_abbrev  0x00001b25      0x17c /Users/jdriselvato/devkitPro/libnds/lib/libnds9.a(libnds_exit.arm.o)
 .debug_abbrev  0x00001ca1      0x284 /Users/jdriselvato/devkitPro/libnds/lib/libnds9.a(interrupts.o)
 .debug_abbrev  0x00001f25       0x14 /Users/jdriselvato/devkitPro/libnds/lib/libnds9.a(dcache.o)
 .debug_abbrev  0x00001f39       0x14 /Users/jdriselvato/devkitPro/libnds/lib/libnds9.a(IntrWait.o)
 .debug_abbrev  0x00001f4d       0x14 /Users/jdriselvato/devkitPro/libnds/lib/libnds9.a(mpu_setup.o)
 .debug_abbrev  0x00001f61       0x14 /Users/jdriselvato/devkitPro/libnds/lib/libnds9.a(swiSoftReset.o)
 .debug_abbrev  0x00001f75       0x14 /Users/jdriselvato/devkitPro/libnds/lib/libnds9.a(debugprint.o)
 .debug_abbrev  0x00001f89       0x14 /Users/jdriselvato/devkitPro/libnds/lib/libnds9.a(biosCalls.o)
 .debug_abbrev  0x00001f9d       0x14 /Users/jdriselvato/devkitPro/libnds/lib/libnds9.a(interruptDispatcher.o)
 .debug_abbrev  0x00001fb1      0x24e /Users/jdriselvato/devkitPro/libnds/lib/libnds9.a(system.o)
 .debug_abbrev  0x000021ff      0x1f7 /Users/jdriselvato/devkitPro/libnds/lib/libnds9.a(video.o)
 .debug_abbrev  0x000023f6       0xbd /Users/jdriselvato/devkitPro/libnds/lib/libnds9.a(timeSupport.o)

.debug_line     0x00000000     0x3198
 *(.debug_line)
 .debug_line    0x00000000      0x2e2 template.o
 .debug_line    0x000002e2      0x246 /Users/jdriselvato/devkitPro/libnds/lib/libnds9.a(keys.o)
 .debug_line    0x00000528      0x350 /Users/jdriselvato/devkitPro/libnds/lib/libnds9.a(sprite.o)
 .debug_line    0x00000878      0x268 /Users/jdriselvato/devkitPro/libnds/lib/libnds9.a(trig.o)
 .debug_line    0x00000ae0      0x678 /Users/jdriselvato/devkitPro/libnds/lib/libnds9.a(console.o)
 .debug_line    0x00001158      0x2e2 /Users/jdriselvato/devkitPro/libnds/lib/libnds9.a(sprite_alloc.o)
 .debug_line    0x0000143a      0x325 /Users/jdriselvato/devkitPro/libnds/lib/libnds9.a(background.o)
 .debug_line    0x0000175f      0x38d /Users/jdriselvato/devkitPro/libnds/lib/libnds9.a(initSystem.o)
 .debug_line    0x00001aec      0x706 /Users/jdriselvato/devkitPro/libnds/lib/libnds9.a(fifosystem.o)
 .debug_line    0x000021f2      0x223 /Users/jdriselvato/devkitPro/libnds/lib/libnds9.a(libnds_exit.arm.o)
 .debug_line    0x00002415      0x298 /Users/jdriselvato/devkitPro/libnds/lib/libnds9.a(interrupts.o)
 .debug_line    0x000026ad       0xae /Users/jdriselvato/devkitPro/libnds/lib/libnds9.a(dcache.o)
 .debug_line    0x0000275b       0x97 /Users/jdriselvato/devkitPro/libnds/lib/libnds9.a(IntrWait.o)
 .debug_line    0x000027f2      0x107 /Users/jdriselvato/devkitPro/libnds/lib/libnds9.a(mpu_setup.o)
 .debug_line    0x000028f9       0x9d /Users/jdriselvato/devkitPro/libnds/lib/libnds9.a(swiSoftReset.o)
 .debug_line    0x00002996       0xa5 /Users/jdriselvato/devkitPro/libnds/lib/libnds9.a(debugprint.o)
 .debug_line    0x00002a3b       0xc5 /Users/jdriselvato/devkitPro/libnds/lib/libnds9.a(biosCalls.o)
 .debug_line    0x00002b00       0xcd /Users/jdriselvato/devkitPro/libnds/lib/libnds9.a(interruptDispatcher.o)
 .debug_line    0x00002bcd      0x29a /Users/jdriselvato/devkitPro/libnds/lib/libnds9.a(system.o)
 .debug_line    0x00002e67      0x253 /Users/jdriselvato/devkitPro/libnds/lib/libnds9.a(video.o)
 .debug_line    0x000030ba       0xde /Users/jdriselvato/devkitPro/libnds/lib/libnds9.a(timeSupport.o)

.debug_frame    0x00000000      0xae8
 *(.debug_frame)
 .debug_frame   0x00000000       0x3c template.o