Archive member included to satisfy reference by file (symbol)

/Users/jdriselvato/devkitPro/libnds/lib/libnds9.a(console.o)
                              template.o (consoleDemoInit)
/Users/jdriselvato/devkitPro/libnds/lib/libnds9.a(background.o)
                              /Users/jdriselvato/devkitPro/libnds/lib/libnds9.a(console.o) (bgState)
/Users/jdriselvato/devkitPro/libnds/lib/libnds9.a(initSystem.o)
                              /Users/jdriselvato/devkitPro/devkitARM/bin/../lib/gcc/arm-none-eabi/5.3.0/../../../../arm-none-eabi/lib/thumb/ds_arm9_crt0.o (initSystem)
/Users/jdriselvato/devkitPro/libnds/lib/libnds9.a(fifosystem.o)
                              /Users/jdriselvato/devkitPro/libnds/lib/libnds9.a(initSystem.o) (fifoSetValue32Handler)
/Users/jdriselvato/devkitPro/libnds/lib/libnds9.a(libnds_exit.arm.o)
                              /Users/jdriselvato/devkitPro/devkitARM/bin/../lib/gcc/arm-none-eabi/5.3.0/../../../../arm-none-eabi/lib/thumb/ds_arm9_crt0.o (__libnds_exit)
/Users/jdriselvato/devkitPro/libnds/lib/libnds9.a(interrupts.o)
                              /Users/jdriselvato/devkitPro/libnds/lib/libnds9.a(fifosystem.o) (irqSet)
/Users/jdriselvato/devkitPro/libnds/lib/libnds9.a(IntrWait.o)
                              /Users/jdriselvato/devkitPro/libnds/lib/libnds9.a(fifosystem.o) (swiIntrWait)
/Users/jdriselvato/devkitPro/libnds/lib/libnds9.a(mpu_setup.o)
                              /Users/jdriselvato/devkitPro/devkitARM/bin/../lib/gcc/arm-none-eabi/5.3.0/../../../../arm-none-eabi/lib/thumb/ds_arm9_crt0.o (__libnds_mpu_setup)
/Users/jdriselvato/devkitPro/libnds/lib/libnds9.a(swiSoftReset.o)
                              /Users/jdriselvato/devkitPro/libnds/lib/libnds9.a(fifosystem.o) (swiSoftReset)
/Users/jdriselvato/devkitPro/libnds/lib/libnds9.a(debugprint.o)
                              /Users/jdriselvato/devkitPro/libnds/lib/libnds9.a(console.o) (nocashWrite)
/Users/jdriselvato/devkitPro/libnds/lib/libnds9.a(biosCalls.o)
                              template.o (swiWaitForVBlank)
/Users/jdriselvato/devkitPro/libnds/lib/libnds9.a(interruptDispatcher.o)
                              /Users/jdriselvato/devkitPro/libnds/lib/libnds9.a(interrupts.o) (IntrMain)
/Users/jdriselvato/devkitPro/libnds/lib/libnds9.a(default_font.bin.o)
                              /Users/jdriselvato/devkitPro/libnds/lib/libnds9.a(console.o) (default_font_bin)
/Users/jdriselvato/devkitPro/libnds/lib/libnds9.a(trig.o)
                              /Users/jdriselvato/devkitPro/libnds/lib/libnds9.a(background.o) (sinLerp)
/Users/jdriselvato/devkitPro/libnds/lib/libnds9.a(system.o)
                              /Users/jdriselvato/devkitPro/libnds/lib/libnds9.a(initSystem.o) (systemValueHandler)
/Users/jdriselvato/devkitPro/libnds/lib/libnds9.a(video.o)
                              /Users/jdriselvato/devkitPro/libnds/lib/libnds9.a(initSystem.o) (vramDefault)
/Users/jdriselvato/devkitPro/libnds/lib/libnds9.a(timeSupport.o)
                              /Users/jdriselvato/devkitPro/libnds/lib/libnds9.a(initSystem.o) (__libnds_gtod)
/Users/jdriselvato/devkitPro/devkitARM/bin/../lib/gcc/arm-none-eabi/5.3.0/thumb/libgcc.a(_divsi3.o)
                              /Users/jdriselvato/devkitPro/libnds/lib/libnds9.a(console.o) (__aeabi_idivmod)
/Users/jdriselvato/devkitPro/devkitARM/bin/../lib/gcc/arm-none-eabi/5.3.0/thumb/libgcc.a(_dvmd_tls.o)
                              /Users/jdriselvato/devkitPro/devkitARM/bin/../lib/gcc/arm-none-eabi/5.3.0/thumb/libgcc.a(_divsi3.o) (__aeabi_idiv0)
/Users/jdriselvato/devkitPro/devkitARM/bin/../lib/gcc/arm-none-eabi/5.3.0/../../../../arm-none-eabi/lib/thumb/libg.a(lib_a-bsearch.o)
                              /Users/jdriselvato/devkitPro/libnds/lib/libnds9.a(trig.o) (bsearch)
/Users/jdriselvato/devkitPro/devkitARM/bin/../lib/gcc/arm-none-eabi/5.3.0/../../../../arm-none-eabi/lib/thumb/libg.a(lib_a-init.o)
                              /Users/jdriselvato/devkitPro/devkitARM/bin/../lib/gcc/arm-none-eabi/5.3.0/../../../../arm-none-eabi/lib/thumb/ds_arm9_crt0.o (__libc_init_array)
/Users/jdriselvato/devkitPro/devkitARM/bin/../lib/gcc/arm-none-eabi/5.3.0/../../../../arm-none-eabi/lib/thumb/libg.a(lib_a-iprintf.o)
                              template.o (iprintf)
/Users/jdriselvato/devkitPro/devkitARM/bin/../lib/gcc/arm-none-eabi/5.3.0/../../../../arm-none-eabi/lib/thumb/libg.a(lib_a-memcpy.o)
                              /Users/jdriselvato/devkitPro/libnds/lib/libnds9.a(console.o) (memcpy)
/Users/jdriselvato/devkitPro/devkitARM/bin/../lib/gcc/arm-none-eabi/5.3.0/../../../../arm-none-eabi/lib/thumb/libg.a(lib_a-memset.o)
                              /Users/jdriselvato/devkitPro/libnds/lib/libnds9.a(background.o) (memset)
/Users/jdriselvato/devkitPro/devkitARM/bin/../lib/gcc/arm-none-eabi/5.3.0/../../../../arm-none-eabi/lib/thumb/libg.a(lib_a-setvbuf.o)
                              /Users/jdriselvato/devkitPro/libnds/lib/libnds9.a(console.o) (setvbuf)
[...]
Memory Configuration

Name             Origin             Length             Attributes
rom              0x08000000         0x02000000
ewram            0x02000000         0x003ff000
dtcm             0x0b000000         0x00004000
vectors          0x01000000         0x00000100
itcm             0x01000100         0x00007f00
*default*        0x00000000         0xffffffff

Linker script and memory map

                0x01000000                __vectors_start = ORIGIN (vectors)
                0x01000100                __itcm_start = ORIGIN (itcm)
                0x023ff000                __ewram_end = (ORIGIN (ewram) + 0x3ff000)
                0x023ff000                __eheap_end = (ORIGIN (ewram) + 0x3ff000)
                0x0b000000                __dtcm_start = ORIGIN (dtcm)
                0x0b004000                __dtcm_top = (ORIGIN (dtcm) + 0x4000)
                0x0b003ff8                __irq_flags = (__dtcm_top - 0x8)
                0x0b003ffc                __irq_vector = (__dtcm_top - 0x4)
                0x0b003f00                __sp_svc = (__dtcm_top - 0x100)
                0x0b003e00                __sp_irq = (__sp_svc - 0x100)
                0x0b003d00                __sp_usr = (__sp_irq - 0x100)

.init           0x02000000      0x23c
                0x02000000                __text_start = .
 *(.init)
 .init          0x02000000      0x230 /Users/jdriselvato/devkitPro/devkitARM/bin/../lib/gcc/arm-none-eabi/5.3.0/../../../../arm-none-eabi/lib/thumb/ds_arm9_crt0.o
                0x02000000                _start
 .init          0x02000230        0x4 /Users/jdriselvato/devkitPro/devkitARM/bin/../lib/gcc/arm-none-eabi/5.3.0/thumb/crti.o
                0x02000230                _init
 .init          0x02000234        0x8 /Users/jdriselvato/devkitPro/devkitARM/bin/../lib/gcc/arm-none-eabi/5.3.0/thumb/crtn.o
                0x0200023c                . = ALIGN (0x4)

.plt
 *(.plt)

.text           0x02000240     0xaab8
 *(EXCLUDE_FILE(*.itcm*) .text)
 .text          0x02000240       0xd4 /Users/jdriselvato/devkitPro/devkitARM/bin/../lib/gcc/arm-none-eabi/5.3.0/thumb/crtbegin.o
 .text          0x02000314      0xa30 /Users/jdriselvato/devkitPro/libnds/lib/libnds9.a(console.o)
                0x020003c4                nocash_write
                0x020003d4                consoleGetDefault
                0x020003e0                consoleSelect
                0x020003f0                consoleDebugInit
                0x02000440                consolePrintChar
                0x02000620                consoleLoadFont
                0x0200089c                consoleSetFont
                0x020008bc                consoleInit
                0x02000a24                consoleDemoInit
                0x02000a68                con_write
                0x02000d14                consoleClear
                0x02000d24                consoleSetWindow
 .text          0x02000d44      0x350 /Users/jdriselvato/devkitPro/libnds/lib/libnds9.a(background.o)
                0x02000d80                bgIsText
                0x02000d8c                checkIfText
                0x02000db4                bgUpdate
                0x02000ea4                bgInit_call
                0x02000f94                bgInitSub_call
 .text          0x02001094      0x148 /Users/jdriselvato/devkitPro/libnds/lib/libnds9.a(initSystem.o)
                0x02001094                initSystem
 .text          0x020011dc      0xd04 /Users/jdriselvato/devkitPro/libnds/lib/libnds9.a(fifosystem.o)
                0x02001430                fifoSetValue32Handler
                0x020014a4                fifoSendAddress
                0x020014dc                fifoSendValue32
                0x0200152c                fifoSendDatamsg
                0x020015bc                fifoGetAddress
                0x02001628                fifoSetAddressHandler
                0x0200169c                fifoGetValue32
                0x020016b0                fifoGetDatamsg
                0x02001be0                fifoSetDatamsgHandler
                0x02001c78                fifoCheckAddress
                0x02001c9c                fifoCheckDatamsg
                0x02001cc0                fifoCheckDatamsgLength
                0x02001cf0                fifoCheckValue32
                0x02001d14                fifoInit
 .text          0x02001ee0       0x60 /Users/jdriselvato/devkitPro/libnds/lib/libnds9.a(libnds_exit.arm.o)
                0x02001ee0                systemErrorExit
                0x02001ee4                __libnds_exit
 .text          0x02001f40      0x1e8 /Users/jdriselvato/devkitPro/libnds/lib/libnds9.a(interrupts.o)
                0x02001f40                irqDummy
                0x02001f44                irqSet
                0x02001fb0                irqInitHandler
                0x02001fd8                irqInit
                0x02002028                irqEnable
                0x0200208c                irqDisable
                0x020020f0                irqClear
 .text          0x02002128       0x20 /Users/jdriselvato/devkitPro/libnds/lib/libnds9.a(IntrWait.o)
                0x02002128                swiIntrWait
 .text          0x02002148      0x1b4 /Users/jdriselvato/devkitPro/libnds/lib/libnds9.a(mpu_setup.o)
                0x02002148                __libnds_mpu_setup
                0x02002288                memCached
                0x020022a0                memUncached
 *fill*         0x020022fc        0x4 ff
 .text          0x02002300       0x30 /Users/jdriselvato/devkitPro/libnds/lib/libnds9.a(swiSoftReset.o)
                0x02002300                swiSoftReset
 .text          0x02002330       0xa4 /Users/jdriselvato/devkitPro/libnds/lib/libnds9.a(debugprint.o)
                0x02002330                nocashWrite
                0x02002332                nocashMessage
 *fill*         0x020023d4        0xc ff
 .text          0x020023e0       0x70 /Users/jdriselvato/devkitPro/libnds/lib/libnds9.a(biosCalls.o)
                0x020023e0                swiDelay
                0x020023e4                swiWaitForVBlank
                0x020023e8                swiSleep
                0x020023ec                swiChangeSoundBias
                0x020023f0                swiDivide
                0x020023f4                swiRemainder
                0x020023fa                swiDivMod
                0x02002406                swiCopy
                0x0200240a                swiFastCopy
                0x0200240e                swiSqrt
                0x02002412                swiCRC16
                0x02002416                swiIsDebugger
                0x0200241a                swiUnpackBits
                0x0200241e                swiDecompressLZSSWram
                0x02002422                swiDecompressLZSSVramNTR
                0x02002426                swiDecompressLZSSVramTWL
                0x0200242a                swiDecompressHuffman
                0x0200242e                swiDecompressRLEWram
                0x02002432                swiDecompressRLEVram
                0x02002436                swiWaitForIRQ
                0x0200243a                swiDecodeDelta8
                0x0200243e                swiDecodeDelta16
                0x02002442                swiSetHaltCR
 .text          0x02002450      0x2a0 /Users/jdriselvato/devkitPro/libnds/lib/libnds9.a(trig.o)
                0x02002450                asinComp
                0x02002474                sinLutLookup
                0x020024ac                sinLerp
                0x02002548                cosLerp
                0x0200255c                tanLutLookup
                0x02002594                tanLerp
                0x0200263c                asinLerp
                0x020026b8                acosLerp
                0x020026cc                atanComp
 .text          0x020026f0      0x140 /Users/jdriselvato/devkitPro/libnds/lib/libnds9.a(system.o)
                0x020026f0                setSDcallback
                0x020026fc                systemValueHandler
                0x02002744                systemMsgHandler
                0x02002794                systemSleep
                0x020027ac                powerOn
                0x020027d8                powerOff
                0x02002800                ledBlink
                0x02002810                getBatteryLevel
 .text          0x02002830      0x1bc /Users/jdriselvato/devkitPro/libnds/lib/libnds9.a(video.o)
                0x02002830                vramSetMainBanks
                0x02002874                vramSetPrimaryBanks
                0x0200287c                vramSetBanks_EFG
                0x020028b4                vramRestorePrimaryBanks
                0x020028c0                vramRestoreMainBanks
                0x020028cc                vramRestoreBanks_EFG
                0x020028d8                setBrightness
                0x02002918                vramDefault
 .text          0x020029ec       0x24 /Users/jdriselvato/devkitPro/libnds/lib/libnds9.a(timeSupport.o)
                0x020029ec                __libnds_gtod
 .text          0x02002a10      0x150 /Users/jdriselvato/devkitPro/devkitARM/bin/../lib/gcc/arm-none-eabi/5.3.0/thumb/libgcc.a(_divsi3.o)
                0x02002a10                __aeabi_idiv
                0x02002a10                __divsi3
                0x02002b40                __aeabi_idivmod
 .text          0x02002b60        0x4 /Users/jdriselvato/devkitPro/devkitARM/bin/../lib/gcc/arm-none-eabi/5.3.0/thumb/libgcc.a(_dvmd_tls.o)
                0x02002b60                __aeabi_ldiv0
                0x02002b60                __aeabi_idiv0
 .text          0x02002b64      0x224 /Users/jdriselvato/devkitPro/devkitARM/bin/../lib/gcc/arm-none-eabi/5.3.0/../../../../arm-none-eabi/lib/thumb/libg.a(lib_a-strcmp.o)
                0x02002b64                strcmp
 .text          0x02002d88      0x160 /Users/jdriselvato/devkitPro/devkitARM/bin/../lib/gcc/arm-none-eabi/5.3.0/../../../../arm-none-eabi/lib/thumb/libsysbase.a(iosupport.o)
                0x02002d8c                setDefaultDevice
                0x02002d9c                FindDevice
                0x02002e28                RemoveDevice
                0x02002e4c                AddDevice
                0x02002ec8                GetDeviceOpTab
 .text          0x02002ee8       0x54 /Users/jdriselvato/devkitPro/devkitARM/bin/../lib/gcc/arm-none-eabi/5.3.0/../../../../arm-none-eabi/lib/thumb/libsysbase.a(close.o)
                0x02002ee8                _close_r
 .text          0x02002f3c       0x44 /Users/jdriselvato/devkitPro/devkitARM/bin/../lib/gcc/arm-none-eabi/5.3.0/../../../../arm-none-eabi/lib/thumb/libsysbase.a(fstat.o)
                0x02002f3c                _fstat_r
 .text          0x02002f80        0x4 /Users/jdriselvato/devkitPro/devkitARM/bin/../lib/gcc/arm-none-eabi/5.3.0/../../../../arm-none-eabi/lib/thumb/libsysbase.a(isatty.o)
                0x02002f80                _isatty_r
 .text          0x02002f84       0x48 /Users/jdriselvato/devkitPro/devkitARM/bin/../lib/gcc/arm-none-eabi/5.3.0/../../../../arm-none-eabi/lib/thumb/libsysbase.a(lseek.o)
                0x02002f84                _lseek_r
 .text          0x02002fcc       0x48 /Users/jdriselvato/devkitPro/devkitARM/bin/../lib/gcc/arm-none-eabi/5.3.0/../../../../arm-none-eabi/lib/thumb/libsysbase.a(read.o)
                0x02002fcc                _read_r
 .text          0x02003014       0x54 /Users/jdriselvato/devkitPro/devkitARM/bin/../lib/gcc/arm-none-eabi/5.3.0/../../../../arm-none-eabi/lib/thumb/libsysbase.a(sbrk.o)
                0x02003014                _sbrk_r
 .text          0x02003068       0x48 /Users/jdriselvato/devkitPro/devkitARM/bin/../lib/gcc/arm-none-eabi/5.3.0/../../../../arm-none-eabi/lib/thumb/libsysbase.a(write.o)
                0x02003068                _write_r
 .text          0x020030b0       0x4c /Users/jdriselvato/devkitPro/devkitARM/bin/../lib/gcc/arm-none-eabi/5.3.0/../../../../arm-none-eabi/lib/thumb/libsysbase.a(build_argv.o)
                0x020030b0                build_argv
 .text          0x020030fc       0x20 /Users/jdriselvato/devkitPro/devkitARM/bin/../lib/gcc/arm-none-eabi/5.3.0/../../../../arm-none-eabi/lib/thumb/libsysbase.a(flock.o)
                0x020030fc                __flockfile
                0x0200310c                __funlockfile
 .text          0x0200311c      0x104 /Users/jdriselvato/devkitPro/devkitARM/bin/../lib/gcc/arm-none-eabi/5.3.0/../../../../arm-none-eabi/lib/thumb/libsysbase.a(syscall_support.o)
                0x0200311c                __libc_lock_init
                0x02003134                __libc_lock_acquire
                0x0200314c                __libc_lock_try_acquire
                0x0200316c                __libc_lock_release
                0x02003184                __libc_lock_close
                0x0200319c                __libc_lock_init_recursive
                0x020031b4                __libc_lock_acquire_recursive
                0x020031cc                __libc_lock_try_acquire_recursive
                0x020031ec                __libc_lock_release_recursive
                0x02003204                __libc_lock_close_recursive
 .text          0x02003220      0x204 /Users/jdriselvato/devkitPro/devkitARM/bin/../lib/gcc/arm-none-eabi/5.3.0/../../../../arm-none-eabi/lib/thumb/libsysbase.a(handle_manager.o)
                0x02003220                __free_handle
                0x02003258                __release_handle
                0x02003290                __alloc_handle
                0x020032e8                __get_handle
                0x02003304                dup
                0x02003378                dup2
 .text          0x02003424       0x28 /Users/jdriselvato/devkitPro/devkitARM/bin/../lib/gcc/arm-none-eabi/5.3.0/../../../../arm-none-eabi/lib/thumb/libsysbase.a(getreent.o)
                0x02003424                __getreent
 .text          0x0200344c      0x11c /Users/jdriselvato/devkitPro/devkitARM/bin/../lib/gcc/arm-none-eabi/5.3.0/thumb/libgcc.a(_udivsi3.o)
                0x0200344c                __udivsi3
                0x0200344c                __aeabi_uidiv
                0x02003548                __aeabi_uidivmod
 .text          0x02003568       0x3c /Users/jdriselvato/devkitPro/devkitARM/bin/../lib/gcc/arm-none-eabi/5.3.0/thumb/libgcc.a(_aeabi_uldivmod.o)
                0x02003568                __aeabi_uldivmod
 .text          0x020035a4       0x60 /Users/jdriselvato/devkitPro/devkitARM/bin/../lib/gcc/arm-none-eabi/5.3.0/thumb/libgcc.a(_muldi3.o)
                0x020035a4                __aeabi_lmul
                0x020035a4                __muldi3
 .text          0x02003604      0x184 /Users/jdriselvato/devkitPro/devkitARM/bin/../lib/gcc/arm-none-eabi/5.3.0/thumb/libgcc.a(_udivmoddi4.o)
                0x02003604                __udivmoddi4
 .text          0x02003788       0x28 /Users/jdriselvato/devkitPro/devkitARM/bin/../lib/gcc/arm-none-eabi/5.3.0/thumb/libgcc.a(_clzdi2.o)
                0x02003788                __clzdi2
 .text          0x020037b0       0x48 /Users/jdriselvato/devkitPro/devkitARM/bin/../lib/gcc/arm-none-eabi/5.3.0/thumb/libgcc.a(_clzsi2.o)
                0x020037b0                __clzsi2
 *(.text.*)
 .text.startup  0x020037f8       0x3c template.o
                0x020037f8                main
 .text.bsearch  0x02003834       0x64 /Users/jdriselvato/devkitPro/devkitARM/bin/../lib/gcc/arm-none-eabi/5.3.0/../../../../arm-none-eabi/lib/thumb/libg.a(lib_a-bsearch.o)
                0x02003834                bsearch
 .text.__libc_init_array
                0x02003898       0x58 /Users/jdriselvato/devkitPro/devkitARM/bin/../lib/gcc/arm-none-eabi/5.3.0/../../../../arm-none-eabi/lib/thumb/libg.a(lib_a-init.o)
                0x02003898                __libc_init_array
 .text.iprintf  0x020038f0       0x24 /Users/jdriselvato/devkitPro/devkitARM/bin/../lib/gcc/arm-none-eabi/5.3.0/../../../../arm-none-eabi/lib/thumb/libg.a(lib_a-iprintf.o)
                0x020038f0                iprintf
 .text.memcpy   0x02003914       0x80 /Users/jdriselvato/devkitPro/devkitARM/bin/../lib/gcc/arm-none-eabi/5.3.0/../../../../arm-none-eabi/lib/thumb/libg.a(lib_a-memcpy.o)
                0x02003914                memcpy
 .text.memset   0x02003994       0x94 /Users/jdriselvato/devkitPro/devkitARM/bin/../lib/gcc/arm-none-eabi/5.3.0/../../../../arm-none-eabi/lib/thumb/libg.a(lib_a-memset.o)
                0x02003994                memset
 .text.setvbuf  0x02003a28      0x148 /Users/jdriselvato/devkitPro/devkitARM/bin/../lib/gcc/arm-none-eabi/5.3.0/../../../../arm-none-eabi/lib/thumb/libg.a(lib_a-setvbuf.o)
                0x02003a28                setvbuf
 .text.siscanf  0x02003b70       0x4c /Users/jdriselvato/devkitPro/devkitARM/bin/../lib/gcc/arm-none-eabi/5.3.0/../../../../arm-none-eabi/lib/thumb/libg.a(lib_a-siscanf.o)
                0x02003b70                siscanf
 .text.__sread  0x02003bbc       0x2c /Users/jdriselvato/devkitPro/devkitARM/bin/../lib/gcc/arm-none-eabi/5.3.0/../../../../arm-none-eabi/lib/thumb/libg.a(lib_a-stdio.o)
                0x02003bbc                __sread
 .text.__seofread
                0x02003be8        0x4 /Users/jdriselvato/devkitPro/devkitARM/bin/../lib/gcc/arm-none-eabi/5.3.0/../../../../arm-none-eabi/lib/thumb/libg.a(lib_a-stdio.o)
                0x02003be8                __seofread
 .text.__swrite
                0x02003bec       0x3c /Users/jdriselvato/devkitPro/devkitARM/bin/../lib/gcc/arm-none-eabi/5.3.0/../../../../arm-none-eabi/lib/thumb/libg.a(lib_a-stdio.o)
                0x02003bec                __swrite
 .text.__sseek  0x02003c28       0x30 /Users/jdriselvato/devkitPro/devkitARM/bin/../lib/gcc/arm-none-eabi/5.3.0/../../../../arm-none-eabi/lib/thumb/libg.a(lib_a-stdio.o)
                0x02003c28                __sseek
 .text.__sclose
                0x02003c58       0x10 /Users/jdriselvato/devkitPro/devkitARM/bin/../lib/gcc/arm-none-eabi/5.3.0/../../../../arm-none-eabi/lib/thumb/libg.a(lib_a-stdio.o)
                0x02003c58                __sclose
 .text.strlen   0x02003c68       0x6c /Users/jdriselvato/devkitPro/devkitARM/bin/../lib/gcc/arm-none-eabi/5.3.0/../../../../arm-none-eabi/lib/thumb/libg.a(lib_a-strlen.o)
                0x02003c68                strlen
 .text._sungetc_r
                0x02003cd4       0x8c /Users/jdriselvato/devkitPro/devkitARM/bin/../lib/gcc/arm-none-eabi/5.3.0/../../../../arm-none-eabi/lib/thumb/libg.a(lib_a-svfiscanf.o)
                0x02003cd4                _sungetc_r
 .text.__ssrefill_r
                0x02003d60       0x44 /Users/jdriselvato/devkitPro/devkitARM/bin/../lib/gcc/arm-none-eabi/5.3.0/../../../../arm-none-eabi/lib/thumb/libg.a(lib_a-svfiscanf.o)
                0x02003d60                __ssrefill_r
 .text._sfread_r
                0x02003da4       0x90 /Users/jdriselvato/devkitPro/devkitARM/bin/../lib/gcc/arm-none-eabi/5.3.0/../../../../arm-none-eabi/lib/thumb/libg.a(lib_a-svfiscanf.o)
                0x02003da4                _sfread_r
 .text.__ssvfiscanf_r
                0x02003e34     0x1498 /Users/jdriselvato/devkitPro/devkitARM/bin/../lib/gcc/arm-none-eabi/5.3.0/../../../../arm-none-eabi/lib/thumb/libg.a(lib_a-svfiscanf.o)
                0x02003e34                __ssvfiscanf_r
 .text.__submore
                0x020052cc       0x88 /Users/jdriselvato/devkitPro/devkitARM/bin/../lib/gcc/arm-none-eabi/5.3.0/../../../../arm-none-eabi/lib/thumb/libg.a(lib_a-ungetc.o)
                0x020052cc                __submore
 .text.get_arg  0x02005354      0xcb0 /Users/jdriselvato/devkitPro/devkitARM/bin/../lib/gcc/arm-none-eabi/5.3.0/../../../../arm-none-eabi/lib/thumb/libg.a(lib_a-vfiprintf.o)
 .text.__sprint_r.part.0
                0x02006004       0x80 /Users/jdriselvato/devkitPro/devkitARM/bin/../lib/gcc/arm-none-eabi/5.3.0/../../../../arm-none-eabi/lib/thumb/libg.a(lib_a-vfiprintf.o)
 .text._vfiprintf_r
                0x02006084     0x2240 /Users/jdriselvato/devkitPro/devkitARM/bin/../lib/gcc/arm-none-eabi/5.3.0/../../../../arm-none-eabi/lib/thumb/libg.a(lib_a-vfiprintf.o)
                0x02006084                _vfiprintf_r
 .text.__sbprintf
                0x020082c4       0x8c /Users/jdriselvato/devkitPro/devkitARM/bin/../lib/gcc/arm-none-eabi/5.3.0/../../../../arm-none-eabi/lib/thumb/libg.a(lib_a-vfiprintf.o)
 .text._wcrtomb_r
                0x02008350       0x6c /Users/jdriselvato/devkitPro/devkitARM/bin/../lib/gcc/arm-none-eabi/5.3.0/../../../../arm-none-eabi/lib/thumb/libg.a(lib_a-wcrtomb.o)
                0x02008350                _wcrtomb_r
 .text._wcsrtombs_r
                0x020083bc       0x1c /Users/jdriselvato/devkitPro/devkitARM/bin/../lib/gcc/arm-none-eabi/5.3.0/../../../../arm-none-eabi/lib/thumb/libg.a(lib_a-wcsrtombs.o)
                0x020083bc                _wcsrtombs_r
 .text.__utf8_wctomb
                0x020083d8       0xbc /Users/jdriselvato/devkitPro/devkitARM/bin/../lib/gcc/arm-none-eabi/5.3.0/../../../../arm-none-eabi/lib/thumb/libg.a(lib_a-wctomb_r.o)
                0x020083d8                __utf8_wctomb
 .text.__swsetup_r
                0x02008494       0xcc /Users/jdriselvato/devkitPro/devkitARM/bin/../lib/gcc/arm-none-eabi/5.3.0/../../../../arm-none-eabi/lib/thumb/libg.a(lib_a-wsetup.o)
                0x02008494                __swsetup_r
 .text.__sflush_r
                0x02008560      0x158 /Users/jdriselvato/devkitPro/devkitARM/bin/../lib/gcc/arm-none-eabi/5.3.0/../../../../arm-none-eabi/lib/thumb/libg.a(lib_a-fflush.o)
                0x02008560                __sflush_r
 .text._fflush_r
                0x020086b8       0x58 /Users/jdriselvato/devkitPro/devkitARM/bin/../lib/gcc/arm-none-eabi/5.3.0/../../../../arm-none-eabi/lib/thumb/libg.a(lib_a-fflush.o)
                0x020086b8                _fflush_r
 .text._cleanup_r
                0x02008710       0x14 /Users/jdriselvato/devkitPro/devkitARM/bin/../lib/gcc/arm-none-eabi/5.3.0/../../../../arm-none-eabi/lib/thumb/libg.a(lib_a-findfp.o)
                0x02008710                _cleanup_r
 .text.std.isra.0
                0x02008724       0x54 /Users/jdriselvato/devkitPro/devkitARM/bin/../lib/gcc/arm-none-eabi/5.3.0/../../../../arm-none-eabi/lib/thumb/libg.a(lib_a-findfp.o)
 .text.__sinit  0x02008778       0x64 /Users/jdriselvato/devkitPro/devkitARM/bin/../lib/gcc/arm-none-eabi/5.3.0/../../../../arm-none-eabi/lib/thumb/libg.a(lib_a-findfp.o)
                0x02008778                __sinit
 .text.__sfp_lock_acquire
                0x020087dc       0x14 /Users/jdriselvato/devkitPro/devkitARM/bin/../lib/gcc/arm-none-eabi/5.3.0/../../../../arm-none-eabi/lib/thumb/libg.a(lib_a-findfp.o)
                0x020087dc                __sfp_lock_acquire
 .text.__sfp_lock_release
                0x020087f0       0x14 /Users/jdriselvato/devkitPro/devkitARM/bin/../lib/gcc/arm-none-eabi/5.3.0/../../../../arm-none-eabi/lib/thumb/libg.a(lib_a-findfp.o)
                0x020087f0                __sfp_lock_release
 .text.__fputwc
                0x02008804       0xc0 /Users/jdriselvato/devkitPro/devkitARM/bin/../lib/gcc/arm-none-eabi/5.3.0/../../../../arm-none-eabi/lib/thumb/libg.a(lib_a-fputwc.o)
                0x02008804                __fputwc
 .text._fputwc_r
                0x020088c4       0x5c /Users/jdriselvato/devkitPro/devkitARM/bin/../lib/gcc/arm-none-eabi/5.3.0/../../../../arm-none-eabi/lib/thumb/libg.a(lib_a-fputwc.o)
                0x020088c4                _fputwc_r
 .text._malloc_trim_r
                0x02008920       0xa4 /Users/jdriselvato/devkitPro/devkitARM/bin/../lib/gcc/arm-none-eabi/5.3.0/../../../../arm-none-eabi/lib/thumb/libg.a(lib_a-freer.o)
                0x02008920                _malloc_trim_r
 .text._free_r  0x020089c4      0x1c8 /Users/jdriselvato/devkitPro/devkitARM/bin/../lib/gcc/arm-none-eabi/5.3.0/../../../../arm-none-eabi/lib/thumb/libg.a(lib_a-freer.o)
                0x020089c4                _free_r
 .text.__sfvwrite_r
                0x02008b8c      0x340 /Users/jdriselvato/devkitPro/devkitARM/bin/../lib/gcc/arm-none-eabi/5.3.0/../../../../arm-none-eabi/lib/thumb/libg.a(lib_a-fvwrite.o)
                0x02008b8c                __sfvwrite_r
 .text._fwalk_reent
                0x02008ecc       0x54 /Users/jdriselvato/devkitPro/devkitARM/bin/../lib/gcc/arm-none-eabi/5.3.0/../../../../arm-none-eabi/lib/thumb/libg.a(lib_a-fwalk.o)
                0x02008ecc                _fwalk_reent
 .text.iswspace
                0x02008f20       0x78 /Users/jdriselvato/devkitPro/devkitARM/bin/../lib/gcc/arm-none-eabi/5.3.0/../../../../arm-none-eabi/lib/thumb/libg.a(lib_a-iswspace.o)
                0x02008f20                iswspace
 .text.__jp2uc  0x02008f98      0x188 /Users/jdriselvato/devkitPro/devkitARM/bin/../lib/gcc/arm-none-eabi/5.3.0/../../../../arm-none-eabi/lib/thumb/libg.a(lib_a-jp2uc.o)
 .text._jp2uc   0x02009120       0x64 /Users/jdriselvato/devkitPro/devkitARM/bin/../lib/gcc/arm-none-eabi/5.3.0/../../../../arm-none-eabi/lib/thumb/libg.a(lib_a-jp2uc.o)
                0x02009120                _jp2uc
 .text.__locale_charset
                0x02009184        0x8 /Users/jdriselvato/devkitPro/devkitARM/bin/../lib/gcc/arm-none-eabi/5.3.0/../../../../arm-none-eabi/lib/thumb/libg.a(lib_a-locale.o)
                0x02009184                __locale_charset
 .text.__locale_mb_cur_max
                0x0200918c        0xc /Users/jdriselvato/devkitPro/devkitARM/bin/../lib/gcc/arm-none-eabi/5.3.0/../../../../arm-none-eabi/lib/thumb/libg.a(lib_a-locale.o)
                0x0200918c                __locale_mb_cur_max
 .text._localeconv_r
                0x02009198        0x8 /Users/jdriselvato/devkitPro/devkitARM/bin/../lib/gcc/arm-none-eabi/5.3.0/../../../../arm-none-eabi/lib/thumb/libg.a(lib_a-locale.o)
                0x02009198                _localeconv_r
 .text.__smakebuf_r
                0x020091a0       0xf4 /Users/jdriselvato/devkitPro/devkitARM/bin/../lib/gcc/arm-none-eabi/5.3.0/../../../../arm-none-eabi/lib/thumb/libg.a(lib_a-makebuf.o)
                0x020091a0                __smakebuf_r
 .text.malloc   0x02009294       0x14 /Users/jdriselvato/devkitPro/devkitARM/bin/../lib/gcc/arm-none-eabi/5.3.0/../../../../arm-none-eabi/lib/thumb/libg.a(lib_a-malloc.o)
                0x02009294                malloc
 .text.free     0x020092a8       0x14 /Users/jdriselvato/devkitPro/devkitARM/bin/../lib/gcc/arm-none-eabi/5.3.0/../../../../arm-none-eabi/lib/thumb/libg.a(lib_a-malloc.o)
                0x020092a8                free
 .text._malloc_r
                0x020092bc      0x564 /Users/jdriselvato/devkitPro/devkitARM/bin/../lib/gcc/arm-none-eabi/5.3.0/../../../../arm-none-eabi/lib/thumb/libg.a(lib_a-mallocr.o)
                0x020092bc                _malloc_r
 .text._mbrtowc_r
                0x02009820       0x7c /Users/jdriselvato/devkitPro/devkitARM/bin/../lib/gcc/arm-none-eabi/5.3.0/../../../../arm-none-eabi/lib/thumb/libg.a(lib_a-mbrtowc.o)
                0x02009820                _mbrtowc_r
 .text.__utf8_mbtowc
                0x0200989c      0x2cc /Users/jdriselvato/devkitPro/devkitARM/bin/../lib/gcc/arm-none-eabi/5.3.0/../../../../arm-none-eabi/lib/thumb/libg.a(lib_a-mbtowc_r.o)
                0x0200989c                __utf8_mbtowc
 .text.memchr   0x02009b68       0x90 /Users/jdriselvato/devkitPro/devkitARM/bin/../lib/gcc/arm-none-eabi/5.3.0/../../../../arm-none-eabi/lib/thumb/libg.a(lib_a-memchr.o)
                0x02009b68                memchr
 .text.memmove  0x02009bf8       0x9c /Users/jdriselvato/devkitPro/devkitARM/bin/../lib/gcc/arm-none-eabi/5.3.0/../../../../arm-none-eabi/lib/thumb/libg.a(lib_a-memmove.o)
                0x02009bf8                memmove
 .text.__malloc_lock
                0x02009c94       0x14 /Users/jdriselvato/devkitPro/devkitARM/bin/../lib/gcc/arm-none-eabi/5.3.0/../../../../arm-none-eabi/lib/thumb/libg.a(lib_a-mlock.o)
                0x02009c94                __malloc_lock
 .text.__malloc_unlock
                0x02009ca8       0x14 /Users/jdriselvato/devkitPro/devkitARM/bin/../lib/gcc/arm-none-eabi/5.3.0/../../../../arm-none-eabi/lib/thumb/libg.a(lib_a-mlock.o)
                0x02009ca8                __malloc_unlock
 .text._realloc_r
                0x02009cbc      0x3ec /Users/jdriselvato/devkitPro/devkitARM/bin/../lib/gcc/arm-none-eabi/5.3.0/../../../../arm-none-eabi/lib/thumb/libg.a(lib_a-reallocr.o)
                0x02009cbc                _realloc_r
 .text.__sccl   0x0200a0a8       0x7c /Users/jdriselvato/devkitPro/devkitARM/bin/../lib/gcc/arm-none-eabi/5.3.0/../../../../arm-none-eabi/lib/thumb/libg.a(lib_a-sccl.o)
                0x0200a0a8                __sccl
 .text.strchr   0x0200a124       0xdc /Users/jdriselvato/devkitPro/devkitARM/bin/../lib/gcc/arm-none-eabi/5.3.0/../../../../arm-none-eabi/lib/thumb/libg.a(lib_a-strchr.o)
                0x0200a124                strchr
 .text.strncmp  0x0200a200       0x94 /Users/jdriselvato/devkitPro/devkitARM/bin/../lib/gcc/arm-none-eabi/5.3.0/../../../../arm-none-eabi/lib/thumb/libg.a(lib_a-strncmp.o)
                0x0200a200                strncmp
 .text.strncpy  0x0200a294       0x7c /Users/jdriselvato/devkitPro/devkitARM/bin/../lib/gcc/arm-none-eabi/5.3.0/../../../../arm-none-eabi/lib/thumb/libg.a(lib_a-strncpy.o)
                0x0200a294                strncpy
 .text._strtol_r
                0x0200a310      0x178 /Users/jdriselvato/devkitPro/devkitARM/bin/../lib/gcc/arm-none-eabi/5.3.0/../../../../arm-none-eabi/lib/thumb/libg.a(lib_a-strtol.o)
                0x0200a310                _strtol_r
 .text._strtoll_r
                0x0200a488      0x1e8 /Users/jdriselvato/devkitPro/devkitARM/bin/../lib/gcc/arm-none-eabi/5.3.0/../../../../arm-none-eabi/lib/thumb/libg.a(lib_a-strtoll_r.o)
                0x0200a488                _strtoll_r
 .text._strtoul_r
                0x0200a670      0x17c /Users/jdriselvato/devkitPro/devkitARM/bin/../lib/gcc/arm-none-eabi/5.3.0/../../../../arm-none-eabi/lib/thumb/libg.a(lib_a-strtoul.o)
                0x0200a670                _strtoul_r
 .text._strtoull_r
                0x0200a7ec      0x1ec /Users/jdriselvato/devkitPro/devkitARM/bin/../lib/gcc/arm-none-eabi/5.3.0/../../../../arm-none-eabi/lib/thumb/libg.a(lib_a-strtoull_r.o)
                0x0200a7ec                _strtoull_r
 .text.__swbuf_r
                0x0200a9d8       0xb8 /Users/jdriselvato/devkitPro/devkitARM/bin/../lib/gcc/arm-none-eabi/5.3.0/../../../../arm-none-eabi/lib/thumb/libg.a(lib_a-wbuf.o)
                0x0200a9d8                __swbuf_r
 .text._wcsnrtombs_r
                0x0200aa90      0x118 /Users/jdriselvato/devkitPro/devkitARM/bin/../lib/gcc/arm-none-eabi/5.3.0/../../../../arm-none-eabi/lib/thumb/libg.a(lib_a-wcsnrtombs.o)
                0x0200aa90                _wcsnrtombs_r
 .text._fclose_r
                0x0200aba8       0xb4 /Users/jdriselvato/devkitPro/devkitARM/bin/../lib/gcc/arm-none-eabi/5.3.0/../../../../arm-none-eabi/lib/thumb/libg.a(lib_a-fclose.o)
                0x0200aba8                _fclose_r
 .text.__errno  0x0200ac5c        0xc /Users/jdriselvato/devkitPro/devkitARM/bin/../lib/gcc/arm-none-eabi/5.3.0/../../../../arm-none-eabi/lib/thumb/libg.a(lib_a-errno.o)
                0x0200ac5c                __errno
 .text.__errno.__stub
                0x0200ac68       0x80 linker stubs
 *(.stub)
 *(.gnu.warning)
 *(.gnu.linkonce.t*)
 *(.glue_7)
 .glue_7        0x0200acf8        0x0 linker stubs
 *(.glue_7t)
 .glue_7t       0x0200acf8        0x0 linker stubs
                0x0200acf8                . = ALIGN (0x4)

.vfp11_veneer   0x0200acf8        0x0
 .vfp11_veneer  0x0200acf8        0x0 linker stubs

.v4_bx          0x0200acf8        0x0
 .v4_bx         0x0200acf8        0x0 linker stubs

.iplt           0x0200acf8        0x0
 .iplt          0x0200acf8        0x0 /Users/jdriselvato/devkitPro/devkitARM/bin/../lib/gcc/arm-none-eabi/5.3.0/../../../../arm-none-eabi/lib/thumb/ds_arm9_crt0.o

.fini           0x0200acf8        0xc
 *(.fini)
 .fini          0x0200acf8        0x4 /Users/jdriselvato/devkitPro/devkitARM/bin/../lib/gcc/arm-none-eabi/5.3.0/thumb/crti.o
                0x0200acf8                _fini
 .fini          0x0200acfc        0x8 /Users/jdriselvato/devkitPro/devkitARM/bin/../lib/gcc/arm-none-eabi/5.3.0/thumb/crtn.o
                0x0200ad04                __text_end = .

.rodata         0x0200ad04     0x6d14
 *(.rodata)
 .rodata        0x0200ad04      0x20c /Users/jdriselvato/devkitPro/libnds/lib/libnds9.a(console.o)
 .rodata        0x0200af10     0x2004 /Users/jdriselvato/devkitPro/libnds/lib/libnds9.a(default_font.bin.o)
                0x0200af10                default_font_bin
                0x0200cf10                default_font_bin_end
                0x0200cf10                default_font_bin_size
 .rodata        0x0200cf14      0x308 /Users/jdriselvato/devkitPro/libnds/lib/libnds9.a(trig.o)
                0x0200cf14                SIN_LUT
                0x0200d018                TAN_LUT
 .rodata        0x0200d21c       0x68 /Users/jdriselvato/devkitPro/devkitARM/bin/../lib/gcc/arm-none-eabi/5.3.0/../../../../arm-none-eabi/lib/thumb/libsysbase.a(iosupport.o)
                0x0200d21c                dotab_stdnull
 *all.rodata*(*)
 *(.roda)
 *(.rodata.*)
 .rodata.str1.4
                0x0200d284       0x30 template.o
 .rodata.str1.4
                0x0200d2b4       0x4c /Users/jdriselvato/devkitPro/libnds/lib/libnds9.a(console.o)
 .rodata.__ssvfiscanf_r
                0x0200d300      0x324 /Users/jdriselvato/devkitPro/devkitARM/bin/../lib/gcc/arm-none-eabi/5.3.0/../../../../arm-none-eabi/lib/thumb/libg.a(lib_a-svfiscanf.o)
 .rodata.basefix.6493
                0x0200d624       0x24 /Users/jdriselvato/devkitPro/devkitARM/bin/../lib/gcc/arm-none-eabi/5.3.0/../../../../arm-none-eabi/lib/thumb/libg.a(lib_a-svfiscanf.o)
 .rodata.get_arg
                0x0200d648      0x914 /Users/jdriselvato/devkitPro/devkitARM/bin/../lib/gcc/arm-none-eabi/5.3.0/../../../../arm-none-eabi/lib/thumb/libg.a(lib_a-vfiprintf.o)
 .rodata._vfiprintf_r
                0x0200df5c      0x16c /Users/jdriselvato/devkitPro/devkitARM/bin/../lib/gcc/arm-none-eabi/5.3.0/../../../../arm-none-eabi/lib/thumb/libg.a(lib_a-vfiprintf.o)
 .rodata.blanks.7113
                0x0200e0c8       0x10 /Users/jdriselvato/devkitPro/devkitARM/bin/../lib/gcc/arm-none-eabi/5.3.0/../../../../arm-none-eabi/lib/thumb/libg.a(lib_a-vfiprintf.o)
 .rodata.str1.4
                0x0200e0d8       0x2f /Users/jdriselvato/devkitPro/devkitARM/bin/../lib/gcc/arm-none-eabi/5.3.0/../../../../arm-none-eabi/lib/thumb/libg.a(lib_a-vfiprintf.o)
                                 0x30 (size before relaxing)
 *fill*         0x0200e107        0x1 ff
 .rodata.zeroes.7114
                0x0200e108       0x10 /Users/jdriselvato/devkitPro/devkitARM/bin/../lib/gcc/arm-none-eabi/5.3.0/../../../../arm-none-eabi/lib/thumb/libg.a(lib_a-vfiprintf.o)
 .rodata._ctype_
                0x0200e118      0x104 /Users/jdriselvato/devkitPro/devkitARM/bin/../lib/gcc/arm-none-eabi/5.3.0/../../../../arm-none-eabi/lib/thumb/libg.a(lib_a-ctype_.o)
                0x0200e118                _ctype_
 .rodata.str1.4
                0x0200e21c        0x2 /Users/jdriselvato/devkitPro/devkitARM/bin/../lib/gcc/arm-none-eabi/5.3.0/../../../../arm-none-eabi/lib/thumb/libg.a(lib_a-impure.o)
                                  0x4 (size before relaxing)
 *fill*         0x0200e21e        0x2 ff
 .rodata.__jp2uc
                0x0200e220       0x20 /Users/jdriselvato/devkitPro/devkitARM/bin/../lib/gcc/arm-none-eabi/5.3.0/../../../../arm-none-eabi/lib/thumb/libg.a(lib_a-jp2uc.o)
 .rodata.a1     0x0200e240       0xbc /Users/jdriselvato/devkitPro/devkitARM/bin/../lib/gcc/arm-none-eabi/5.3.0/../../../../arm-none-eabi/lib/thumb/libg.a(lib_a-jp2uc.o)
 .rodata.a2     0x0200e2fc       0xbc /Users/jdriselvato/devkitPro/devkitARM/bin/../lib/gcc/arm-none-eabi/5.3.0/../../../../arm-none-eabi/lib/thumb/libg.a(lib_a-jp2uc.o)
 .rodata.a3     0x0200e3b8       0x5c /Users/jdriselvato/devkitPro/devkitARM/bin/../lib/gcc/arm-none-eabi/5.3.0/../../../../arm-none-eabi/lib/thumb/libg.a(lib_a-jp2uc.o)
 .rodata.a6     0x0200e414       0x70 /Users/jdriselvato/devkitPro/devkitARM/bin/../lib/gcc/arm-none-eabi/5.3.0/../../../../arm-none-eabi/lib/thumb/libg.a(lib_a-jp2uc.o)
 .rodata.a7     0x0200e484       0xa4 /Users/jdriselvato/devkitPro/devkitARM/bin/../lib/gcc/arm-none-eabi/5.3.0/../../../../arm-none-eabi/lib/thumb/libg.a(lib_a-jp2uc.o)
 .rodata.a8     0x0200e528       0x40 /Users/jdriselvato/devkitPro/devkitARM/bin/../lib/gcc/arm-none-eabi/5.3.0/../../../../arm-none-eabi/lib/thumb/libg.a(lib_a-jp2uc.o)
 .rodata.str1.4
                0x0200e568       0x12 /Users/jdriselvato/devkitPro/devkitARM/bin/../lib/gcc/arm-none-eabi/5.3.0/../../../../arm-none-eabi/lib/thumb/libg.a(lib_a-jp2uc.o)
                                 0x14 (size before relaxing)
 *fill*         0x0200e57a        0x2 ff
 .rodata.b02cf  0x0200e57c     0x172c /Users/jdriselvato/devkitPro/devkitARM/bin/../lib/gcc/arm-none-eabi/5.3.0/../../../../arm-none-eabi/lib/thumb/libg.a(lib_a-jp2uc.o)
 .rodata.d02f4  0x0200fca8     0x1a7c /Users/jdriselvato/devkitPro/devkitARM/bin/../lib/gcc/arm-none-eabi/5.3.0/../../../../arm-none-eabi/lib/thumb/libg.a(lib_a-jp2uc.o)
 .rodata.str1.4
                0x02011724      0x112 /Users/jdriselvato/devkitPro/devkitARM/bin/../lib/gcc/arm-none-eabi/5.3.0/../../../../arm-none-eabi/lib/thumb/libg.a(lib_a-locale.o)
                                0x130 (size before relaxing)
 .rodata.str1.4
                0x02011836        0x4 /Users/jdriselvato/devkitPro/devkitARM/bin/../lib/gcc/arm-none-eabi/5.3.0/../../../../arm-none-eabi/lib/thumb/libg.a(lib_a-mbrtowc.o)
 *fill*         0x02011836        0x2 ff
 .rodata.__state_table
                0x02011838       0x6c /Users/jdriselvato/devkitPro/devkitARM/bin/../lib/gcc/arm-none-eabi/5.3.0/../../../../arm-none-eabi/lib/thumb/libg.a(lib_a-svfiprintf.o)
                0x02011838                __state_table
 .rodata.__chclass
                0x020118a4      0x100 /Users/jdriselvato/devkitPro/devkitARM/bin/../lib/gcc/arm-none-eabi/5.3.0/../../../../arm-none-eabi/lib/thumb/libg.a(lib_a-svfiprintf.o)
                0x020118a4                __chclass
 .rodata.__action_table
                0x020119a4       0x6c /Users/jdriselvato/devkitPro/devkitARM/bin/../lib/gcc/arm-none-eabi/5.3.0/../../../../arm-none-eabi/lib/thumb/libg.a(lib_a-svfiprintf.o)
                0x020119a4                __action_table
 .rodata.str1.4
                0x02011a10        0x8 /Users/jdriselvato/devkitPro/devkitARM/bin/../lib/gcc/arm-none-eabi/5.3.0/../../../../arm-none-eabi/lib/thumb/libsysbase.a(iosupport.o)
 *(.gnu.linkonce.r*)
                0x02011a18                . = ALIGN (0x4)

.ARM.extab
 *(.ARM.extab* .gnu.linkonce.armextab.*)
                0x02011a18                __exidx_start = .

ARM.exidx
 *(.ARM.exidx* .gnu.linkonce.armexidx.*)
                0x02011a18                __exidx_end = .
                0x02011a18                . = ALIGN (0x4)
                0x02011a18                PROVIDE (__preinit_array_start, .)

.preinit_array
 *(.preinit_array)
                0x02011a18                PROVIDE (__preinit_array_end, .)
                0x02011a18                PROVIDE (__init_array_start, .)

.init_array     0x02011a18        0x4
 *(SORT(.init_array.*))
 *(.init_array)
 .init_array    0x02011a18        0x4 /Users/jdriselvato/devkitPro/devkitARM/bin/../lib/gcc/arm-none-eabi/5.3.0/thumb/crtbegin.o
                0x02011a1c                PROVIDE (__init_array_end, .)
                [!provide]                PROVIDE (__fini_array_start, .)

.fini_array     0x02011a1c        0x4
 *(.fini_array)
 .fini_array    0x02011a1c        0x4 /Users/jdriselvato/devkitPro/devkitARM/bin/../lib/gcc/arm-none-eabi/5.3.0/thumb/crtbegin.o
 *(SORT(.fini_array.*))
                [!provide]                PROVIDE (__fini_array_end, .)

.ctors          0x02011a20        0x0
 *crtbegin.o(.ctors)
 *(EXCLUDE_FILE(*crtend.o) .ctors)
 *(SORT(.ctors.*))
 *(.ctors)
                0x02011a20                . = ALIGN (0x4)

.dtors          0x02011a20        0x0
 *crtbegin.o(.dtors)
 *(EXCLUDE_FILE(*crtend.o) .dtors)
 *(SORT(.dtors.*))
 *(.dtors)
                0x02011a20                . = ALIGN (0x4)

.eh_frame       0x02011a20       0x48
 *(.eh_frame)
 .eh_frame      0x02011a20        0x0 /Users/jdriselvato/devkitPro/devkitARM/bin/../lib/gcc/arm-none-eabi/5.3.0/thumb/crtbegin.o
 .eh_frame      0x02011a20       0x44 /Users/jdriselvato/devkitPro/devkitARM/bin/../lib/gcc/arm-none-eabi/5.3.0/../../../../arm-none-eabi/lib/thumb/libg.a(lib_a-strcmp.o)
 .eh_frame      0x02011a64        0x4 /Users/jdriselvato/devkitPro/devkitARM/bin/../lib/gcc/arm-none-eabi/5.3.0/thumb/crtend.o
                0x02011a68                . = ALIGN (0x4)

.rel.dyn        0x02011a68        0x0
 .rel.iplt      0x02011a68        0x0 /Users/jdriselvato/devkitPro/devkitARM/bin/../lib/gcc/arm-none-eabi/5.3.0/../../../../arm-none-eabi/lib/thumb/ds_arm9_crt0.o

.gcc_except_table
                0x02011a68        0x0
 *(.gcc_except_table)
                0x02011a68                . = ALIGN (0x4)

.jcr            0x02011a68        0x4
 *(.jcr)
 .jcr           0x02011a68        0x0 /Users/jdriselvato/devkitPro/devkitARM/bin/../lib/gcc/arm-none-eabi/5.3.0/thumb/crtbegin.o
 .jcr           0x02011a68        0x4 /Users/jdriselvato/devkitPro/devkitARM/bin/../lib/gcc/arm-none-eabi/5.3.0/thumb/crtend.o

.got
 *(.got.plt)
 *(.got)
 *(.rel.got)

.ewram          0x02011a6c        0x0
                0x02011a6c                __ewram_start = ABSOLUTE (.)
 *(.ewram)
 *ewram.*(.text)
                0x02011a6c                . = ALIGN (0x4)

.data           0x02011a6c     0x1a44
                0x02011a6c                __data_start = ABSOLUTE (.)
 *(.data)
 .data          0x02011a6c       0x20 template.o
                0x02011a6c                items
 .data          0x02011a8c       0x64 /Users/jdriselvato/devkitPro/libnds/lib/libnds9.a(console.o)
                0x02011a8c                currentConsole
                0x02011a90                defaultConsole
 .data          0x02011af0       0x60 /Users/jdriselvato/devkitPro/libnds/lib/libnds9.a(background.o)
                0x02011af0                bgScrollTable
                0x02011b10                bgTransform
                0x02011b30                bgControl
 .data          0x02011b50       0x10 /Users/jdriselvato/devkitPro/libnds/lib/libnds9.a(fifosystem.o)
                0x02011b50                fifo_buffer_free
                0x02011b54                fifo_freewords
                0x02011b58                fifo_send_queue
                0x02011b5c                fifo_receive_queue
 .data          0x02011b60       0x44 /Users/jdriselvato/devkitPro/devkitARM/bin/../lib/gcc/arm-none-eabi/5.3.0/../../../../arm-none-eabi/lib/thumb/libsysbase.a(iosupport.o)
                0x02011b64                devoptab_list
 .data          0x02011ba4     0x1028 /Users/jdriselvato/devkitPro/devkitARM/bin/../lib/gcc/arm-none-eabi/5.3.0/../../../../arm-none-eabi/lib/thumb/libsysbase.a(handle_manager.o)
 *(.data.*)
 .data.__wctomb
                0x02012bcc        0x4 /Users/jdriselvato/devkitPro/devkitARM/bin/../lib/gcc/arm-none-eabi/5.3.0/../../../../arm-none-eabi/lib/thumb/libg.a(lib_a-wctomb_r.o)
                0x02012bcc                __wctomb
 .data.__ctype_ptr__
                0x02012bd0        0x4 /Users/jdriselvato/devkitPro/devkitARM/bin/../lib/gcc/arm-none-eabi/5.3.0/../../../../arm-none-eabi/lib/thumb/libg.a(lib_a-ctype_.o)
                0x02012bd0                __ctype_ptr__
 .data.__sfp_lock
                0x02012bd4        0xc /Users/jdriselvato/devkitPro/devkitARM/bin/../lib/gcc/arm-none-eabi/5.3.0/../../../../arm-none-eabi/lib/thumb/libg.a(lib_a-findfp.o)
 .data.__sinit_lock
                0x02012be0        0xc /Users/jdriselvato/devkitPro/devkitARM/bin/../lib/gcc/arm-none-eabi/5.3.0/../../../../arm-none-eabi/lib/thumb/libg.a(lib_a-findfp.o)
 *fill*         0x02012bec        0x4 ff
 .data.impure_data
                0x02012bf0      0x440 /Users/jdriselvato/devkitPro/devkitARM/bin/../lib/gcc/arm-none-eabi/5.3.0/../../../../arm-none-eabi/lib/thumb/libg.a(lib_a-impure.o)
 .data._impure_ptr
                0x02013030        0x4 /Users/jdriselvato/devkitPro/devkitARM/bin/../lib/gcc/arm-none-eabi/5.3.0/../../../../arm-none-eabi/lib/thumb/libg.a(lib_a-impure.o)
                0x02013030                _impure_ptr
 .data.lconv    0x02013034       0x38 /Users/jdriselvato/devkitPro/devkitARM/bin/../lib/gcc/arm-none-eabi/5.3.0/../../../../arm-none-eabi/lib/thumb/libg.a(lib_a-locale.o)
 .data.lc_ctype_charset
                0x0201306c       0x20 /Users/jdriselvato/devkitPro/devkitARM/bin/../lib/gcc/arm-none-eabi/5.3.0/../../../../arm-none-eabi/lib/thumb/libg.a(lib_a-locale.o)
 .data.__mb_cur_max
                0x0201308c        0x4 /Users/jdriselvato/devkitPro/devkitARM/bin/../lib/gcc/arm-none-eabi/5.3.0/../../../../arm-none-eabi/lib/thumb/libg.a(lib_a-locale.o)
                0x0201308c                __mb_cur_max
 .data.__malloc_av_
                0x02013090      0x408 /Users/jdriselvato/devkitPro/devkitARM/bin/../lib/gcc/arm-none-eabi/5.3.0/../../../../arm-none-eabi/lib/thumb/libg.a(lib_a-mallocr.o)
                0x02013090                __malloc_av_
 .data.__malloc_trim_threshold
                0x02013498        0x4 /Users/jdriselvato/devkitPro/devkitARM/bin/../lib/gcc/arm-none-eabi/5.3.0/../../../../arm-none-eabi/lib/thumb/libg.a(lib_a-mallocr.o)
                0x02013498                __malloc_trim_threshold
 .data.__malloc_sbrk_base
                0x0201349c        0x4 /Users/jdriselvato/devkitPro/devkitARM/bin/../lib/gcc/arm-none-eabi/5.3.0/../../../../arm-none-eabi/lib/thumb/libg.a(lib_a-mallocr.o)
                0x0201349c                __malloc_sbrk_base
 .data.__mbtowc
                0x020134a0        0x4 /Users/jdriselvato/devkitPro/devkitARM/bin/../lib/gcc/arm-none-eabi/5.3.0/../../../../arm-none-eabi/lib/thumb/libg.a(lib_a-mbtowc_r.o)
                0x020134a0                __mbtowc
 .data.__malloc_lock_object
                0x020134a4        0xc /Users/jdriselvato/devkitPro/devkitARM/bin/../lib/gcc/arm-none-eabi/5.3.0/../../../../arm-none-eabi/lib/thumb/libg.a(lib_a-mlock.o)
 *(.gnu.linkonce.d*)
                0x020134b0                . = ALIGN (0x4)
                0x020134b0                __data_end = ABSOLUTE (.)
                0x020134b0                __dtcm_lma = .
                0x020134b0                __bss_vma = .

.igot.plt       0x020134b0        0x0
 .igot.plt      0x020134b0        0x0 /Users/jdriselvato/devkitPro/devkitARM/bin/../lib/gcc/arm-none-eabi/5.3.0/../../../../arm-none-eabi/lib/thumb/ds_arm9_crt0.o

.tm_clone_table
                0x020134b0        0x0
 .tm_clone_table
                0x020134b0        0x0 /Users/jdriselvato/devkitPro/devkitARM/bin/../lib/gcc/arm-none-eabi/5.3.0/thumb/crtbegin.o
 .tm_clone_table
                0x020134b0        0x0 /Users/jdriselvato/devkitPro/devkitARM/bin/../lib/gcc/arm-none-eabi/5.3.0/thumb/crtend.o

.dtcm           0x0b000000        0x0 load address 0x020134b0
 *(.dtcm)
 *(.dtcm.*)
                0x0b000000                . = ALIGN (0x4)
                0x0b000000                __dtcm_end = ABSOLUTE (.)
                0x020134b0                __itcm_lma = (__dtcm_lma + SIZEOF (.dtcm))

.itcm           0x01000100      0x194 load address 0x020134b0
 *(.itcm)
 .itcm          0x01000100       0xc8 /Users/jdriselvato/devkitPro/libnds/lib/libnds9.a(interrupts.o)
                0x01000100                irqTable
 .itcm          0x010001c8       0xcc /Users/jdriselvato/devkitPro/libnds/lib/libnds9.a(interruptDispatcher.o)
                0x010001c8                IntrMain
 *itcm.*(.text)
                0x01000294                . = ALIGN (0x4)
                0x01000294                __itcm_end = ABSOLUTE (.)
                0x02013644                __vectors_lma = (__itcm_lma + SIZEOF (.itcm))

.vectors        0x01000000        0x0 load address 0x02013644
 *(.vectors)
 *vectors.*(.text)
                0x01000000                . = ALIGN (0x4)
                0x01000000                __vectors_end = ABSOLUTE (.)

.sbss           0x0b000000        0x0
                0x0b000000                __sbss_start = ABSOLUTE (.)
                0x0b000000                __sbss_start__ = ABSOLUTE (.)
 *(.sbss)
                0x0b000000                . = ALIGN (0x4)
                0x0b000000                __sbss_end = ABSOLUTE (.)

.bss            0x020134b0      0xc8c
                0x020134b0                __bss_start = ABSOLUTE (.)
                0x020134b0                __bss_start__ = ABSOLUTE (.)
 *(.dynbss)
 *(.gnu.linkonce.b*)
 *(.bss*)
 .bss           0x020134b0       0x1c /Users/jdriselvato/devkitPro/devkitARM/bin/../lib/gcc/arm-none-eabi/5.3.0/thumb/crtbegin.o
 .bss           0x020134cc        0x8 /Users/jdriselvato/devkitPro/libnds/lib/libnds9.a(fifosystem.o)
                0x020134d0                processing
 .bss           0x020134d4        0x4 /Users/jdriselvato/devkitPro/libnds/lib/libnds9.a(system.o)
 .bss.__malloc_max_total_mem
                0x020134d8        0x4 /Users/jdriselvato/devkitPro/devkitARM/bin/../lib/gcc/arm-none-eabi/5.3.0/../../../../arm-none-eabi/lib/thumb/libg.a(lib_a-mallocr.o)
                0x020134d8                __malloc_max_total_mem
 .bss.__malloc_max_sbrked_mem
                0x020134dc        0x4 /Users/jdriselvato/devkitPro/devkitARM/bin/../lib/gcc/arm-none-eabi/5.3.0/../../../../arm-none-eabi/lib/thumb/libg.a(lib_a-mallocr.o)
                0x020134dc                __malloc_max_sbrked_mem
 .bss.__malloc_top_pad
                0x020134e0        0x4 /Users/jdriselvato/devkitPro/devkitARM/bin/../lib/gcc/arm-none-eabi/5.3.0/../../../../arm-none-eabi/lib/thumb/libg.a(lib_a-mallocr.o)
                0x020134e0                __malloc_top_pad
 .bss.__malloc_current_mallinfo
                0x020134e4       0x28 /Users/jdriselvato/devkitPro/devkitARM/bin/../lib/gcc/arm-none-eabi/5.3.0/../../../../arm-none-eabi/lib/thumb/libg.a(lib_a-mallocr.o)
                0x020134e4                __malloc_current_mallinfo
 .bss           0x0201350c        0x4 /Users/jdriselvato/devkitPro/devkitARM/bin/../lib/gcc/arm-none-eabi/5.3.0/../../../../arm-none-eabi/lib/thumb/libsysbase.a(sbrk.o)
 .bss           0x02013510        0x8 /Users/jdriselvato/devkitPro/devkitARM/bin/../lib/gcc/arm-none-eabi/5.3.0/../../../../arm-none-eabi/lib/thumb/libsysbase.a(malloc_vars.o)
                0x02013510                fake_heap_start
                0x02013514                fake_heap_end
 .bss           0x02013518       0x38 /Users/jdriselvato/devkitPro/devkitARM/bin/../lib/gcc/arm-none-eabi/5.3.0/../../../../arm-none-eabi/lib/thumb/libsysbase.a(syscall_support.o)
                0x02013518                __syscalls
 *(COMMON)
 COMMON         0x02013550       0x5c /Users/jdriselvato/devkitPro/libnds/lib/libnds9.a(console.o)
                0x02013550                currentCopy
 COMMON         0x020135ac      0x148 /Users/jdriselvato/devkitPro/libnds/lib/libnds9.a(background.o)
                0x020135ac                bgState
                0x020136ec                bgIsTextLut
 COMMON         0x020136f4        0x1 /Users/jdriselvato/devkitPro/libnds/lib/libnds9.a(initSystem.o)
                0x020136f4                __dsimode
 *fill*         0x020136f5        0x3 
 COMMON         0x020136f8      0xa40 /Users/jdriselvato/devkitPro/libnds/lib/libnds9.a(fifosystem.o)
                0x020136f8                fifo_datamsg_data
                0x02013738                fifo_buffer
                0x02013f38                fifo_value32_func
                0x02013f78                fifo_address_func
                0x02013fb8                fifo_value32_data
                0x02013ff8                fifo_value32_queue
                0x02014038                fifo_data_queue
                0x02014078                fifo_address_data
                0x020140b8                fifo_datamsg_func
                0x020140f8                fifo_address_queue
 COMMON         0x02014138        0x4 /Users/jdriselvato/devkitPro/libnds/lib/libnds9.a(timeSupport.o)
                0x02014138                punixTime
                0x0201413c                . = ALIGN (0x4)
                0x0201413c                __bss_end__ = ABSOLUTE (.)
                0x0201413c                __end__ = ABSOLUTE (.)

.stab
 *(.stab)

.stabstr
 *(.stabstr)

.stab.excl
 *(.stab.excl)

.stab.exclstr
 *(.stab.exclstr)

.stab.index
 *(.stab.index)

.stab.indexstr
 *(.stab.indexstr)

.comment        0x00000000       0x44
 *(.comment)
 .comment       0x00000000       0x22 /Users/jdriselvato/devkitPro/devkitARM/bin/../lib/gcc/arm-none-eabi/5.3.0/thumb/crtbegin.o
                                 0x23 (size before relaxing)
 .comment       0x00000022       0x23 template.o
 .comment       0x00000022       0x22 /Users/jdriselvato/devkitPro/libnds/lib/libnds9.a(console.o)
                                 0x23 (size before relaxing)
 .comment       0x00000044       0x23 /Users/jdriselvato/devkitPro/libnds/lib/libnds9.a(background.o)
 .comment       0x00000044       0x23 /Users/jdriselvato/devkitPro/libnds/lib/libnds9.a(initSystem.o)
 .comment       0x00000044       0x23 /Users/jdriselvato/devkitPro/libnds/lib/libnds9.a(fifosystem.o)
 .comment       0x00000044       0x23 /Users/jdriselvato/devkitPro/libnds/lib/libnds9.a(libnds_exit.arm.o)
 .comment       0x00000044       0x23 /Users/jdriselvato/devkitPro/libnds/lib/libnds9.a(interrupts.o)
 .comment       0x00000044       0x23 /Users/jdriselvato/devkitPro/libnds/lib/libnds9.a(trig.o)
 .comment       0x00000044       0x23 /Users/jdriselvato/devkitPro/libnds/lib/libnds9.a(system.o)
 .comment       0x00000044       0x23 /Users/jdriselvato/devkitPro/libnds/lib/libnds9.a(video.o)
 .comment       0x00000044       0x23 /Users/jdriselvato/devkitPro/libnds/lib/libnds9.a(timeSupport.o)
 .comment       0x00000044       0x23 /Users/jdriselvato/devkitPro/devkitARM/bin/../lib/gcc/arm-none-eabi/5.3.0/../../../../arm-none-eabi/lib/thumb/libg.a(lib_a-bsearch.o)
 .comment       0x00000044       0x23 /Users/jdriselvato/devkitPro/devkitARM/bin/../lib/gcc/arm-none-eabi/5.3.0/../../../../arm-none-eabi/lib/thumb/libg.a(lib_a-init.o)
 .comment       0x00000044       0x23 /Users/jdriselvato/devkitPro/devkitARM/bin/../lib/gcc/arm-none-eabi/5.3.0/../../../../arm-none-eabi/lib/thumb/libg.a(lib_a-iprintf.o)
 .comment       0x00000044       0x23 /Users/jdriselvato/devkitPro/devkitARM/bin/../lib/gcc/arm-none-eabi/5.3.0/../../../../arm-none-eabi/lib/thumb/libg.a(lib_a-memcpy.o)
 .comment       0x00000044       0x23 /Users/jdriselvato/devkitPro/devkitARM/bin/../lib/gcc/arm-none-eabi/5.3.0/../../../../arm-none-eabi/lib/thumb/libg.a(lib_a-memset.o)
 .comment       0x00000044       0x23 /Users/jdriselvato/devkitPro/devkitARM/bin/../lib/gcc/arm-none-eabi/5.3.0/../../../../arm-none-eabi/lib/thumb/libg.a(lib_a-setvbuf.o)
 .comment       0x00000044       0x23 /Users/jdriselvato/devkitPro/devkitARM/bin/../lib/gcc/arm-none-eabi/5.3.0/../../../../arm-none-eabi/lib/thumb/libg.a(lib_a-siscanf.o)
 .comment       0x00000044       0x23 /Users/jdriselvato/devkitPro/devkitARM/bin/../lib/gcc/arm-none-eabi/5.3.0/../../../../arm-none-eabi/lib/thumb/libg.a(lib_a-stdio.o)
 .comment       0x00000044       0x23 /Users/jdriselvato/devkitPro/devkitARM/bin/../lib/gcc/arm-none-eabi/5.3.0/../../../../arm-none-eabi/lib/thumb/libg.a(lib_a-strlen.o)
 .comment       0x00000044       0x23 /Users/jdriselvato/devkitPro/devkitARM/bin/../lib/gcc/arm-none-eabi/5.3.0/../../../../arm-none-eabi/lib/thumb/libg.a(lib_a-svfiscanf.o)
 .comment       0x00000044       0x23 /Users/jdriselvato/devkitPro/devkitARM/bin/../lib/gcc/arm-none-eabi/5.3.0/../../../../arm-none-eabi/lib/thumb/libg.a(lib_a-ungetc.o)
 .comment       0x00000044       0x23 /Users/jdriselvato/devkitPro/devkitARM/bin/../lib/gcc/arm-none-eabi/5.3.0/../../../../arm-none-eabi/lib/thumb/libg.a(lib_a-vfiprintf.o)
 .comment       0x00000044       0x23 /Users/jdriselvato/devkitPro/devkitARM/bin/../lib/gcc/arm-none-eabi/5.3.0/../../../../arm-none-eabi/lib/thumb/libg.a(lib_a-wcrtomb.o)
 .comment       0x00000044       0x23 /Users/jdriselvato/devkitPro/devkitARM/bin/../lib/gcc/arm-none-eabi/5.3.0/../../../../arm-none-eabi/lib/thumb/libg.a(lib_a-wcsrtombs.o)
 .comment       0x00000044       0x23 /Users/jdriselvato/devkitPro/devkitARM/bin/../lib/gcc/arm-none-eabi/5.3.0/../../../../arm-none-eabi/lib/thumb/libg.a(lib_a-wctomb_r.o)
 .comment       0x00000044       0x23 /Users/jdriselvato/devkitPro/devkitARM/bin/../lib/gcc/arm-none-eabi/5.3.0/../../../../arm-none-eabi/lib/thumb/libg.a(lib_a-wsetup.o)
 .comment       0x00000044       0x23 /Users/jdriselvato/devkitPro/devkitARM/bin/../lib/gcc/arm-none-eabi/5.3.0/../../../../arm-none-eabi/lib/thumb/libg.a(lib_a-ctype_.o)
 .comment       0x00000044       0x23 /Users/jdriselvato/devkitPro/devkitARM/bin/../lib/gcc/arm-none-eabi/5.3.0/../../../../arm-none-eabi/lib/thumb/libg.a(lib_a-fflush.o)
 .comment       0x00000044       0x23 /Users/jdriselvato/devkitPro/devkitARM/bin/../lib/gcc/arm-none-eabi/5.3.0/../../../../arm-none-eabi/lib/thumb/libg.a(lib_a-findfp.o)
 .comment       0x00000044       0x23 /Users/jdriselvato/devkitPro/devkitARM/bin/../lib/gcc/arm-none-eabi/5.3.0/../../../../arm-none-eabi/lib/thumb/libg.a(lib_a-fputwc.o)
 .comment       0x00000044       0x23 /Users/jdriselvato/devkitPro/devkitARM/bin/../lib/gcc/arm-none-eabi/5.3.0/../../../../arm-none-eabi/lib/thumb/libg.a(lib_a-freer.o)
 .comment       0x00000044       0x23 /Users/jdriselvato/devkitPro/devkitARM/bin/../lib/gcc/arm-none-eabi/5.3.0/../../../../arm-none-eabi/lib/thumb/libg.a(lib_a-fvwrite.o)
 .comment       0x00000044       0x23 /Users/jdriselvato/devkitPro/devkitARM/bin/../lib/gcc/arm-none-eabi/5.3.0/../../../../arm-none-eabi/lib/thumb/libg.a(lib_a-fwalk.o)
 .comment       0x00000044       0x23 /Users/jdriselvato/devkitPro/devkitARM/bin/../lib/gcc/arm-none-eabi/5.3.0/../../../../arm-none-eabi/lib/thumb/libg.a(lib_a-impure.o)
 .comment       0x00000044       0x23 /Users/jdriselvato/devkitPro/devkitARM/bin/../lib/gcc/arm-none-eabi/5.3.0/../../../../arm-none-eabi/lib/thumb/libg.a(lib_a-iswspace.o)
 .comment       0x00000044       0x23 /Users/jdriselvato/devkitPro/devkitARM/bin/../lib/gcc/arm-none-eabi/5.3.0/../../../../arm-none-eabi/lib/thumb/libg.a(lib_a-jp2uc.o)
 .comment       0x00000044       0x23 /Users/jdriselvato/devkitPro/devkitARM/bin/../lib/gcc/arm-none-eabi/5.3.0/../../../../arm-none-eabi/lib/thumb/libg.a(lib_a-locale.o)
 .comment       0x00000044       0x23 /Users/jdriselvato/devkitPro/devkitARM/bin/../lib/gcc/arm-none-eabi/5.3.0/../../../../arm-none-eabi/lib/thumb/libg.a(lib_a-makebuf.o)
 .comment       0x00000044       0x23 /Users/jdriselvato/devkitPro/devkitARM/bin/../lib/gcc/arm-none-eabi/5.3.0/../../../../arm-none-eabi/lib/thumb/libg.a(lib_a-malloc.o)
 .comment       0x00000044       0x23 /Users/jdriselvato/devkitPro/devkitARM/bin/../lib/gcc/arm-none-eabi/5.3.0/../../../../arm-none-eabi/lib/thumb/libg.a(lib_a-mallocr.o)
 .comment       0x00000044       0x23 /Users/jdriselvato/devkitPro/devkitARM/bin/../lib/gcc/arm-none-eabi/5.3.0/../../../../arm-none-eabi/lib/thumb/libg.a(lib_a-mbrtowc.o)
 .comment       0x00000044       0x23 /Users/jdriselvato/devkitPro/devkitARM/bin/../lib/gcc/arm-none-eabi/5.3.0/../../../../arm-none-eabi/lib/thumb/libg.a(lib_a-mbtowc_r.o)
 .comment       0x00000044       0x23 /Users/jdriselvato/devkitPro/devkitARM/bin/../lib/gcc/arm-none-eabi/5.3.0/../../../../arm-none-eabi/lib/thumb/libg.a(lib_a-memchr.o)
 .comment       0x00000044       0x23 /Users/jdriselvato/devkitPro/devkitARM/bin/../lib/gcc/arm-none-eabi/5.3.0/../../../../arm-none-eabi/lib/thumb/libg.a(lib_a-memmove.o)
 .comment       0x00000044       0x23 /Users/jdriselvato/devkitPro/devkitARM/bin/../lib/gcc/arm-none-eabi/5.3.0/../../../../arm-none-eabi/lib/thumb/libg.a(lib_a-mlock.o)
 .comment       0x00000044       0x23 /Users/jdriselvato/devkitPro/devkitARM/bin/../lib/gcc/arm-none-eabi/5.3.0/../../../../arm-none-eabi/lib/thumb/libg.a(lib_a-reallocr.o)
 .comment       0x00000044       0x23 /Users/jdriselvato/devkitPro/devkitARM/bin/../lib/gcc/arm-none-eabi/5.3.0/../../../../arm-none-eabi/lib/thumb/libg.a(lib_a-sccl.o)
 .comment       0x00000044       0x23 /Users/jdriselvato/devkitPro/devkitARM/bin/../lib/gcc/arm-none-eabi/5.3.0/../../../../arm-none-eabi/lib/thumb/libg.a(lib_a-strchr.o)
 .comment       0x00000044       0x23 /Users/jdriselvato/devkitPro/devkitARM/bin/../lib/gcc/arm-none-eabi/5.3.0/../../../../arm-none-eabi/lib/thumb/libg.a(lib_a-strncmp.o)
 .comment       0x00000044       0x23 /Users/jdriselvato/devkitPro/devkitARM/bin/../lib/gcc/arm-none-eabi/5.3.0/../../../../arm-none-eabi/lib/thumb/libg.a(lib_a-strncpy.o)
 .comment       0x00000044       0x23 /Users/jdriselvato/devkitPro/devkitARM/bin/../lib/gcc/arm-none-eabi/5.3.0/../../../../arm-none-eabi/lib/thumb/libg.a(lib_a-strtol.o)
 .comment       0x00000044       0x23 /Users/jdriselvato/devkitPro/devkitARM/bin/../lib/gcc/arm-none-eabi/5.3.0/../../../../arm-none-eabi/lib/thumb/libg.a(lib_a-strtoll_r.o)
 .comment       0x00000044       0x23 /Users/jdriselvato/devkitPro/devkitARM/bin/../lib/gcc/arm-none-eabi/5.3.0/../../../../arm-none-eabi/lib/thumb/libg.a(lib_a-strtoul.o)
 .comment       0x00000044       0x23 /Users/jdriselvato/devkitPro/devkitARM/bin/../lib/gcc/arm-none-eabi/5.3.0/../../../../arm-none-eabi/lib/thumb/libg.a(lib_a-strtoull_r.o)
 .comment       0x00000044       0x23 /Users/jdriselvato/devkitPro/devkitARM/bin/../lib/gcc/arm-none-eabi/5.3.0/../../../../arm-none-eabi/lib/thumb/libg.a(lib_a-svfiprintf.o)
 .comment       0x00000044       0x23 /Users/jdriselvato/devkitPro/devkitARM/bin/../lib/gcc/arm-none-eabi/5.3.0/../../../../arm-none-eabi/lib/thumb/libg.a(lib_a-wbuf.o)
 .comment       0x00000044       0x23 /Users/jdriselvato/devkitPro/devkitARM/bin/../lib/gcc/arm-none-eabi/5.3.0/../../../../arm-none-eabi/lib/thumb/libg.a(lib_a-wcsnrtombs.o)
 .comment       0x00000044       0x23 /Users/jdriselvato/devkitPro/devkitARM/bin/../lib/gcc/arm-none-eabi/5.3.0/../../../../arm-none-eabi/lib/thumb/libg.a(lib_a-fclose.o)
 .comment       0x00000044       0x23 /Users/jdriselvato/devkitPro/devkitARM/bin/../lib/gcc/arm-none-eabi/5.3.0/../../../../arm-none-eabi/lib/thumb/libsysbase.a(iosupport.o)
 .comment       0x00000044       0x23 /Users/jdriselvato/devkitPro/devkitARM/bin/../lib/gcc/arm-none-eabi/5.3.0/../../../../arm-none-eabi/lib/thumb/libsysbase.a(close.o)
 .comment       0x00000044       0x23 /Users/jdriselvato/devkitPro/devkitARM/bin/../lib/gcc/arm-none-eabi/5.3.0/../../../../arm-none-eabi/lib/thumb/libsysbase.a(fstat.o)
 .comment       0x00000044       0x23 /Users/jdriselvato/devkitPro/devkitARM/bin/../lib/gcc/arm-none-eabi/5.3.0/../../../../arm-none-eabi/lib/thumb/libsysbase.a(isatty.o)
 .comment       0x00000044       0x23 /Users/jdriselvato/devkitPro/devkitARM/bin/../lib/gcc/arm-none-eabi/5.3.0/../../../../arm-none-eabi/lib/thumb/libsysbase.a(lseek.o)
 .comment       0x00000044       0x23 /Users/jdriselvato/devkitPro/devkitARM/bin/../lib/gcc/arm-none-eabi/5.3.0/../../../../arm-none-eabi/lib/thumb/libsysbase.a(read.o)
 .comment       0x00000044       0x23 /Users/jdriselvato/devkitPro/devkitARM/bin/../lib/gcc/arm-none-eabi/5.3.0/../../../../arm-none-eabi/lib/thumb/libsysbase.a(sbrk.o)
 .comment       0x00000044       0x23 /Users/jdriselvato/devkitPro/devkitARM/bin/../lib/gcc/arm-none-eabi/5.3.0/../../../../arm-none-eabi/lib/thumb/libsysbase.a(write.o)
 .comment       0x00000044       0x23 /Users/jdriselvato/devkitPro/devkitARM/bin/../lib/gcc/arm-none-eabi/5.3.0/../../../../arm-none-eabi/lib/thumb/libsysbase.a(malloc_vars.o)
 .comment       0x00000044       0x23 /Users/jdriselvato/devkitPro/devkitARM/bin/../lib/gcc/arm-none-eabi/5.3.0/../../../../arm-none-eabi/lib/thumb/libsysbase.a(build_argv.o)
 .comment       0x00000044       0x23 /Users/jdriselvato/devkitPro/devkitARM/bin/../lib/gcc/arm-none-eabi/5.3.0/../../../../arm-none-eabi/lib/thumb/libsysbase.a(flock.o)
 .comment       0x00000044       0x23 /Users/jdriselvato/devkitPro/devkitARM/bin/../lib/gcc/arm-none-eabi/5.3.0/../../../../arm-none-eabi/lib/thumb/libsysbase.a(syscall_support.o)
 .comment       0x00000044       0x23 /Users/jdriselvato/devkitPro/devkitARM/bin/../lib/gcc/arm-none-eabi/5.3.0/../../../../arm-none-eabi/lib/thumb/libsysbase.a(handle_manager.o)
 .comment       0x00000044       0x23 /Users/jdriselvato/devkitPro/devkitARM/bin/../lib/gcc/arm-none-eabi/5.3.0/../../../../arm-none-eabi/lib/thumb/libsysbase.a(getreent.o)
 .comment       0x00000044       0x23 /Users/jdriselvato/devkitPro/devkitARM/bin/../lib/gcc/arm-none-eabi/5.3.0/thumb/libgcc.a(_muldi3.o)
 .comment       0x00000044       0x23 /Users/jdriselvato/devkitPro/devkitARM/bin/../lib/gcc/arm-none-eabi/5.3.0/thumb/libgcc.a(_udivmoddi4.o)
 .comment       0x00000044       0x23 /Users/jdriselvato/devkitPro/devkitARM/bin/../lib/gcc/arm-none-eabi/5.3.0/../../../../arm-none-eabi/lib/thumb/libg.a(lib_a-errno.o)
 .comment       0x00000044       0x23 /Users/jdriselvato/devkitPro/devkitARM/bin/../lib/gcc/arm-none-eabi/5.3.0/thumb/crtend.o

.ARM.attributes
                0x00000000       0x2d
 .ARM.attributes
                0x00000000       0x21 /Users/jdriselvato/devkitPro/devkitARM/bin/../lib/gcc/arm-none-eabi/5.3.0/../../../../arm-none-eabi/lib/thumb/ds_arm9_crt0.o
 .ARM.attributes
                0x00000021       0x16 /Users/jdriselvato/devkitPro/devkitARM/bin/../lib/gcc/arm-none-eabi/5.3.0/thumb/crti.o
 .ARM.attributes
                0x00000037       0x30 /Users/jdriselvato/devkitPro/devkitARM/bin/../lib/gcc/arm-none-eabi/5.3.0/thumb/crtbegin.o
 .ARM.attributes
                0x00000067       0x27 template.o
 .ARM.attributes
                0x0000008e       0x27 /Users/jdriselvato/devkitPro/libnds/lib/libnds9.a(console.o)
 .ARM.attributes
                0x000000b5       0x27 /Users/jdriselvato/devkitPro/libnds/lib/libnds9.a(background.o)
 .ARM.attributes
                0x000000dc       0x27 /Users/jdriselvato/devkitPro/libnds/lib/libnds9.a(initSystem.o)
 .ARM.attributes
                0x00000103       0x27 /Users/jdriselvato/devkitPro/libnds/lib/libnds9.a(fifosystem.o)
 .ARM.attributes
                0x0000012a       0x27 /Users/jdriselvato/devkitPro/libnds/lib/libnds9.a(libnds_exit.arm.o)
 .ARM.attributes
                0x00000151       0x27 /Users/jdriselvato/devkitPro/libnds/lib/libnds9.a(interrupts.o)
 .ARM.attributes
                0x00000178       0x21 /Users/jdriselvato/devkitPro/libnds/lib/libnds9.a(IntrWait.o)
 .ARM.attributes
                0x00000199       0x21 /Users/jdriselvato/devkitPro/libnds/lib/libnds9.a(mpu_setup.o)
 .ARM.attributes
                0x000001ba       0x21 /Users/jdriselvato/devkitPro/libnds/lib/libnds9.a(swiSoftReset.o)
 .ARM.attributes
                0x000001db       0x1b /Users/jdriselvato/devkitPro/libnds/lib/libnds9.a(debugprint.o)
 .ARM.attributes
                0x000001f6       0x1b /Users/jdriselvato/devkitPro/libnds/lib/libnds9.a(biosCalls.o)
 .ARM.attributes
                0x00000211       0x1b /Users/jdriselvato/devkitPro/libnds/lib/libnds9.a(interruptDispatcher.o)
 .ARM.attributes
                0x0000022c       0x14 /Users/jdriselvato/devkitPro/libnds/lib/libnds9.a(default_font.bin.o)
 .ARM.attributes
                0x00000240       0x27 /Users/jdriselvato/devkitPro/libnds/lib/libnds9.a(trig.o)
 .ARM.attributes
                0x00000267       0x27 /Users/jdriselvato/devkitPro/libnds/lib/libnds9.a(system.o)
 .ARM.attributes
                0x0000028e       0x27 /Users/jdriselvato/devkitPro/libnds/lib/libnds9.a(video.o)
 .ARM.attributes
                0x000002b5       0x27 /Users/jdriselvato/devkitPro/libnds/lib/libnds9.a(timeSupport.o)
 .ARM.attributes
                0x000002dc       0x18 /Users/jdriselvato/devkitPro/devkitARM/bin/../lib/gcc/arm-none-eabi/5.3.0/thumb/libgcc.a(_divsi3.o)
 .ARM.attributes
                0x000002f4       0x16 /Users/jdriselvato/devkitPro/devkitARM/bin/../lib/gcc/arm-none-eabi/5.3.0/thumb/libgcc.a(_dvmd_tls.o)
 .ARM.attributes
                0x0000030a       0x30 /Users/jdriselvato/devkitPro/devkitARM/bin/../lib/gcc/arm-none-eabi/5.3.0/../../../../arm-none-eabi/lib/thumb/libg.a(lib_a-bsearch.o)
 .ARM.attributes
                0x0000033a       0x30 /Users/jdriselvato/devkitPro/devkitARM/bin/../lib/gcc/arm-none-eabi/5.3.0/../../../../arm-none-eabi/lib/thumb/libg.a(lib_a-init.o)
 .ARM.attributes
                0x0000036a       0x30 /Users/jdriselvato/devkitPro/devkitARM/bin/../lib/gcc/arm-none-eabi/5.3.0/../../../../arm-none-eabi/lib/thumb/libg.a(lib_a-iprintf.o)
 .ARM.attributes
                0x0000039a       0x30 /Users/jdriselvato/devkitPro/devkitARM/bin/../lib/gcc/arm-none-eabi/5.3.0/../../../../arm-none-eabi/lib/thumb/libg.a(lib_a-memcpy.o)
 .ARM.attributes
                0x000003ca       0x30 /Users/jdriselvato/devkitPro/devkitARM/bin/../lib/gcc/arm-none-eabi/5.3.0/../../../../arm-none-eabi/lib/thumb/libg.a(lib_a-memset.o)
 .ARM.attributes
                0x000003fa       0x30 /Users/jdriselvato/devkitPro/devkitARM/bin/../lib/gcc/arm-none-eabi/5.3.0/../../../../arm-none-eabi/lib/thumb/libg.a(lib_a-setvbuf.o)
 .ARM.attributes
                0x0000042a       0x30 /Users/jdriselvato/devkitPro/devkitARM/bin/../lib/gcc/arm-none-eabi/5.3.0/../../../../arm-none-eabi/lib/thumb/libg.a(lib_a-siscanf.o)
 .ARM.attributes
                0x0000045a       0x30 /Users/jdriselvato/devkitPro/devkitARM/bin/../lib/gcc/arm-none-eabi/5.3.0/../../../../arm-none-eabi/lib/thumb/libg.a(lib_a-stdio.o)
 .ARM.attributes
                0x0000048a       0x30 /Users/jdriselvato/devkitPro/devkitARM/bin/../lib/gcc/arm-none-eabi/5.3.0/../../../../arm-none-eabi/lib/thumb/libg.a(lib_a-strlen.o)
 .ARM.attributes
                0x000004ba       0x30 /Users/jdriselvato/devkitPro/devkitARM/bin/../lib/gcc/arm-none-eabi/5.3.0/../../../../arm-none-eabi/lib/thumb/libg.a(lib_a-svfiscanf.o)
 .ARM.attributes
                0x000004ea       0x30 /Users/jdriselvato/devkitPro/devkitARM/bin/../lib/gcc/arm-none-eabi/5.3.0/../../../../arm-none-eabi/lib/thumb/libg.a(lib_a-ungetc.o)
 .ARM.attributes
                0x0000051a       0x30 /Users/jdriselvato/devkitPro/devkitARM/bin/../lib/gcc/arm-none-eabi/5.3.0/../../../../arm-none-eabi/lib/thumb/libg.a(lib_a-vfiprintf.o)
 .ARM.attributes
                0x0000054a       0x30 /Users/jdriselvato/devkitPro/devkitARM/bin/../lib/gcc/arm-none-eabi/5.3.0/../../../../arm-none-eabi/lib/thumb/libg.a(lib_a-wcrtomb.o)
 .ARM.attributes
                0x0000057a       0x30 /Users/jdriselvato/devkitPro/devkitARM/bin/../lib/gcc/arm-none-eabi/5.3.0/../../../../arm-none-eabi/lib/thumb/libg.a(lib_a-wcsrtombs.o)
 .ARM.attributes
                0x000005aa       0x30 /Users/jdriselvato/devkitPro/devkitARM/bin/../lib/gcc/arm-none-eabi/5.3.0/../../../../arm-none-eabi/lib/thumb/libg.a(lib_a-wctomb_r.o)
 .ARM.attributes
                0x000005da       0x30 /Users/jdriselvato/devkitPro/devkitARM/bin/../lib/gcc/arm-none-eabi/5.3.0/../../../../arm-none-eabi/lib/thumb/libg.a(lib_a-wsetup.o)
 .ARM.attributes
                0x0000060a       0x30 /Users/jdriselvato/devkitPro/devkitARM/bin/../lib/gcc/arm-none-eabi/5.3.0/../../../../arm-none-eabi/lib/thumb/libg.a(lib_a-ctype_.o)
 .ARM.attributes
                0x0000063a       0x30 /Users/jdriselvato/devkitPro/devkitARM/bin/../lib/gcc/arm-none-eabi/5.3.0/../../../../arm-none-eabi/lib/thumb/libg.a(lib_a-fflush.o)
 .ARM.attributes
                0x0000066a       0x30 /Users/jdriselvato/devkitPro/devkitARM/bin/../lib/gcc/arm-none-eabi/5.3.0/../../../../arm-none-eabi/lib/thumb/libg.a(lib_a-findfp.o)
 .ARM.attributes
                0x0000069a       0x30 /Users/jdriselvato/devkitPro/devkitARM/bin/../lib/gcc/arm-none-eabi/5.3.0/../../../../arm-none-eabi/lib/thumb/libg.a(lib_a-fputwc.o)
 .ARM.attributes
                0x000006ca       0x30 /Users/jdriselvato/devkitPro/devkitARM/bin/../lib/gcc/arm-none-eabi/5.3.0/../../../../arm-none-eabi/lib/thumb/libg.a(lib_a-freer.o)
 .ARM.attributes
                0x000006fa       0x30 /Users/jdriselvato/devkitPro/devkitARM/bin/../lib/gcc/arm-none-eabi/5.3.0/../../../../arm-none-eabi/lib/thumb/libg.a(lib_a-fvwrite.o)
 .ARM.attributes
                0x0000072a       0x30 /Users/jdriselvato/devkitPro/devkitARM/bin/../lib/gcc/arm-none-eabi/5.3.0/../../../../arm-none-eabi/lib/thumb/libg.a(lib_a-fwalk.o)
 .ARM.attributes
                0x0000075a       0x30 /Users/jdriselvato/devkitPro/devkitARM/bin/../lib/gcc/arm-none-eabi/5.3.0/../../../../arm-none-eabi/lib/thumb/libg.a(lib_a-impure.o)
 .ARM.attributes
                0x0000078a       0x30 /Users/jdriselvato/devkitPro/devkitARM/bin/../lib/gcc/arm-none-eabi/5.3.0/../../../../arm-none-eabi/lib/thumb/libg.a(lib_a-iswspace.o)
 .ARM.attributes
                0x000007ba       0x30 /Users/jdriselvato/devkitPro/devkitARM/bin/../lib/gcc/arm-none-eabi/5.3.0/../../../../arm-none-eabi/lib/thumb/libg.a(lib_a-jp2uc.o)
 .ARM.attributes
                0x000007ea       0x30 /Users/jdriselvato/devkitPro/devkitARM/bin/../lib/gcc/arm-none-eabi/5.3.0/../../../../arm-none-eabi/lib/thumb/libg.a(lib_a-locale.o)
 .ARM.attributes
                0x0000081a       0x30 /Users/jdriselvato/devkitPro/devkitARM/bin/../lib/gcc/arm-none-eabi/5.3.0/../../../../arm-none-eabi/lib/thumb/libg.a(lib_a-makebuf.o)
 .ARM.attributes
                0x0000084a       0x30 /Users/jdriselvato/devkitPro/devkitARM/bin/../lib/gcc/arm-none-eabi/5.3.0/../../../../arm-none-eabi/lib/thumb/libg.a(lib_a-malloc.o)
 .ARM.attributes
                0x0000087a       0x30 /Users/jdriselvato/devkitPro/devkitARM/bin/../lib/gcc/arm-none-eabi/5.3.0/../../../../arm-none-eabi/lib/thumb/libg.a(lib_a-mallocr.o)
 .ARM.attributes
                0x000008aa       0x30 /Users/jdriselvato/devkitPro/devkitARM/bin/../lib/gcc/arm-none-eabi/5.3.0/../../../../arm-none-eabi/lib/thumb/libg.a(lib_a-mbrtowc.o)
 .ARM.attributes
                0x000008da       0x30 /Users/jdriselvato/devkitPro/devkitARM/bin/../lib/gcc/arm-none-eabi/5.3.0/../../../../arm-none-eabi/lib/thumb/libg.a(lib_a-mbtowc_r.o)
 .ARM.attributes
                0x0000090a       0x30 /Users/jdriselvato/devkitPro/devkitARM/bin/../lib/gcc/arm-none-eabi/5.3.0/../../../../arm-none-eabi/lib/thumb/libg.a(lib_a-memchr.o)
 .ARM.attributes
                0x0000093a       0x30 /Users/jdriselvato/devkitPro/devkitARM/bin/../lib/gcc/arm-none-eabi/5.3.0/../../../../arm-none-eabi/lib/thumb/libg.a(lib_a-memmove.o)
 .ARM.attributes
                0x0000096a       0x30 /Users/jdriselvato/devkitPro/devkitARM/bin/../lib/gcc/arm-none-eabi/5.3.0/../../../../arm-none-eabi/lib/thumb/libg.a(lib_a-mlock.o)
 .ARM.attributes
                0x0000099a       0x30 /Users/jdriselvato/devkitPro/devkitARM/bin/../lib/gcc/arm-none-eabi/5.3.0/../../../../arm-none-eabi/lib/thumb/libg.a(lib_a-reallocr.o)
 .ARM.attributes
                0x000009ca       0x30 /Users/jdriselvato/devkitPro/devkitARM/bin/../lib/gcc/arm-none-eabi/5.3.0/../../../../arm-none-eabi/lib/thumb/libg.a(lib_a-sccl.o)
 .ARM.attributes
                0x000009fa       0x30 /Users/jdriselvato/devkitPro/devkitARM/bin/../lib/gcc/arm-none-eabi/5.3.0/../../../../arm-none-eabi/lib/thumb/libg.a(lib_a-strchr.o)
 .ARM.attributes
                0x00000a2a       0x16 /Users/jdriselvato/devkitPro/devkitARM/bin/../lib/gcc/arm-none-eabi/5.3.0/../../../../arm-none-eabi/lib/thumb/libg.a(lib_a-strcmp.o)
 .ARM.attributes
                0x00000a40       0x30 /Users/jdriselvato/devkitPro/devkitARM/bin/../lib/gcc/arm-none-eabi/5.3.0/../../../../arm-none-eabi/lib/thumb/libg.a(lib_a-strncmp.o)
 .ARM.attributes
                0x00000a70       0x30 /Users/jdriselvato/devkitPro/devkitARM/bin/../lib/gcc/arm-none-eabi/5.3.0/../../../../arm-none-eabi/lib/thumb/libg.a(lib_a-strncpy.o)
 .ARM.attributes
                0x00000aa0       0x30 /Users/jdriselvato/devkitPro/devkitARM/bin/../lib/gcc/arm-none-eabi/5.3.0/../../../../arm-none-eabi/lib/thumb/libg.a(lib_a-strtol.o)
 .ARM.attributes
                0x00000ad0       0x30 /Users/jdriselvato/devkitPro/devkitARM/bin/../lib/gcc/arm-none-eabi/5.3.0/../../../../arm-none-eabi/lib/thumb/libg.a(lib_a-strtoll_r.o)
 .ARM.attributes
                0x00000b00       0x30 /Users/jdriselvato/devkitPro/devkitARM/bin/../lib/gcc/arm-none-eabi/5.3.0/../../../../arm-none-eabi/lib/thumb/libg.a(lib_a-strtoul.o)
 .ARM.attributes
                0x00000b30       0x30 /Users/jdriselvato/devkitPro/devkitARM/bin/../lib/gcc/arm-none-eabi/5.3.0/../../../../arm-none-eabi/lib/thumb/libg.a(lib_a-strtoull_r.o)
 .ARM.attributes
                0x00000b60       0x30 /Users/jdriselvato/devkitPro/devkitARM/bin/../lib/gcc/arm-none-eabi/5.3.0/../../../../arm-none-eabi/lib/thumb/libg.a(lib_a-svfiprintf.o)
 .ARM.attributes
                0x00000b90       0x30 /Users/jdriselvato/devkitPro/devkitARM/bin/../lib/gcc/arm-none-eabi/5.3.0/../../../../arm-none-eabi/lib/thumb/libg.a(lib_a-wbuf.o)
 .ARM.attributes
                0x00000bc0       0x30 /Users/jdriselvato/devkitPro/devkitARM/bin/../lib/gcc/arm-none-eabi/5.3.0/../../../../arm-none-eabi/lib/thumb/libg.a(lib_a-wcsnrtombs.o)
 .ARM.attributes
                0x00000bf0       0x30 /Users/jdriselvato/devkitPro/devkitARM/bin/../lib/gcc/arm-none-eabi/5.3.0/../../../../arm-none-eabi/lib/thumb/libg.a(lib_a-fclose.o)
 .ARM.attributes
                0x00000c20       0x30 /Users/jdriselvato/devkitPro/devkitARM/bin/../lib/gcc/arm-none-eabi/5.3.0/../../../../arm-none-eabi/lib/thumb/libsysbase.a(iosupport.o)
 .ARM.attributes
                0x00000c50       0x30 /Users/jdriselvato/devkitPro/devkitARM/bin/../lib/gcc/arm-none-eabi/5.3.0/../../../../arm-none-eabi/lib/thumb/libsysbase.a(close.o)
 .ARM.attributes
                0x00000c80       0x30 /Users/jdriselvato/devkitPro/devkitARM/bin/../lib/gcc/arm-none-eabi/5.3.0/../../../../arm-none-eabi/lib/thumb/libsysbase.a(fstat.o)
 .ARM.attributes
                0x00000cb0       0x30 /Users/jdriselvato/devkitPro/devkitARM/bin/../lib/gcc/arm-none-eabi/5.3.0/../../../../arm-none-eabi/lib/thumb/libsysbase.a(isatty.o)
 .ARM.attributes
                0x00000ce0       0x30 /Users/jdriselvato/devkitPro/devkitARM/bin/../lib/gcc/arm-none-eabi/5.3.0/../../../../arm-none-eabi/lib/thumb/libsysbase.a(lseek.o)
 .ARM.attributes
                0x00000d10       0x30 /Users/jdriselvato/devkitPro/devkitARM/bin/../lib/gcc/arm-none-eabi/5.3.0/../../../../arm-none-eabi/lib/thumb/libsysbase.a(read.o)
 .ARM.attributes
                0x00000d40       0x30 /Users/jdriselvato/devkitPro/devkitARM/bin/../lib/gcc/arm-none-eabi/5.3.0/../../../../arm-none-eabi/lib/thumb/libsysbase.a(sbrk.o)
 .ARM.attributes
                0x00000d70       0x30 /Users/jdriselvato/devkitPro/devkitARM/bin/../lib/gcc/arm-none-eabi/5.3.0/../../../../arm-none-eabi/lib/thumb/libsysbase.a(write.o)
 .ARM.attributes
                0x00000da0       0x30 /Users/jdriselvato/devkitPro/devkitARM/bin/../lib/gcc/arm-none-eabi/5.3.0/../../../../arm-none-eabi/lib/thumb/libsysbase.a(malloc_vars.o)
 .ARM.attributes
                0x00000dd0       0x30 /Users/jdriselvato/devkitPro/devkitARM/bin/../lib/gcc/arm-none-eabi/5.3.0/../../../../arm-none-eabi/lib/thumb/libsysbase.a(build_argv.o)
 .ARM.attributes
                0x00000e00       0x30 /Users/jdriselvato/devkitPro/devkitARM/bin/../lib/gcc/arm-none-eabi/5.3.0/../../../../arm-none-eabi/lib/thumb/libsysbase.a(flock.o)
 .ARM.attributes
                0x00000e30       0x30 /Users/jdriselvato/devkitPro/devkitARM/bin/../lib/gcc/arm-none-eabi/5.3.0/../../../../arm-none-eabi/lib/thumb/libsysbase.a(syscall_support.o)
 .ARM.attributes
                0x00000e60       0x30 /Users/jdriselvato/devkitPro/devkitARM/bin/../lib/gcc/arm-none-eabi/5.3.0/../../../../arm-none-eabi/lib/thumb/libsysbase.a(handle_manager.o)
 .ARM.attributes
                0x00000e90       0x30 /Users/jdriselvato/devkitPro/devkitARM/bin/../lib/gcc/arm-none-eabi/5.3.0/../../../../arm-none-eabi/lib/thumb/libsysbase.a(getreent.o)
 .ARM.attributes
                0x00000ec0       0x18 /Users/jdriselvato/devkitPro/devkitARM/bin/../lib/gcc/arm-none-eabi/5.3.0/thumb/libgcc.a(_udivsi3.o)
 .ARM.attributes
                0x00000ed8       0x18 /Users/jdriselvato/devkitPro/devkitARM/bin/../lib/gcc/arm-none-eabi/5.3.0/thumb/libgcc.a(_aeabi_uldivmod.o)
 .ARM.attributes
                0x00000ef0       0x30 /Users/jdriselvato/devkitPro/devkitARM/bin/../lib/gcc/arm-none-eabi/5.3.0/thumb/libgcc.a(_muldi3.o)
 .ARM.attributes
                0x00000f20       0x30 /Users/jdriselvato/devkitPro/devkitARM/bin/../lib/gcc/arm-none-eabi/5.3.0/thumb/libgcc.a(_udivmoddi4.o)
 .ARM.attributes
                0x00000f50       0x18 /Users/jdriselvato/devkitPro/devkitARM/bin/../lib/gcc/arm-none-eabi/5.3.0/thumb/libgcc.a(_clzdi2.o)
 .ARM.attributes
                0x00000f68       0x18 /Users/jdriselvato/devkitPro/devkitARM/bin/../lib/gcc/arm-none-eabi/5.3.0/thumb/libgcc.a(_clzsi2.o)
 .ARM.attributes
                0x00000f80       0x30 /Users/jdriselvato/devkitPro/devkitARM/bin/../lib/gcc/arm-none-eabi/5.3.0/../../../../arm-none-eabi/lib/thumb/libg.a(lib_a-errno.o)
 .ARM.attributes
                0x00000fb0       0x30 /Users/jdriselvato/devkitPro/devkitARM/bin/../lib/gcc/arm-none-eabi/5.3.0/thumb/crtend.o
 .ARM.attributes
                0x00000fe0       0x16 /Users/jdriselvato/devkitPro/devkitARM/bin/../lib/gcc/arm-none-eabi/5.3.0/thumb/crtn.o

.debug
 *(.debug)

.line
 *(.line)

.debug_srcinfo
 *(.debug_srcinfo)

.debug_sfnames
 *(.debug_sfnames)

.debug_aranges  0x00000000      0x220
 *(.debug_aranges)
 .debug_aranges
                0x00000000       0x20 template.o
 .debug_aranges
                0x00000020       0x20 /Users/jdriselvato/devkitPro/libnds/lib/libnds9.a(console.o)
 .debug_aranges
                0x00000040       0x20 /Users/jdriselvato/devkitPro/libnds/lib/libnds9.a(background.o)
 .debug_aranges
                0x00000060       0x20 /Users/jdriselvato/devkitPro/libnds/lib/libnds9.a(initSystem.o)
 .debug_aranges
                0x00000080       0x20 /Users/jdriselvato/devkitPro/libnds/lib/libnds9.a(fifosystem.o)
 .debug_aranges
                0x000000a0       0x20 /Users/jdriselvato/devkitPro/libnds/lib/libnds9.a(libnds_exit.arm.o)
 .debug_aranges
                0x000000c0       0x20 /Users/jdriselvato/devkitPro/libnds/lib/libnds9.a(interrupts.o)
 .debug_aranges
                0x000000e0       0x20 /Users/jdriselvato/devkitPro/libnds/lib/libnds9.a(IntrWait.o)
 .debug_aranges
                0x00000100       0x20 /Users/jdriselvato/devkitPro/libnds/lib/libnds9.a(mpu_setup.o)
 .debug_aranges
                0x00000120       0x20 /Users/jdriselvato/devkitPro/libnds/lib/libnds9.a(swiSoftReset.o)
 .debug_aranges
                0x00000140       0x20 /Users/jdriselvato/devkitPro/libnds/lib/libnds9.a(debugprint.o)
 .debug_aranges
                0x00000160       0x20 /Users/jdriselvato/devkitPro/libnds/lib/libnds9.a(biosCalls.o)
 .debug_aranges
                0x00000180       0x20 /Users/jdriselvato/devkitPro/libnds/lib/libnds9.a(interruptDispatcher.o)
 .debug_aranges
                0x000001a0       0x20 /Users/jdriselvato/devkitPro/libnds/lib/libnds9.a(trig.o)
 .debug_aranges
                0x000001c0       0x20 /Users/jdriselvato/devkitPro/libnds/lib/libnds9.a(system.o)
 .debug_aranges
                0x000001e0       0x20 /Users/jdriselvato/devkitPro/libnds/lib/libnds9.a(video.o)
 .debug_aranges
                0x00000200       0x20 /Users/jdriselvato/devkitPro/libnds/lib/libnds9.a(timeSupport.o)

.debug_pubnames
 *(.debug_pubnames)

.debug_info     0x00000000     0x83e9
 *(.debug_info)
 .debug_info    0x00000000      0xbfc template.o
 .debug_info    0x00000bfc     0x223d /Users/jdriselvato/devkitPro/libnds/lib/libnds9.a(console.o)
 .debug_info    0x00002e39      0xa19 /Users/jdriselvato/devkitPro/libnds/lib/libnds9.a(background.o)
 .debug_info    0x00003852     0x10b3 /Users/jdriselvato/devkitPro/libnds/lib/libnds9.a(initSystem.o)
 .debug_info    0x00004905     0x1647 /Users/jdriselvato/devkitPro/libnds/lib/libnds9.a(fifosystem.o)
 .debug_info    0x00005f4c      0x337 /Users/jdriselvato/devkitPro/libnds/lib/libnds9.a(libnds_exit.arm.o)
 .debug_info    0x00006283      0x5d8 /Users/jdriselvato/devkitPro/libnds/lib/libnds9.a(interrupts.o)
 .debug_info    0x0000685b       0xd1 /Users/jdriselvato/devkitPro/libnds/lib/libnds9.a(IntrWait.o)
 .debug_info    0x0000692c       0xd2 /Users/jdriselvato/devkitPro/libnds/lib/libnds9.a(mpu_setup.o)
 .debug_info    0x000069fe       0xd0 /Users/jdriselvato/devkitPro/libnds/lib/libnds9.a(swiSoftReset.o)
 .debug_info    0x00006ace       0xce /Users/jdriselvato/devkitPro/libnds/lib/libnds9.a(debugprint.o)
 .debug_info    0x00006b9c       0xcd /Users/jdriselvato/devkitPro/libnds/lib/libnds9.a(biosCalls.o)
 .debug_info    0x00006c69       0xd7 /Users/jdriselvato/devkitPro/libnds/lib/libnds9.a(interruptDispatcher.o)
 .debug_info    0x00006d40      0x54d /Users/jdriselvato/devkitPro/libnds/lib/libnds9.a(trig.o)
 .debug_info    0x0000728d      0x917 /Users/jdriselvato/devkitPro/libnds/lib/libnds9.a(system.o)
 .debug_info    0x00007ba4      0x6f8 /Users/jdriselvato/devkitPro/libnds/lib/libnds9.a(video.o)
 .debug_info    0x0000829c      0x14d /Users/jdriselvato/devkitPro/libnds/lib/libnds9.a(timeSupport.o)

.debug_abbrev   0x00000000     0x1c86
 *(.debug_abbrev)
 .debug_abbrev  0x00000000      0x284 template.o
 .debug_abbrev  0x00000284      0x504 /Users/jdriselvato/devkitPro/libnds/lib/libnds9.a(console.o)
 .debug_abbrev  0x00000788      0x2b2 /Users/jdriselvato/devkitPro/libnds/lib/libnds9.a(background.o)
 .debug_abbrev  0x00000a3a      0x2d2 /Users/jdriselvato/devkitPro/libnds/lib/libnds9.a(initSystem.o)
 .debug_abbrev  0x00000d0c      0x411 /Users/jdriselvato/devkitPro/libnds/lib/libnds9.a(fifosystem.o)
 .debug_abbrev  0x0000111d      0x17c /Users/jdriselvato/devkitPro/libnds/lib/libnds9.a(libnds_exit.arm.o)
 .debug_abbrev  0x00001299      0x284 /Users/jdriselvato/devkitPro/libnds/lib/libnds9.a(interrupts.o)
 .debug_abbrev  0x0000151d       0x14 /Users/jdriselvato/devkitPro/libnds/lib/libnds9.a(IntrWait.o)
 .debug_abbrev  0x00001531       0x14 /Users/jdriselvato/devkitPro/libnds/lib/libnds9.a(mpu_setup.o)
 .debug_abbrev  0x00001545       0x14 /Users/jdriselvato/devkitPro/libnds/lib/libnds9.a(swiSoftReset.o)
 .debug_abbrev  0x00001559       0x14 /Users/jdriselvato/devkitPro/libnds/lib/libnds9.a(debugprint.o)
 .debug_abbrev  0x0000156d       0x14 /Users/jdriselvato/devkitPro/libnds/lib/libnds9.a(biosCalls.o)
 .debug_abbrev  0x00001581       0x14 /Users/jdriselvato/devkitPro/libnds/lib/libnds9.a(interruptDispatcher.o)
 .debug_abbrev  0x00001595      0x1ef /Users/jdriselvato/devkitPro/libnds/lib/libnds9.a(trig.o)
 .debug_abbrev  0x00001784      0x24e /Users/jdriselvato/devkitPro/libnds/lib/libnds9.a(system.o)
 .debug_abbrev  0x000019d2      0x1f7 /Users/jdriselvato/devkitPro/libnds/lib/libnds9.a(video.o)
 .debug_abbrev  0x00001bc9       0xbd /Users/jdriselvato/devkitPro/libnds/lib/libnds9.a(timeSupport.o)

.debug_line     0x00000000     0x27cf
 *(.debug_line)
 .debug_line    0x00000000      0x23f template.o
 .debug_line    0x0000023f      0x678 /Users/jdriselvato/devkitPro/libnds/lib/libnds9.a(console.o)
 .debug_line    0x000008b7      0x325 /Users/jdriselvato/devkitPro/libnds/lib/libnds9.a(background.o)
 .debug_line    0x00000bdc      0x38d /Users/jdriselvato/devkitPro/libnds/lib/libnds9.a(initSystem.o)
 .debug_line    0x00000f69      0x706 /Users/jdriselvato/devkitPro/libnds/lib/libnds9.a(fifosystem.o)
 .debug_line    0x0000166f      0x223 /Users/jdriselvato/devkitPro/libnds/lib/libnds9.a(libnds_exit.arm.o)
 .debug_line    0x00001892      0x298 /Users/jdriselvato/devkitPro/libnds/lib/libnds9.a(interrupts.o)
 .debug_line    0x00001b2a       0x97 /Users/jdriselvato/devkitPro/libnds/lib/libnds9.a(IntrWait.o)
 .debug_line    0x00001bc1      0x107 /Users/jdriselvato/devkitPro/libnds/lib/libnds9.a(mpu_setup.o)
 .debug_line    0x00001cc8       0x9d /Users/jdriselvato/devkitPro/libnds/lib/libnds9.a(swiSoftReset.o)
 .debug_line    0x00001d65       0xa5 /Users/jdriselvato/devkitPro/libnds/lib/libnds9.a(debugprint.o)
 .debug_line    0x00001e0a       0xc5 /Users/jdriselvato/devkitPro/libnds/lib/libnds9.a(biosCalls.o)
 .debug_line    0x00001ecf       0xcd /Users/jdriselvato/devkitPro/libnds/lib/libnds9.a(interruptDispatcher.o)
 .debug_line    0x00001f9c      0x268 /Users/jdriselvato/devkitPro/libnds/lib/libnds9.a(trig.o)
 .debug_line    0x00002204      0x29a /Users/jdriselvato/devkitPro/libnds/lib/libnds9.a(system.o)
 .debug_line    0x0000249e      0x253 /Users/jdriselvato/devkitPro/libnds/lib/libnds9.a(video.o)
 .debug_line    0x000026f1       0xde /Users/jdriselvato/devkitPro/libnds/lib/libnds9.a(timeSupport.o)

.debug_frame    0x00000000      0x8a8
 *(.debug_frame)
 .debug_frame   0x00000000       0x2c template.o
 .debug_frame   0x0000002c      0x1a0 /Users/jdriselvato/devkitPro/libnds/lib/libnds9.a(console.o)
 .debug_frame   0x000001cc       0xc0 /Users/jdriselvato/devkitPro/libnds/lib/libnds9.a(background.o)
 .debug_frame   0x0000028c       0x28 /Users/jdriselvato/devkitPro/libnds/lib/libnds9.a(initSystem.o)
 .debug_frame   0x000002b4      0x2a4 /Users/jdriselvato/devkitPro/libnds/lib/libnds9.a(fifosystem.o)
 .debug_frame   0x00000558       0x3c /Users/jdriselvato/devkitPro/libnds/lib/libnds9.a(libnds_exit.arm.o)
 .debug_frame   0x00000594       0xa4 /Users/jdriselvato/devkitPro/libnds/lib/libnds9.a(interrupts.o)
 .debug_frame   0x00000638       0xd0 /Users/jdriselvato/devkitPro/libnds/lib/libnds9.a(trig.o)
 .debug_frame   0x00000708       0xc8 /Users/jdriselvato/devkitPro/libnds/lib/libnds9.a(system.o)
 .debug_frame   0x000007d0       0xb8 /Users/jdriselvato/devkitPro/libnds/lib/libnds9.a(video.o)
 .debug_frame   0x00000888       0x20 /Users/jdriselvato/devkitPro/libnds/lib/libnds9.a(timeSupport.o)

.debug_str      0x00000000     0x34e9
 *(.debug_str)
 .debug_str     0x00000000      0x8d9 template.o
                                0x971 (size before relaxing)
 .debug_str     0x000008d9      0xe48 /Users/jdriselvato/devkitPro/libnds/lib/libnds9.a(console.o)
                               0x1196 (size before relaxing)
 .debug_str     0x00001721      0x2d9 /Users/jdriselvato/devkitPro/libnds/lib/libnds9.a(background.o)
                                0x72f (size before relaxing)
 .debug_str     0x000019fa      0x52a /Users/jdriselvato/devkitPro/libnds/lib/libnds9.a(initSystem.o)
                                0xbcc (size before relaxing)
 .debug_str     0x00001f24      0x61d /Users/jdriselvato/devkitPro/libnds/lib/libnds9.a(fifosystem.o)
                                0x89f (size before relaxing)
 .debug_str     0x00002541      0x1be /Users/jdriselvato/devkitPro/libnds/lib/libnds9.a(libnds_exit.arm.o)
                                0x36d (size before relaxing)
 .debug_str     0x000026ff       0xb4 /Users/jdriselvato/devkitPro/libnds/lib/libnds9.a(interrupts.o)
                                0x41d (size before relaxing)
 .debug_str     0x000027b3       0xf6 /Users/jdriselvato/devkitPro/libnds/lib/libnds9.a(trig.o)
                                0x277 (size before relaxing)
 .debug_str     0x000028a9      0x2e0 /Users/jdriselvato/devkitPro/libnds/lib/libnds9.a(system.o)
                                0x6c4 (size before relaxing)
 .debug_str     0x00002b89      0x8ee /Users/jdriselvato/devkitPro/libnds/lib/libnds9.a(video.o)
                                0xbcb (size before relaxing)
 .debug_str     0x00003477       0x72 /Users/jdriselvato/devkitPro/libnds/lib/libnds9.a(timeSupport.o)
                                0x1de (size before relaxing)

.debug_loc      0x00000000     0x37ca
 *(.debug_loc)
 .debug_loc     0x00000000       0x4c template.o
 .debug_loc     0x0000004c     0x1080 /Users/jdriselvato/devkitPro/libnds/lib/libnds9.a(console.o)
 .debug_loc     0x000010cc      0x40b /Users/jdriselvato/devkitPro/libnds/lib/libnds9.a(background.o)
 .debug_loc     0x000014d7       0x1f /Users/jdriselvato/devkitPro/libnds/lib/libnds9.a(initSystem.o)
 .debug_loc     0x000014f6     0x12bf /Users/jdriselvato/devkitPro/libnds/lib/libnds9.a(fifosystem.o)
 .debug_loc     0x000027b5       0x58 /Users/jdriselvato/devkitPro/libnds/lib/libnds9.a(libnds_exit.arm.o)
 .debug_loc     0x0000280d      0x14b /Users/jdriselvato/devkitPro/libnds/lib/libnds9.a(interrupts.o)
 .debug_loc     0x00002958      0xa4b /Users/jdriselvato/devkitPro/libnds/lib/libnds9.a(trig.o)
 .debug_loc     0x000033a3      0x1f9 /Users/jdriselvato/devkitPro/libnds/lib/libnds9.a(system.o)
 .debug_loc     0x0000359c      0x20d /Users/jdriselvato/devkitPro/libnds/lib/libnds9.a(video.o)
 .debug_loc     0x000037a9       0x21 /Users/jdriselvato/devkitPro/libnds/lib/libnds9.a(timeSupport.o)

.debug_macinfo
 *(.debug_macinfo)

.debug_weaknames
 *(.debug_weaknames)

.debug_funcnames
 *(.debug_funcnames)

.debug_typenames
 *(.debug_typenames)

.debug_varnames
 *(.debug_varnames)

.stack          0x00080000        0x0
                0x00080000                _stack = .
 *(.stack)
LOAD /Users/jdriselvato/devkitPro/devkitARM/bin/../lib/gcc/arm-none-eabi/5.3.0/../../../../arm-none-eabi/lib/thumb/ds_arm9_crt0.o
LOAD /Users/jdriselvato/devkitPro/devkitARM/bin/../lib/gcc/arm-none-eabi/5.3.0/thumb/crti.o
LOAD /Users/jdriselvato/devkitPro/devkitARM/bin/../lib/gcc/arm-none-eabi/5.3.0/thumb/crtbegin.o
LOAD template.o
LOAD /Users/jdriselvato/devkitPro/libnds/lib/libnds9.a
START GROUP
LOAD /Users/jdriselvato/devkitPro/devkitARM/bin/../lib/gcc/arm-none-eabi/5.3.0/thumb/libgcc.a
LOAD /Users/jdriselvato/devkitPro/devkitARM/bin/../lib/gcc/arm-none-eabi/5.3.0/../../../../arm-none-eabi/lib/thumb/libg.a
LOAD /Users/jdriselvato/devkitPro/devkitARM/bin/../lib/gcc/arm-none-eabi/5.3.0/../../../../arm-none-eabi/lib/thumb/libc.a
LOAD /Users/jdriselvato/devkitPro/devkitARM/bin/../lib/gcc/arm-none-eabi/5.3.0/../../../../arm-none-eabi/lib/thumb/libsysbase.a
END GROUP
LOAD /Users/jdriselvato/devkitPro/devkitARM/bin/../lib/gcc/arm-none-eabi/5.3.0/thumb/crtend.o
LOAD /Users/jdriselvato/devkitPro/devkitARM/bin/../lib/gcc/arm-none-eabi/5.3.0/thumb/crtn.o
OUTPUT(/Users/jdriselvato/Programming/NDS/NDS-Development/examples/basic-user-menu/basic-user-menu.elf elf32-littlearm)

.debug_ranges   0x00000000      0x7a0
 .debug_ranges  0x00000000       0x40 template.o
 .debug_ranges  0x00000040      0x198 /Users/jdriselvato/devkitPro/libnds/lib/libnds9.a(console.o)
 .debug_ranges  0x000001d8       0x88 /Users/jdriselvato/devkitPro/libnds/lib/libnds9.a(background.o)
 .debug_ranges  0x00000260      0x3e0 /Users/jdriselvato/devkitPro/libnds/lib/libnds9.a(fifosystem.o)
 .debug_ranges  0x00000640       0xc0 /Users/jdriselvato/devkitPro/libnds/lib/libnds9.a(interrupts.o)