Archive member included to satisfy reference by file (symbol)

/Users/jdriselvato/devkitPro/libnds/lib/libnds9.a(keys.o)
                              template.o (scanKeys)
/Users/jdriselvato/devkitPro/libnds/lib/libnds9.a(console.o)
                              template.o (consoleDemoInit)
/Users/jdriselvato/devkitPro/libnds/lib/libnds9.a(background.o)
                              /Users/jdriselvato/devkitPro/libnds/lib/libnds9.a(console.o) (bgState)
/Users/jdriselvato/devkitPro/libnds/lib/libnds9.a(initSystem.o)
                              /Users/jdriselvato/devkitPro/devkitARM/bin/../lib/gcc/arm-none-eabi/5.3.0/../../../../arm-none-eabi/lib/thumb/ds_arm9_crt0.o (initSystem)
/Users/jdriselvato/devkitPro/libnds/lib/libnds9.a(fifosystem.o)
                              /Users/jdriselvato/devkitPro/libnds/lib/libnds9.a(initSystem.o) (fifoSetValue32Handler)
/Users/jdriselvato/devkitPro/libnds/lib/libnds9.a(libnds_exit.arm.o)
                              /Users/jdriselvato/devkitPro/devkitARM/bin/../lib/gcc/arm-none-eabi/5.3.0/../../../../arm-none-eabi/lib/thumb/ds_arm9_crt0.o (__libnds_exit)
/Users/jdriselvato/devkitPro/libnds/lib/libnds9.a(interrupts.o)
                              /Users/jdriselvato/devkitPro/libnds/lib/libnds9.a(fifosystem.o) (irqSet)
/Users/jdriselvato/devkitPro/libnds/lib/libnds9.a(IntrWait.o)
                              /Users/jdriselvato/devkitPro/libnds/lib/libnds9.a(fifosystem.o) (swiIntrWait)
/Users/jdriselvato/devkitPro/libnds/lib/libnds9.a(mpu_setup.o)
                              /Users/jdriselvato/devkitPro/devkitARM/bin/../lib/gcc/arm-none-eabi/5.3.0/../../../../arm-none-eabi/lib/thumb/ds_arm9_crt0.o (__libnds_mpu_setup)
/Users/jdriselvato/devkitPro/libnds/lib/libnds9.a(swiSoftReset.o)
                              /Users/jdriselvato/devkitPro/libnds/lib/libnds9.a(fifosystem.o) (swiSoftReset)
/Users/jdriselvato/devkitPro/libnds/lib/libnds9.a(debugprint.o)
                              /Users/jdriselvato/devkitPro/libnds/lib/libnds9.a(console.o) (nocashWrite)
/Users/jdriselvato/devkitPro/libnds/lib/libnds9.a(biosCalls.o)
                              template.o (swiWaitForVBlank)
/Users/jdriselvato/devkitPro/libnds/lib/libnds9.a(interruptDispatcher.o)
                              /Users/jdriselvato/devkitPro/libnds/lib/libnds9.a(interrupts.o) (IntrMain)
/Users/jdriselvato/devkitPro/libnds/lib/libnds9.a(default_font.bin.o)
                              /Users/jdriselvato/devkitPro/libnds/lib/libnds9.a(console.o) (default_font_bin)
/Users/jdriselvato/devkitPro/libnds/lib/libnds9.a(trig.o)
                              /Users/jdriselvato/devkitPro/libnds/lib/libnds9.a(background.o) (sinLerp)
/Users/jdriselvato/devkitPro/libnds/lib/libnds9.a(system.o)
                              /Users/jdriselvato/devkitPro/libnds/lib/libnds9.a(initSystem.o) (systemValueHandler)
/Users/jdriselvato/devkitPro/libnds/lib/libnds9.a(video.o)
                              /Users/jdriselvato/devkitPro/libnds/lib/libnds9.a(initSystem.o) (vramDefault)
/Users/jdriselvato/devkitPro/libnds/lib/libnds9.a(timeSupport.o)
                              /Users/jdriselvato/devkitPro/libnds/lib/libnds9.a(initSystem.o) (__libnds_gtod)
/Users/jdriselvato/devkitPro/devkitARM/bin/../lib/gcc/arm-none-eabi/5.3.0/thumb/libgcc.a(_divsi3.o)
                              /Users/jdriselvato/devkitPro/libnds/lib/libnds9.a(console.o) (__aeabi_idivmod)
/Users/jdriselvato/devkitPro/devkitARM/bin/../lib/gcc/arm-none-eabi/5.3.0/thumb/libgcc.a(_dvmd_tls.o)
                              /Users/jdriselvato/devkitPro/devkitARM/bin/../lib/gcc/arm-none-eabi/5.3.0/thumb/libgcc.a(_divsi3.o) (__aeabi_idiv0)
/Users/jdriselvato/devkitPro/devkitARM/bin/../lib/gcc/arm-none-eabi/5.3.0/../../../../arm-none-eabi/lib/thumb/libg.a(lib_a-bsearch.o)
                              /Users/jdriselvato/devkitPro/libnds/lib/libnds9.a(trig.o) (bsearch)
/Users/jdriselvato/devkitPro/devkitARM/bin/../lib/gcc/arm-none-eabi/5.3.0/../../../../arm-none-eabi/lib/thumb/libg.a(lib_a-init.o)
                              /Users/jdriselvato/devkitPro/devkitARM/bin/../lib/gcc/arm-none-eabi/5.3.0/../../../../arm-none-eabi/lib/thumb/ds_arm9_crt0.o (__libc_init_array)
/Users/jdriselvato/devkitPro/devkitARM/bin/../lib/gcc/arm-none-eabi/5.3.0/../../../../arm-none-eabi/lib/thumb/libg.a(lib_a-iprintf.o)
                              template.o (iprintf)
/Users/jdriselvato/devkitPro/devkitARM/bin/../lib/gcc/arm-none-eabi/5.3.0/../../../../arm-none-eabi/lib/thumb/libg.a(lib_a-memcpy.o)
                              /Users/jdriselvato/devkitPro/libnds/lib/libnds9.a(console.o) (memcpy)
/Users/jdriselvato/devkitPro/devkitARM/bin/../lib/gcc/arm-none-eabi/5.3.0/../../../../arm-none-eabi/lib/thumb/libg.a(lib_a-memset.o)
                              /Users/jdriselvato/devkitPro/libnds/lib/libnds9.a(background.o) (memset)
/Users/jdriselvato/devkitPro/devkitARM/bin/../lib/gcc/arm-none-eabi/5.3.0/../../../../arm-none-eabi/lib/thumb/libg.a(lib_a-setvbuf.o)
[...]
Memory Configuration

Name             Origin             Length             Attributes
rom              0x08000000         0x02000000
ewram            0x02000000         0x003ff000
dtcm             0x0b000000         0x00004000
vectors          0x01000000         0x00000100
itcm             0x01000100         0x00007f00
*default*        0x00000000         0xffffffff

Linker script and memory map

                0x01000000                __vectors_start = ORIGIN (vectors)
                0x01000100                __itcm_start = ORIGIN (itcm)
                0x023ff000                __ewram_end = (ORIGIN (ewram) + 0x3ff000)
                0x023ff000                __eheap_end = (ORIGIN (ewram) + 0x3ff000)
                0x0b000000                __dtcm_start = ORIGIN (dtcm)
                0x0b004000                __dtcm_top = (ORIGIN (dtcm) + 0x4000)
                0x0b003ff8                __irq_flags = (__dtcm_top - 0x8)
                0x0b003ffc                __irq_vector = (__dtcm_top - 0x4)
                0x0b003f00                __sp_svc = (__dtcm_top - 0x100)
                0x0b003e00                __sp_irq = (__sp_svc - 0x100)
                0x0b003d00                __sp_usr = (__sp_irq - 0x100)

.init           0x02000000      0x23c
                0x02000000                __text_start = .
 *(.init)
 .init          0x02000000      0x230 /Users/jdriselvato/devkitPro/devkitARM/bin/../lib/gcc/arm-none-eabi/5.3.0/../../../../arm-none-eabi/lib/thumb/ds_arm9_crt0.o
                0x02000000                _start
 .init          0x02000230        0x4 /Users/jdriselvato/devkitPro/devkitARM/bin/../lib/gcc/arm-none-eabi/5.3.0/thumb/crti.o
                0x02000230                _init
 .init          0x02000234        0x8 /Users/jdriselvato/devkitPro/devkitARM/bin/../lib/gcc/arm-none-eabi/5.3.0/thumb/crtn.o
                0x0200023c                . = ALIGN (0x4)

.plt
 *(.plt)

.text           0x02000240     0xac00
 *(EXCLUDE_FILE(*.itcm*) .text)
 .text          0x02000240       0xd4 /Users/jdriselvato/devkitPro/devkitARM/bin/../lib/gcc/arm-none-eabi/5.3.0/thumb/crtbegin.o
 .text          0x02000314       0xf4 /Users/jdriselvato/devkitPro/libnds/lib/libnds9.a(keys.o)
                0x02000314                scanKeys
                0x02000380                keysHeld
                0x0200038c                keysDown
                0x0200039c                keysDownRepeat
                0x020003ac                keysSetRepeat
                0x020003c4                keysUp
                0x020003d4                keysCurrent
 .text          0x02000408      0xa30 /Users/jdriselvato/devkitPro/libnds/lib/libnds9.a(console.o)
                0x020004b8                nocash_write
                0x020004c8                consoleGetDefault
                0x020004d4                consoleSelect
                0x020004e4                consoleDebugInit
                0x02000534                consolePrintChar
                0x02000714                consoleLoadFont
                0x02000990                consoleSetFont
                0x020009b0                consoleInit
                0x02000b18                consoleDemoInit
                0x02000b5c                con_write
                0x02000e08                consoleClear
                0x02000e18                consoleSetWindow
 .text          0x02000e38      0x350 /Users/jdriselvato/devkitPro/libnds/lib/libnds9.a(background.o)
                0x02000e74                bgIsText
                0x02000e80                checkIfText
                0x02000ea8                bgUpdate
                0x02000f98                bgInit_call
                0x02001088                bgInitSub_call
 .text          0x02001188      0x148 /Users/jdriselvato/devkitPro/libnds/lib/libnds9.a(initSystem.o)
                0x02001188                initSystem
 .text          0x020012d0      0xd04 /Users/jdriselvato/devkitPro/libnds/lib/libnds9.a(fifosystem.o)
                0x02001524                fifoSetValue32Handler
                0x02001598                fifoSendAddress
                0x020015d0                fifoSendValue32
                0x02001620                fifoSendDatamsg
                0x020016b0                fifoGetAddress
                0x0200171c                fifoSetAddressHandler
                0x02001790                fifoGetValue32
                0x020017a4                fifoGetDatamsg
                0x02001cd4                fifoSetDatamsgHandler
                0x02001d6c                fifoCheckAddress
                0x02001d90                fifoCheckDatamsg
                0x02001db4                fifoCheckDatamsgLength
                0x02001de4                fifoCheckValue32
                0x02001e08                fifoInit
 *fill*         0x02001fd4        0x4 ff
 .text          0x02001fd8       0x60 /Users/jdriselvato/devkitPro/libnds/lib/libnds9.a(libnds_exit.arm.o)
                0x02001fd8                systemErrorExit
                0x02001fdc                __libnds_exit
 .text          0x02002038      0x1e8 /Users/jdriselvato/devkitPro/libnds/lib/libnds9.a(interrupts.o)
                0x02002038                irqDummy
                0x0200203c                irqSet
                0x020020a8                irqInitHandler
                0x020020d0                irqInit
                0x02002120                irqEnable
                0x02002184                irqDisable
                0x020021e8                irqClear
 .text          0x02002220       0x20 /Users/jdriselvato/devkitPro/libnds/lib/libnds9.a(IntrWait.o)
                0x02002220                swiIntrWait
 .text          0x02002240      0x1b4 /Users/jdriselvato/devkitPro/libnds/lib/libnds9.a(mpu_setup.o)
                0x02002240                __libnds_mpu_setup
                0x02002380                memCached
                0x02002398                memUncached
 *fill*         0x020023f4        0xc ff
 .text          0x02002400       0x30 /Users/jdriselvato/devkitPro/libnds/lib/libnds9.a(swiSoftReset.o)
                0x02002400                swiSoftReset
 .text          0x02002430       0xa4 /Users/jdriselvato/devkitPro/libnds/lib/libnds9.a(debugprint.o)
                0x02002430                nocashWrite
                0x02002432                nocashMessage
 *fill*         0x020024d4        0xc ff
 .text          0x020024e0       0x70 /Users/jdriselvato/devkitPro/libnds/lib/libnds9.a(biosCalls.o)
                0x020024e0                swiDelay
                0x020024e4                swiWaitForVBlank
                0x020024e8                swiSleep
                0x020024ec                swiChangeSoundBias
                0x020024f0                swiDivide
                0x020024f4                swiRemainder
                0x020024fa                swiDivMod
                0x02002506                swiCopy
                0x0200250a                swiFastCopy
                0x0200250e                swiSqrt
                0x02002512                swiCRC16
                0x02002516                swiIsDebugger
                0x0200251a                swiUnpackBits
                0x0200251e                swiDecompressLZSSWram
                0x02002522                swiDecompressLZSSVramNTR
                0x02002526                swiDecompressLZSSVramTWL
                0x0200252a                swiDecompressHuffman
                0x0200252e                swiDecompressRLEWram
                0x02002532                swiDecompressRLEVram
                0x02002536                swiWaitForIRQ
                0x0200253a                swiDecodeDelta8
                0x0200253e                swiDecodeDelta16
                0x02002542                swiSetHaltCR
 .text          0x02002550      0x2a0 /Users/jdriselvato/devkitPro/libnds/lib/libnds9.a(trig.o)
                0x02002550                asinComp
                0x02002574                sinLutLookup
                0x020025ac                sinLerp
                0x02002648                cosLerp
                0x0200265c                tanLutLookup
                0x02002694                tanLerp
                0x0200273c                asinLerp
                0x020027b8                acosLerp
                0x020027cc                atanComp
 .text          0x020027f0      0x140 /Users/jdriselvato/devkitPro/libnds/lib/libnds9.a(system.o)
                0x020027f0                setSDcallback
                0x020027fc                systemValueHandler
                0x02002844                systemMsgHandler
                0x02002894                systemSleep
                0x020028ac                powerOn
                0x020028d8                powerOff
                0x02002900                ledBlink
                0x02002910                getBatteryLevel
 .text          0x02002930      0x1bc /Users/jdriselvato/devkitPro/libnds/lib/libnds9.a(video.o)
                0x02002930                vramSetMainBanks
                0x02002974                vramSetPrimaryBanks
                0x0200297c                vramSetBanks_EFG
                0x020029b4                vramRestorePrimaryBanks
                0x020029c0                vramRestoreMainBanks
                0x020029cc                vramRestoreBanks_EFG
                0x020029d8                setBrightness
                0x02002a18                vramDefault
 .text          0x02002aec       0x24 /Users/jdriselvato/devkitPro/libnds/lib/libnds9.a(timeSupport.o)
                0x02002aec                __libnds_gtod
 .text          0x02002b10      0x150 /Users/jdriselvato/devkitPro/devkitARM/bin/../lib/gcc/arm-none-eabi/5.3.0/thumb/libgcc.a(_divsi3.o)
                0x02002b10                __aeabi_idiv
                0x02002b10                __divsi3
                0x02002c40                __aeabi_idivmod
 .text          0x02002c60        0x4 /Users/jdriselvato/devkitPro/devkitARM/bin/../lib/gcc/arm-none-eabi/5.3.0/thumb/libgcc.a(_dvmd_tls.o)
                0x02002c60                __aeabi_ldiv0
                0x02002c60                __aeabi_idiv0
 .text          0x02002c64      0x224 /Users/jdriselvato/devkitPro/devkitARM/bin/../lib/gcc/arm-none-eabi/5.3.0/../../../../arm-none-eabi/lib/thumb/libg.a(lib_a-strcmp.o)
                0x02002c64                strcmp
 .text          0x02002e88      0x160 /Users/jdriselvato/devkitPro/devkitARM/bin/../lib/gcc/arm-none-eabi/5.3.0/../../../../arm-none-eabi/lib/thumb/libsysbase.a(iosupport.o)
                0x02002e8c                setDefaultDevice
                0x02002e9c                FindDevice
                0x02002f28                RemoveDevice
                0x02002f4c                AddDevice
                0x02002fc8                GetDeviceOpTab
 .text          0x02002fe8       0x54 /Users/jdriselvato/devkitPro/devkitARM/bin/../lib/gcc/arm-none-eabi/5.3.0/../../../../arm-none-eabi/lib/thumb/libsysbase.a(close.o)
                0x02002fe8                _close_r
 .text          0x0200303c       0x44 /Users/jdriselvato/devkitPro/devkitARM/bin/../lib/gcc/arm-none-eabi/5.3.0/../../../../arm-none-eabi/lib/thumb/libsysbase.a(fstat.o)
                0x0200303c                _fstat_r
 .text          0x02003080        0x4 /Users/jdriselvato/devkitPro/devkitARM/bin/../lib/gcc/arm-none-eabi/5.3.0/../../../../arm-none-eabi/lib/thumb/libsysbase.a(isatty.o)
                0x02003080                _isatty_r
 .text          0x02003084       0x48 /Users/jdriselvato/devkitPro/devkitARM/bin/../lib/gcc/arm-none-eabi/5.3.0/../../../../arm-none-eabi/lib/thumb/libsysbase.a(lseek.o)
                0x02003084                _lseek_r
 .text          0x020030cc       0x48 /Users/jdriselvato/devkitPro/devkitARM/bin/../lib/gcc/arm-none-eabi/5.3.0/../../../../arm-none-eabi/lib/thumb/libsysbase.a(read.o)
                0x020030cc                _read_r
 .text          0x02003114       0x54 /Users/jdriselvato/devkitPro/devkitARM/bin/../lib/gcc/arm-none-eabi/5.3.0/../../../../arm-none-eabi/lib/thumb/libsysbase.a(sbrk.o)
                0x02003114                _sbrk_r
 .text          0x02003168       0x48 /Users/jdriselvato/devkitPro/devkitARM/bin/../lib/gcc/arm-none-eabi/5.3.0/../../../../arm-none-eabi/lib/thumb/libsysbase.a(write.o)
                0x02003168                _write_r
 .text          0x020031b0       0x4c /Users/jdriselvato/devkitPro/devkitARM/bin/../lib/gcc/arm-none-eabi/5.3.0/../../../../arm-none-eabi/lib/thumb/libsysbase.a(build_argv.o)
                0x020031b0                build_argv
 .text          0x020031fc       0x20 /Users/jdriselvato/devkitPro/devkitARM/bin/../lib/gcc/arm-none-eabi/5.3.0/../../../../arm-none-eabi/lib/thumb/libsysbase.a(flock.o)
                0x020031fc                __flockfile
                0x0200320c                __funlockfile
 .text          0x0200321c      0x104 /Users/jdriselvato/devkitPro/devkitARM/bin/../lib/gcc/arm-none-eabi/5.3.0/../../../../arm-none-eabi/lib/thumb/libsysbase.a(syscall_support.o)
                0x0200321c                __libc_lock_init
                0x02003234                __libc_lock_acquire
                0x0200324c                __libc_lock_try_acquire
                0x0200326c                __libc_lock_release
                0x02003284                __libc_lock_close
                0x0200329c                __libc_lock_init_recursive
                0x020032b4                __libc_lock_acquire_recursive
                0x020032cc                __libc_lock_try_acquire_recursive
                0x020032ec                __libc_lock_release_recursive
                0x02003304                __libc_lock_close_recursive
 .text          0x02003320      0x204 /Users/jdriselvato/devkitPro/devkitARM/bin/../lib/gcc/arm-none-eabi/5.3.0/../../../../arm-none-eabi/lib/thumb/libsysbase.a(handle_manager.o)
                0x02003320                __free_handle
                0x02003358                __release_handle
                0x02003390                __alloc_handle
                0x020033e8                __get_handle
                0x02003404                dup
                0x02003478                dup2
 .text          0x02003524       0x28 /Users/jdriselvato/devkitPro/devkitARM/bin/../lib/gcc/arm-none-eabi/5.3.0/../../../../arm-none-eabi/lib/thumb/libsysbase.a(getreent.o)
                0x02003524                __getreent
 .text          0x0200354c      0x11c /Users/jdriselvato/devkitPro/devkitARM/bin/../lib/gcc/arm-none-eabi/5.3.0/thumb/libgcc.a(_udivsi3.o)
                0x0200354c                __udivsi3
                0x0200354c                __aeabi_uidiv
                0x02003648                __aeabi_uidivmod
 .text          0x02003668       0x3c /Users/jdriselvato/devkitPro/devkitARM/bin/../lib/gcc/arm-none-eabi/5.3.0/thumb/libgcc.a(_aeabi_uldivmod.o)
                0x02003668                __aeabi_uldivmod
 .text          0x020036a4       0x60 /Users/jdriselvato/devkitPro/devkitARM/bin/../lib/gcc/arm-none-eabi/5.3.0/thumb/libgcc.a(_muldi3.o)
                0x020036a4                __aeabi_lmul
                0x020036a4                __muldi3
 .text          0x02003704      0x184 /Users/jdriselvato/devkitPro/devkitARM/bin/../lib/gcc/arm-none-eabi/5.3.0/thumb/libgcc.a(_udivmoddi4.o)
                0x02003704                __udivmoddi4
 .text          0x02003888       0x28 /Users/jdriselvato/devkitPro/devkitARM/bin/../lib/gcc/arm-none-eabi/5.3.0/thumb/libgcc.a(_clzdi2.o)
                0x02003888                __clzdi2
 .text          0x020038b0       0x48 /Users/jdriselvato/devkitPro/devkitARM/bin/../lib/gcc/arm-none-eabi/5.3.0/thumb/libgcc.a(_clzsi2.o)
                0x020038b0                __clzsi2
 *(.text.*)
 .text.startup  0x020038f8       0x80 template.o
                0x020038f8                main
 .text.bsearch  0x02003978       0x64 /Users/jdriselvato/devkitPro/devkitARM/bin/../lib/gcc/arm-none-eabi/5.3.0/../../../../arm-none-eabi/lib/thumb/libg.a(lib_a-bsearch.o)
                0x02003978                bsearch
 .text.__libc_init_array
                0x020039dc       0x58 /Users/jdriselvato/devkitPro/devkitARM/bin/../lib/gcc/arm-none-eabi/5.3.0/../../../../arm-none-eabi/lib/thumb/libg.a(lib_a-init.o)
                0x020039dc                __libc_init_array
 .text.iprintf  0x02003a34       0x24 /Users/jdriselvato/devkitPro/devkitARM/bin/../lib/gcc/arm-none-eabi/5.3.0/../../../../arm-none-eabi/lib/thumb/libg.a(lib_a-iprintf.o)
                0x02003a34                iprintf
 .text.memcpy   0x02003a58       0x80 /Users/jdriselvato/devkitPro/devkitARM/bin/../lib/gcc/arm-none-eabi/5.3.0/../../../../arm-none-eabi/lib/thumb/libg.a(lib_a-memcpy.o)
                0x02003a58                memcpy
 .text.memset   0x02003ad8       0x94 /Users/jdriselvato/devkitPro/devkitARM/bin/../lib/gcc/arm-none-eabi/5.3.0/../../../../arm-none-eabi/lib/thumb/libg.a(lib_a-memset.o)
                0x02003ad8                memset
 .text.setvbuf  0x02003b6c      0x148 /Users/jdriselvato/devkitPro/devkitARM/bin/../lib/gcc/arm-none-eabi/5.3.0/../../../../arm-none-eabi/lib/thumb/libg.a(lib_a-setvbuf.o)
                0x02003b6c                setvbuf
 .text.siscanf  0x02003cb4       0x4c /Users/jdriselvato/devkitPro/devkitARM/bin/../lib/gcc/arm-none-eabi/5.3.0/../../../../arm-none-eabi/lib/thumb/libg.a(lib_a-siscanf.o)
                0x02003cb4                siscanf
 .text.__sread  0x02003d00       0x2c /Users/jdriselvato/devkitPro/devkitARM/bin/../lib/gcc/arm-none-eabi/5.3.0/../../../../arm-none-eabi/lib/thumb/libg.a(lib_a-stdio.o)
                0x02003d00                __sread
 .text.__seofread
                0x02003d2c        0x4 /Users/jdriselvato/devkitPro/devkitARM/bin/../lib/gcc/arm-none-eabi/5.3.0/../../../../arm-none-eabi/lib/thumb/libg.a(lib_a-stdio.o)
                0x02003d2c                __seofread
 .text.__swrite
                0x02003d30       0x3c /Users/jdriselvato/devkitPro/devkitARM/bin/../lib/gcc/arm-none-eabi/5.3.0/../../../../arm-none-eabi/lib/thumb/libg.a(lib_a-stdio.o)
                0x02003d30                __swrite
 .text.__sseek  0x02003d6c       0x30 /Users/jdriselvato/devkitPro/devkitARM/bin/../lib/gcc/arm-none-eabi/5.3.0/../../../../arm-none-eabi/lib/thumb/libg.a(lib_a-stdio.o)
                0x02003d6c                __sseek
 .text.__sclose
                0x02003d9c       0x10 /Users/jdriselvato/devkitPro/devkitARM/bin/../lib/gcc/arm-none-eabi/5.3.0/../../../../arm-none-eabi/lib/thumb/libg.a(lib_a-stdio.o)
                0x02003d9c                __sclose
 .text.strlen   0x02003dac       0x6c /Users/jdriselvato/devkitPro/devkitARM/bin/../lib/gcc/arm-none-eabi/5.3.0/../../../../arm-none-eabi/lib/thumb/libg.a(lib_a-strlen.o)
                0x02003dac                strlen
 .text._sungetc_r
                0x02003e18       0x8c /Users/jdriselvato/devkitPro/devkitARM/bin/../lib/gcc/arm-none-eabi/5.3.0/../../../../arm-none-eabi/lib/thumb/libg.a(lib_a-svfiscanf.o)
                0x02003e18                _sungetc_r
 .text.__ssrefill_r
                0x02003ea4       0x44 /Users/jdriselvato/devkitPro/devkitARM/bin/../lib/gcc/arm-none-eabi/5.3.0/../../../../arm-none-eabi/lib/thumb/libg.a(lib_a-svfiscanf.o)
                0x02003ea4                __ssrefill_r
 .text._sfread_r
                0x02003ee8       0x90 /Users/jdriselvato/devkitPro/devkitARM/bin/../lib/gcc/arm-none-eabi/5.3.0/../../../../arm-none-eabi/lib/thumb/libg.a(lib_a-svfiscanf.o)
                0x02003ee8                _sfread_r
 .text.__ssvfiscanf_r
                0x02003f78     0x1498 /Users/jdriselvato/devkitPro/devkitARM/bin/../lib/gcc/arm-none-eabi/5.3.0/../../../../arm-none-eabi/lib/thumb/libg.a(lib_a-svfiscanf.o)
                0x02003f78                __ssvfiscanf_r
 .text.__submore
                0x02005410       0x88 /Users/jdriselvato/devkitPro/devkitARM/bin/../lib/gcc/arm-none-eabi/5.3.0/../../../../arm-none-eabi/lib/thumb/libg.a(lib_a-ungetc.o)
                0x02005410                __submore
 .text.get_arg  0x02005498      0xcb0 /Users/jdriselvato/devkitPro/devkitARM/bin/../lib/gcc/arm-none-eabi/5.3.0/../../../../arm-none-eabi/lib/thumb/libg.a(lib_a-vfiprintf.o)
 .text.__sprint_r.part.0
                0x02006148       0x80 /Users/jdriselvato/devkitPro/devkitARM/bin/../lib/gcc/arm-none-eabi/5.3.0/../../../../arm-none-eabi/lib/thumb/libg.a(lib_a-vfiprintf.o)
 .text._vfiprintf_r
                0x020061c8     0x2240 /Users/jdriselvato/devkitPro/devkitARM/bin/../lib/gcc/arm-none-eabi/5.3.0/../../../../arm-none-eabi/lib/thumb/libg.a(lib_a-vfiprintf.o)
                0x020061c8                _vfiprintf_r
 .text.__sbprintf
                0x02008408       0x8c /Users/jdriselvato/devkitPro/devkitARM/bin/../lib/gcc/arm-none-eabi/5.3.0/../../../../arm-none-eabi/lib/thumb/libg.a(lib_a-vfiprintf.o)
 .text._wcrtomb_r
                0x02008494       0x6c /Users/jdriselvato/devkitPro/devkitARM/bin/../lib/gcc/arm-none-eabi/5.3.0/../../../../arm-none-eabi/lib/thumb/libg.a(lib_a-wcrtomb.o)
                0x02008494                _wcrtomb_r
 .text._wcsrtombs_r
                0x02008500       0x1c /Users/jdriselvato/devkitPro/devkitARM/bin/../lib/gcc/arm-none-eabi/5.3.0/../../../../arm-none-eabi/lib/thumb/libg.a(lib_a-wcsrtombs.o)
                0x02008500                _wcsrtombs_r
 .text.__utf8_wctomb
                0x0200851c       0xbc /Users/jdriselvato/devkitPro/devkitARM/bin/../lib/gcc/arm-none-eabi/5.3.0/../../../../arm-none-eabi/lib/thumb/libg.a(lib_a-wctomb_r.o)
                0x0200851c                __utf8_wctomb
 .text.__swsetup_r
                0x020085d8       0xcc /Users/jdriselvato/devkitPro/devkitARM/bin/../lib/gcc/arm-none-eabi/5.3.0/../../../../arm-none-eabi/lib/thumb/libg.a(lib_a-wsetup.o)
                0x020085d8                __swsetup_r
 .text.__sflush_r
                0x020086a4      0x158 /Users/jdriselvato/devkitPro/devkitARM/bin/../lib/gcc/arm-none-eabi/5.3.0/../../../../arm-none-eabi/lib/thumb/libg.a(lib_a-fflush.o)
                0x020086a4                __sflush_r
 .text._fflush_r
                0x020087fc       0x58 /Users/jdriselvato/devkitPro/devkitARM/bin/../lib/gcc/arm-none-eabi/5.3.0/../../../../arm-none-eabi/lib/thumb/libg.a(lib_a-fflush.o)
                0x020087fc                _fflush_r
 .text._cleanup_r
                0x02008854       0x14 /Users/jdriselvato/devkitPro/devkitARM/bin/../lib/gcc/arm-none-eabi/5.3.0/../../../../arm-none-eabi/lib/thumb/libg.a(lib_a-findfp.o)
                0x02008854                _cleanup_r
 .text.std.isra.0
                0x02008868       0x54 /Users/jdriselvato/devkitPro/devkitARM/bin/../lib/gcc/arm-none-eabi/5.3.0/../../../../arm-none-eabi/lib/thumb/libg.a(lib_a-findfp.o)
 .text.__sinit  0x020088bc       0x64 /Users/jdriselvato/devkitPro/devkitARM/bin/../lib/gcc/arm-none-eabi/5.3.0/../../../../arm-none-eabi/lib/thumb/libg.a(lib_a-findfp.o)
                0x020088bc                __sinit
 .text.__sfp_lock_acquire
                0x02008920       0x14 /Users/jdriselvato/devkitPro/devkitARM/bin/../lib/gcc/arm-none-eabi/5.3.0/../../../../arm-none-eabi/lib/thumb/libg.a(lib_a-findfp.o)
                0x02008920                __sfp_lock_acquire
 .text.__sfp_lock_release
                0x02008934       0x14 /Users/jdriselvato/devkitPro/devkitARM/bin/../lib/gcc/arm-none-eabi/5.3.0/../../../../arm-none-eabi/lib/thumb/libg.a(lib_a-findfp.o)
                0x02008934                __sfp_lock_release
 .text.__fputwc
                0x02008948       0xc0 /Users/jdriselvato/devkitPro/devkitARM/bin/../lib/gcc/arm-none-eabi/5.3.0/../../../../arm-none-eabi/lib/thumb/libg.a(lib_a-fputwc.o)
                0x02008948                __fputwc
 .text._fputwc_r
                0x02008a08       0x5c /Users/jdriselvato/devkitPro/devkitARM/bin/../lib/gcc/arm-none-eabi/5.3.0/../../../../arm-none-eabi/lib/thumb/libg.a(lib_a-fputwc.o)
                0x02008a08                _fputwc_r
 .text._malloc_trim_r
                0x02008a64       0xa4 /Users/jdriselvato/devkitPro/devkitARM/bin/../lib/gcc/arm-none-eabi/5.3.0/../../../../arm-none-eabi/lib/thumb/libg.a(lib_a-freer.o)
                0x02008a64                _malloc_trim_r
 .text._free_r  0x02008b08      0x1c8 /Users/jdriselvato/devkitPro/devkitARM/bin/../lib/gcc/arm-none-eabi/5.3.0/../../../../arm-none-eabi/lib/thumb/libg.a(lib_a-freer.o)
                0x02008b08                _free_r
 .text.__sfvwrite_r
                0x02008cd0      0x340 /Users/jdriselvato/devkitPro/devkitARM/bin/../lib/gcc/arm-none-eabi/5.3.0/../../../../arm-none-eabi/lib/thumb/libg.a(lib_a-fvwrite.o)
                0x02008cd0                __sfvwrite_r
 .text._fwalk_reent
                0x02009010       0x54 /Users/jdriselvato/devkitPro/devkitARM/bin/../lib/gcc/arm-none-eabi/5.3.0/../../../../arm-none-eabi/lib/thumb/libg.a(lib_a-fwalk.o)
                0x02009010                _fwalk_reent
 .text.iswspace
                0x02009064       0x78 /Users/jdriselvato/devkitPro/devkitARM/bin/../lib/gcc/arm-none-eabi/5.3.0/../../../../arm-none-eabi/lib/thumb/libg.a(lib_a-iswspace.o)
                0x02009064                iswspace
 .text.__jp2uc  0x020090dc      0x188 /Users/jdriselvato/devkitPro/devkitARM/bin/../lib/gcc/arm-none-eabi/5.3.0/../../../../arm-none-eabi/lib/thumb/libg.a(lib_a-jp2uc.o)
 .text._jp2uc   0x02009264       0x64 /Users/jdriselvato/devkitPro/devkitARM/bin/../lib/gcc/arm-none-eabi/5.3.0/../../../../arm-none-eabi/lib/thumb/libg.a(lib_a-jp2uc.o)
                0x02009264                _jp2uc
 .text.__locale_charset
                0x020092c8        0x8 /Users/jdriselvato/devkitPro/devkitARM/bin/../lib/gcc/arm-none-eabi/5.3.0/../../../../arm-none-eabi/lib/thumb/libg.a(lib_a-locale.o)
                0x020092c8                __locale_charset
 .text.__locale_mb_cur_max
                0x020092d0        0xc /Users/jdriselvato/devkitPro/devkitARM/bin/../lib/gcc/arm-none-eabi/5.3.0/../../../../arm-none-eabi/lib/thumb/libg.a(lib_a-locale.o)
                0x020092d0                __locale_mb_cur_max
 .text._localeconv_r
                0x020092dc        0x8 /Users/jdriselvato/devkitPro/devkitARM/bin/../lib/gcc/arm-none-eabi/5.3.0/../../../../arm-none-eabi/lib/thumb/libg.a(lib_a-locale.o)
                0x020092dc                _localeconv_r
 .text.__smakebuf_r
                0x020092e4       0xf4 /Users/jdriselvato/devkitPro/devkitARM/bin/../lib/gcc/arm-none-eabi/5.3.0/../../../../arm-none-eabi/lib/thumb/libg.a(lib_a-makebuf.o)
                0x020092e4                __smakebuf_r
 .text.malloc   0x020093d8       0x14 /Users/jdriselvato/devkitPro/devkitARM/bin/../lib/gcc/arm-none-eabi/5.3.0/../../../../arm-none-eabi/lib/thumb/libg.a(lib_a-malloc.o)
                0x020093d8                malloc
 .text.free     0x020093ec       0x14 /Users/jdriselvato/devkitPro/devkitARM/bin/../lib/gcc/arm-none-eabi/5.3.0/../../../../arm-none-eabi/lib/thumb/libg.a(lib_a-malloc.o)
                0x020093ec                free
 .text._malloc_r
                0x02009400      0x564 /Users/jdriselvato/devkitPro/devkitARM/bin/../lib/gcc/arm-none-eabi/5.3.0/../../../../arm-none-eabi/lib/thumb/libg.a(lib_a-mallocr.o)
                0x02009400                _malloc_r
 .text._mbrtowc_r
                0x02009964       0x7c /Users/jdriselvato/devkitPro/devkitARM/bin/../lib/gcc/arm-none-eabi/5.3.0/../../../../arm-none-eabi/lib/thumb/libg.a(lib_a-mbrtowc.o)
                0x02009964                _mbrtowc_r
 .text.__utf8_mbtowc
                0x020099e0      0x2cc /Users/jdriselvato/devkitPro/devkitARM/bin/../lib/gcc/arm-none-eabi/5.3.0/../../../../arm-none-eabi/lib/thumb/libg.a(lib_a-mbtowc_r.o)
                0x020099e0                __utf8_mbtowc
 .text.memchr   0x02009cac       0x90 /Users/jdriselvato/devkitPro/devkitARM/bin/../lib/gcc/arm-none-eabi/5.3.0/../../../../arm-none-eabi/lib/thumb/libg.a(lib_a-memchr.o)
                0x02009cac                memchr
 .text.memmove  0x02009d3c       0x9c /Users/jdriselvato/devkitPro/devkitARM/bin/../lib/gcc/arm-none-eabi/5.3.0/../../../../arm-none-eabi/lib/thumb/libg.a(lib_a-memmove.o)
                0x02009d3c                memmove
 .text.__malloc_lock
                0x02009dd8       0x14 /Users/jdriselvato/devkitPro/devkitARM/bin/../lib/gcc/arm-none-eabi/5.3.0/../../../../arm-none-eabi/lib/thumb/libg.a(lib_a-mlock.o)
                0x02009dd8                __malloc_lock
 .text.__malloc_unlock
                0x02009dec       0x14 /Users/jdriselvato/devkitPro/devkitARM/bin/../lib/gcc/arm-none-eabi/5.3.0/../../../../arm-none-eabi/lib/thumb/libg.a(lib_a-mlock.o)
                0x02009dec                __malloc_unlock
 .text._realloc_r
                0x02009e00      0x3ec /Users/jdriselvato/devkitPro/devkitARM/bin/../lib/gcc/arm-none-eabi/5.3.0/../../../../arm-none-eabi/lib/thumb/libg.a(lib_a-reallocr.o)
                0x02009e00                _realloc_r
 .text.__sccl   0x0200a1ec       0x7c /Users/jdriselvato/devkitPro/devkitARM/bin/../lib/gcc/arm-none-eabi/5.3.0/../../../../arm-none-eabi/lib/thumb/libg.a(lib_a-sccl.o)
                0x0200a1ec                __sccl
 .text.strchr   0x0200a268       0xdc /Users/jdriselvato/devkitPro/devkitARM/bin/../lib/gcc/arm-none-eabi/5.3.0/../../../../arm-none-eabi/lib/thumb/libg.a(lib_a-strchr.o)
                0x0200a268                strchr
 .text.strncmp  0x0200a344       0x94 /Users/jdriselvato/devkitPro/devkitARM/bin/../lib/gcc/arm-none-eabi/5.3.0/../../../../arm-none-eabi/lib/thumb/libg.a(lib_a-strncmp.o)
                0x0200a344                strncmp
 .text.strncpy  0x0200a3d8       0x7c /Users/jdriselvato/devkitPro/devkitARM/bin/../lib/gcc/arm-none-eabi/5.3.0/../../../../arm-none-eabi/lib/thumb/libg.a(lib_a-strncpy.o)
                0x0200a3d8                strncpy
 .text._strtol_r
                0x0200a454      0x178 /Users/jdriselvato/devkitPro/devkitARM/bin/../lib/gcc/arm-none-eabi/5.3.0/../../../../arm-none-eabi/lib/thumb/libg.a(lib_a-strtol.o)
                0x0200a454                _strtol_r
 .text._strtoll_r
                0x0200a5cc      0x1e8 /Users/jdriselvato/devkitPro/devkitARM/bin/../lib/gcc/arm-none-eabi/5.3.0/../../../../arm-none-eabi/lib/thumb/libg.a(lib_a-strtoll_r.o)
                0x0200a5cc                _strtoll_r
 .text._strtoul_r
                0x0200a7b4      0x17c /Users/jdriselvato/devkitPro/devkitARM/bin/../lib/gcc/arm-none-eabi/5.3.0/../../../../arm-none-eabi/lib/thumb/libg.a(lib_a-strtoul.o)
                0x0200a7b4                _strtoul_r
 .text._strtoull_r
                0x0200a930      0x1ec /Users/jdriselvato/devkitPro/devkitARM/bin/../lib/gcc/arm-none-eabi/5.3.0/../../../../arm-none-eabi/lib/thumb/libg.a(lib_a-strtoull_r.o)
                0x0200a930                _strtoull_r
 .text.__swbuf_r
                0x0200ab1c       0xb8 /Users/jdriselvato/devkitPro/devkitARM/bin/../lib/gcc/arm-none-eabi/5.3.0/../../../../arm-none-eabi/lib/thumb/libg.a(lib_a-wbuf.o)
                0x0200ab1c                __swbuf_r
 .text._wcsnrtombs_r
                0x0200abd4      0x118 /Users/jdriselvato/devkitPro/devkitARM/bin/../lib/gcc/arm-none-eabi/5.3.0/../../../../arm-none-eabi/lib/thumb/libg.a(lib_a-wcsnrtombs.o)
                0x0200abd4                _wcsnrtombs_r
 .text._fclose_r
                0x0200acec       0xb4 /Users/jdriselvato/devkitPro/devkitARM/bin/../lib/gcc/arm-none-eabi/5.3.0/../../../../arm-none-eabi/lib/thumb/libg.a(lib_a-fclose.o)
                0x0200acec                _fclose_r
 .text.__errno  0x0200ada0        0xc /Users/jdriselvato/devkitPro/devkitARM/bin/../lib/gcc/arm-none-eabi/5.3.0/../../../../arm-none-eabi/lib/thumb/libg.a(lib_a-errno.o)
                0x0200ada0                __errno
 *fill*         0x0200adac        0x4 ff
 .text.__errno.__stub
                0x0200adb0       0x80 linker stubs
 *(.stub)
 *(.gnu.warning)
 *(.gnu.linkonce.t*)
 *(.glue_7)
 .glue_7        0x0200ae40        0x0 linker stubs
 *(.glue_7t)
 .glue_7t       0x0200ae40        0x0 linker stubs
                0x0200ae40                . = ALIGN (0x4)

.vfp11_veneer   0x0200ae40        0x0
 .vfp11_veneer  0x0200ae40        0x0 linker stubs

.v4_bx          0x0200ae40        0x0
 .v4_bx         0x0200ae40        0x0 linker stubs

.iplt           0x0200ae40        0x0
 .iplt          0x0200ae40        0x0 /Users/jdriselvato/devkitPro/devkitARM/bin/../lib/gcc/arm-none-eabi/5.3.0/../../../../arm-none-eabi/lib/thumb/ds_arm9_crt0.o

.fini           0x0200ae40        0xc
 *(.fini)
 .fini          0x0200ae40        0x4 /Users/jdriselvato/devkitPro/devkitARM/bin/../lib/gcc/arm-none-eabi/5.3.0/thumb/crti.o
                0x0200ae40                _fini
 .fini          0x0200ae44        0x8 /Users/jdriselvato/devkitPro/devkitARM/bin/../lib/gcc/arm-none-eabi/5.3.0/thumb/crtn.o
                0x0200ae4c                __text_end = .

.rodata         0x0200ae4c     0x6d14
 *(.rodata)
 .rodata        0x0200ae4c      0x20c /Users/jdriselvato/devkitPro/libnds/lib/libnds9.a(console.o)
 .rodata        0x0200b058     0x2004 /Users/jdriselvato/devkitPro/libnds/lib/libnds9.a(default_font.bin.o)
                0x0200b058                default_font_bin
                0x0200d058                default_font_bin_end
                0x0200d058                default_font_bin_size
 .rodata        0x0200d05c      0x308 /Users/jdriselvato/devkitPro/libnds/lib/libnds9.a(trig.o)
                0x0200d05c                SIN_LUT
                0x0200d160                TAN_LUT
 .rodata        0x0200d364       0x68 /Users/jdriselvato/devkitPro/devkitARM/bin/../lib/gcc/arm-none-eabi/5.3.0/../../../../arm-none-eabi/lib/thumb/libsysbase.a(iosupport.o)
                0x0200d364                dotab_stdnull
 *all.rodata*(*)
 *(.roda)
 *(.rodata.*)
 .rodata.str1.4
                0x0200d3cc       0x30 template.o
 .rodata.str1.4
                0x0200d3fc       0x4c /Users/jdriselvato/devkitPro/libnds/lib/libnds9.a(console.o)
 .rodata.__ssvfiscanf_r
                0x0200d448      0x324 /Users/jdriselvato/devkitPro/devkitARM/bin/../lib/gcc/arm-none-eabi/5.3.0/../../../../arm-none-eabi/lib/thumb/libg.a(lib_a-svfiscanf.o)
 .rodata.basefix.6493
                0x0200d76c       0x24 /Users/jdriselvato/devkitPro/devkitARM/bin/../lib/gcc/arm-none-eabi/5.3.0/../../../../arm-none-eabi/lib/thumb/libg.a(lib_a-svfiscanf.o)
 .rodata.get_arg
                0x0200d790      0x914 /Users/jdriselvato/devkitPro/devkitARM/bin/../lib/gcc/arm-none-eabi/5.3.0/../../../../arm-none-eabi/lib/thumb/libg.a(lib_a-vfiprintf.o)
 .rodata._vfiprintf_r
                0x0200e0a4      0x16c /Users/jdriselvato/devkitPro/devkitARM/bin/../lib/gcc/arm-none-eabi/5.3.0/../../../../arm-none-eabi/lib/thumb/libg.a(lib_a-vfiprintf.o)
 .rodata.blanks.7113
                0x0200e210       0x10 /Users/jdriselvato/devkitPro/devkitARM/bin/../lib/gcc/arm-none-eabi/5.3.0/../../../../arm-none-eabi/lib/thumb/libg.a(lib_a-vfiprintf.o)
 .rodata.str1.4
                0x0200e220       0x2f /Users/jdriselvato/devkitPro/devkitARM/bin/../lib/gcc/arm-none-eabi/5.3.0/../../../../arm-none-eabi/lib/thumb/libg.a(lib_a-vfiprintf.o)
                                 0x30 (size before relaxing)
 *fill*         0x0200e24f        0x1 ff
 .rodata.zeroes.7114
                0x0200e250       0x10 /Users/jdriselvato/devkitPro/devkitARM/bin/../lib/gcc/arm-none-eabi/5.3.0/../../../../arm-none-eabi/lib/thumb/libg.a(lib_a-vfiprintf.o)
 .rodata._ctype_
                0x0200e260      0x104 /Users/jdriselvato/devkitPro/devkitARM/bin/../lib/gcc/arm-none-eabi/5.3.0/../../../../arm-none-eabi/lib/thumb/libg.a(lib_a-ctype_.o)
                0x0200e260                _ctype_
 .rodata.str1.4
                0x0200e364        0x2 /Users/jdriselvato/devkitPro/devkitARM/bin/../lib/gcc/arm-none-eabi/5.3.0/../../../../arm-none-eabi/lib/thumb/libg.a(lib_a-impure.o)
                                  0x4 (size before relaxing)
 *fill*         0x0200e366        0x2 ff
 .rodata.__jp2uc
                0x0200e368       0x20 /Users/jdriselvato/devkitPro/devkitARM/bin/../lib/gcc/arm-none-eabi/5.3.0/../../../../arm-none-eabi/lib/thumb/libg.a(lib_a-jp2uc.o)
 .rodata.a1     0x0200e388       0xbc /Users/jdriselvato/devkitPro/devkitARM/bin/../lib/gcc/arm-none-eabi/5.3.0/../../../../arm-none-eabi/lib/thumb/libg.a(lib_a-jp2uc.o)
 .rodata.a2     0x0200e444       0xbc /Users/jdriselvato/devkitPro/devkitARM/bin/../lib/gcc/arm-none-eabi/5.3.0/../../../../arm-none-eabi/lib/thumb/libg.a(lib_a-jp2uc.o)
 .rodata.a3     0x0200e500       0x5c /Users/jdriselvato/devkitPro/devkitARM/bin/../lib/gcc/arm-none-eabi/5.3.0/../../../../arm-none-eabi/lib/thumb/libg.a(lib_a-jp2uc.o)
 .rodata.a6     0x0200e55c       0x70 /Users/jdriselvato/devkitPro/devkitARM/bin/../lib/gcc/arm-none-eabi/5.3.0/../../../../arm-none-eabi/lib/thumb/libg.a(lib_a-jp2uc.o)
 .rodata.a7     0x0200e5cc       0xa4 /Users/jdriselvato/devkitPro/devkitARM/bin/../lib/gcc/arm-none-eabi/5.3.0/../../../../arm-none-eabi/lib/thumb/libg.a(lib_a-jp2uc.o)
 .rodata.a8     0x0200e670       0x40 /Users/jdriselvato/devkitPro/devkitARM/bin/../lib/gcc/arm-none-eabi/5.3.0/../../../../arm-none-eabi/lib/thumb/libg.a(lib_a-jp2uc.o)
 .rodata.str1.4
                0x0200e6b0       0x12 /Users/jdriselvato/devkitPro/devkitARM/bin/../lib/gcc/arm-none-eabi/5.3.0/../../../../arm-none-eabi/lib/thumb/libg.a(lib_a-jp2uc.o)
                                 0x14 (size before relaxing)
 *fill*         0x0200e6c2        0x2 ff
 .rodata.b02cf  0x0200e6c4     0x172c /Users/jdriselvato/devkitPro/devkitARM/bin/../lib/gcc/arm-none-eabi/5.3.0/../../../../arm-none-eabi/lib/thumb/libg.a(lib_a-jp2uc.o)
 .rodata.d02f4  0x0200fdf0     0x1a7c /Users/jdriselvato/devkitPro/devkitARM/bin/../lib/gcc/arm-none-eabi/5.3.0/../../../../arm-none-eabi/lib/thumb/libg.a(lib_a-jp2uc.o)
 .rodata.str1.4
                0x0201186c      0x112 /Users/jdriselvato/devkitPro/devkitARM/bin/../lib/gcc/arm-none-eabi/5.3.0/../../../../arm-none-eabi/lib/thumb/libg.a(lib_a-locale.o)
                                0x130 (size before relaxing)
 .rodata.str1.4
                0x0201197e        0x4 /Users/jdriselvato/devkitPro/devkitARM/bin/../lib/gcc/arm-none-eabi/5.3.0/../../../../arm-none-eabi/lib/thumb/libg.a(lib_a-mbrtowc.o)
 *fill*         0x0201197e        0x2 ff
 .rodata.__state_table
                0x02011980       0x6c /Users/jdriselvato/devkitPro/devkitARM/bin/../lib/gcc/arm-none-eabi/5.3.0/../../../../arm-none-eabi/lib/thumb/libg.a(lib_a-svfiprintf.o)
                0x02011980                __state_table
 .rodata.__chclass
                0x020119ec      0x100 /Users/jdriselvato/devkitPro/devkitARM/bin/../lib/gcc/arm-none-eabi/5.3.0/../../../../arm-none-eabi/lib/thumb/libg.a(lib_a-svfiprintf.o)
                0x020119ec                __chclass
 .rodata.__action_table
                0x02011aec       0x6c /Users/jdriselvato/devkitPro/devkitARM/bin/../lib/gcc/arm-none-eabi/5.3.0/../../../../arm-none-eabi/lib/thumb/libg.a(lib_a-svfiprintf.o)
                0x02011aec                __action_table
 .rodata.str1.4
                0x02011b58        0x8 /Users/jdriselvato/devkitPro/devkitARM/bin/../lib/gcc/arm-none-eabi/5.3.0/../../../../arm-none-eabi/lib/thumb/libsysbase.a(iosupport.o)
 *(.gnu.linkonce.r*)
                0x02011b60                . = ALIGN (0x4)

.ARM.extab
 *(.ARM.extab* .gnu.linkonce.armextab.*)
                0x02011b60                __exidx_start = .

ARM.exidx
 *(.ARM.exidx* .gnu.linkonce.armexidx.*)
                0x02011b60                __exidx_end = .
                0x02011b60                . = ALIGN (0x4)
                0x02011b60                PROVIDE (__preinit_array_start, .)

.preinit_array
 *(.preinit_array)
                0x02011b60                PROVIDE (__preinit_array_end, .)
                0x02011b60                PROVIDE (__init_array_start, .)

.init_array     0x02011b60        0x4
 *(SORT(.init_array.*))
 *(.init_array)
 .init_array    0x02011b60        0x4 /Users/jdriselvato/devkitPro/devkitARM/bin/../lib/gcc/arm-none-eabi/5.3.0/thumb/crtbegin.o
                0x02011b64                PROVIDE (__init_array_end, .)
                [!provide]                PROVIDE (__fini_array_start, .)

.fini_array     0x02011b64        0x4
 *(.fini_array)
 .fini_array    0x02011b64        0x4 /Users/jdriselvato/devkitPro/devkitARM/bin/../lib/gcc/arm-none-eabi/5.3.0/thumb/crtbegin.o
 *(SORT(.fini_array.*))
                [!provide]                PROVIDE (__fini_array_end, .)

.ctors          0x02011b68        0x0
 *crtbegin.o(.ctors)
 *(EXCLUDE_FILE(*crtend.o) .ctors)
 *(SORT(.ctors.*))
 *(.ctors)
                0x02011b68                . = ALIGN (0x4)

.dtors          0x02011b68        0x0
 *crtbegin.o(.dtors)
 *(EXCLUDE_FILE(*crtend.o) .dtors)
 *(SORT(.dtors.*))
 *(.dtors)
                0x02011b68                . = ALIGN (0x4)

.eh_frame       0x02011b68       0x48
 *(.eh_frame)
 .eh_frame      0x02011b68        0x0 /Users/jdriselvato/devkitPro/devkitARM/bin/../lib/gcc/arm-none-eabi/5.3.0/thumb/crtbegin.o
 .eh_frame      0x02011b68       0x44 /Users/jdriselvato/devkitPro/devkitARM/bin/../lib/gcc/arm-none-eabi/5.3.0/../../../../arm-none-eabi/lib/thumb/libg.a(lib_a-strcmp.o)
 .eh_frame      0x02011bac        0x4 /Users/jdriselvato/devkitPro/devkitARM/bin/../lib/gcc/arm-none-eabi/5.3.0/thumb/crtend.o
                0x02011bb0                . = ALIGN (0x4)

.rel.dyn        0x02011bb0        0x0
 .rel.iplt      0x02011bb0        0x0 /Users/jdriselvato/devkitPro/devkitARM/bin/../lib/gcc/arm-none-eabi/5.3.0/../../../../arm-none-eabi/lib/thumb/ds_arm9_crt0.o

.gcc_except_table
                0x02011bb0        0x0
 *(.gcc_except_table)
                0x02011bb0                . = ALIGN (0x4)

.jcr            0x02011bb0        0x4
 *(.jcr)
 .jcr           0x02011bb0        0x0 /Users/jdriselvato/devkitPro/devkitARM/bin/../lib/gcc/arm-none-eabi/5.3.0/thumb/crtbegin.o
 .jcr           0x02011bb0        0x4 /Users/jdriselvato/devkitPro/devkitARM/bin/../lib/gcc/arm-none-eabi/5.3.0/thumb/crtend.o

.got
 *(.got.plt)
 *(.got)
 *(.rel.got)

.ewram          0x02011bb4        0x0
                0x02011bb4                __ewram_start = ABSOLUTE (.)
 *(.ewram)
 *ewram.*(.text)
                0x02011bb4                . = ALIGN (0x4)

.data           0x02011bb4     0x1a44
                0x02011bb4                __data_start = ABSOLUTE (.)
 *(.data)
 .data          0x02011bb4       0x20 template.o
                0x02011bb4                items
 .data          0x02011bd4        0x3 /Users/jdriselvato/devkitPro/libnds/lib/libnds9.a(keys.o)
 *fill*         0x02011bd7        0x1 ff
 .data          0x02011bd8       0x64 /Users/jdriselvato/devkitPro/libnds/lib/libnds9.a(console.o)
                0x02011bd8                currentConsole
                0x02011bdc                defaultConsole
 .data          0x02011c3c       0x60 /Users/jdriselvato/devkitPro/libnds/lib/libnds9.a(background.o)
                0x02011c3c                bgScrollTable
                0x02011c5c                bgTransform
                0x02011c7c                bgControl
 .data          0x02011c9c       0x10 /Users/jdriselvato/devkitPro/libnds/lib/libnds9.a(fifosystem.o)
                0x02011c9c                fifo_buffer_free
                0x02011ca0                fifo_freewords
                0x02011ca4                fifo_send_queue
                0x02011ca8                fifo_receive_queue
 .data          0x02011cac       0x44 /Users/jdriselvato/devkitPro/devkitARM/bin/../lib/gcc/arm-none-eabi/5.3.0/../../../../arm-none-eabi/lib/thumb/libsysbase.a(iosupport.o)
                0x02011cb0                devoptab_list
 .data          0x02011cf0     0x1028 /Users/jdriselvato/devkitPro/devkitARM/bin/../lib/gcc/arm-none-eabi/5.3.0/../../../../arm-none-eabi/lib/thumb/libsysbase.a(handle_manager.o)
 *(.data.*)
 .data.__wctomb
                0x02012d18        0x4 /Users/jdriselvato/devkitPro/devkitARM/bin/../lib/gcc/arm-none-eabi/5.3.0/../../../../arm-none-eabi/lib/thumb/libg.a(lib_a-wctomb_r.o)
                0x02012d18                __wctomb
 .data.__ctype_ptr__
                0x02012d1c        0x4 /Users/jdriselvato/devkitPro/devkitARM/bin/../lib/gcc/arm-none-eabi/5.3.0/../../../../arm-none-eabi/lib/thumb/libg.a(lib_a-ctype_.o)
                0x02012d1c                __ctype_ptr__
 .data.__sfp_lock
                0x02012d20        0xc /Users/jdriselvato/devkitPro/devkitARM/bin/../lib/gcc/arm-none-eabi/5.3.0/../../../../arm-none-eabi/lib/thumb/libg.a(lib_a-findfp.o)
 .data.__sinit_lock
                0x02012d2c        0xc /Users/jdriselvato/devkitPro/devkitARM/bin/../lib/gcc/arm-none-eabi/5.3.0/../../../../arm-none-eabi/lib/thumb/libg.a(lib_a-findfp.o)
 *fill*         0x02012d38        0x0 ff
 .data.impure_data
                0x02012d38      0x440 /Users/jdriselvato/devkitPro/devkitARM/bin/../lib/gcc/arm-none-eabi/5.3.0/../../../../arm-none-eabi/lib/thumb/libg.a(lib_a-impure.o)
 .data._impure_ptr
                0x02013178        0x4 /Users/jdriselvato/devkitPro/devkitARM/bin/../lib/gcc/arm-none-eabi/5.3.0/../../../../arm-none-eabi/lib/thumb/libg.a(lib_a-impure.o)
                0x02013178                _impure_ptr
 .data.lconv    0x0201317c       0x38 /Users/jdriselvato/devkitPro/devkitARM/bin/../lib/gcc/arm-none-eabi/5.3.0/../../../../arm-none-eabi/lib/thumb/libg.a(lib_a-locale.o)
 .data.lc_ctype_charset
                0x020131b4       0x20 /Users/jdriselvato/devkitPro/devkitARM/bin/../lib/gcc/arm-none-eabi/5.3.0/../../../../arm-none-eabi/lib/thumb/libg.a(lib_a-locale.o)
 .data.__mb_cur_max
                0x020131d4        0x4 /Users/jdriselvato/devkitPro/devkitARM/bin/../lib/gcc/arm-none-eabi/5.3.0/../../../../arm-none-eabi/lib/thumb/libg.a(lib_a-locale.o)
                0x020131d4                __mb_cur_max
 .data.__malloc_av_
                0x020131d8      0x408 /Users/jdriselvato/devkitPro/devkitARM/bin/../lib/gcc/arm-none-eabi/5.3.0/../../../../arm-none-eabi/lib/thumb/libg.a(lib_a-mallocr.o)
                0x020131d8                __malloc_av_
 .data.__malloc_trim_threshold
                0x020135e0        0x4 /Users/jdriselvato/devkitPro/devkitARM/bin/../lib/gcc/arm-none-eabi/5.3.0/../../../../arm-none-eabi/lib/thumb/libg.a(lib_a-mallocr.o)
                0x020135e0                __malloc_trim_threshold
 .data.__malloc_sbrk_base
                0x020135e4        0x4 /Users/jdriselvato/devkitPro/devkitARM/bin/../lib/gcc/arm-none-eabi/5.3.0/../../../../arm-none-eabi/lib/thumb/libg.a(lib_a-mallocr.o)
                0x020135e4                __malloc_sbrk_base
 .data.__mbtowc
                0x020135e8        0x4 /Users/jdriselvato/devkitPro/devkitARM/bin/../lib/gcc/arm-none-eabi/5.3.0/../../../../arm-none-eabi/lib/thumb/libg.a(lib_a-mbtowc_r.o)
                0x020135e8                __mbtowc
 .data.__malloc_lock_object
                0x020135ec        0xc /Users/jdriselvato/devkitPro/devkitARM/bin/../lib/gcc/arm-none-eabi/5.3.0/../../../../arm-none-eabi/lib/thumb/libg.a(lib_a-mlock.o)
 *(.gnu.linkonce.d*)
                0x020135f8                . = ALIGN (0x4)
                0x020135f8                __data_end = ABSOLUTE (.)
                0x020135f8                __dtcm_lma = .
                0x020135f8                __bss_vma = .

.igot.plt       0x020135f8        0x0
 .igot.plt      0x020135f8        0x0 /Users/jdriselvato/devkitPro/devkitARM/bin/../lib/gcc/arm-none-eabi/5.3.0/../../../../arm-none-eabi/lib/thumb/ds_arm9_crt0.o

.tm_clone_table
                0x020135f8        0x0
 .tm_clone_table
                0x020135f8        0x0 /Users/jdriselvato/devkitPro/devkitARM/bin/../lib/gcc/arm-none-eabi/5.3.0/thumb/crtbegin.o
 .tm_clone_table
                0x020135f8        0x0 /Users/jdriselvato/devkitPro/devkitARM/bin/../lib/gcc/arm-none-eabi/5.3.0/thumb/crtend.o

.dtcm           0x0b000000        0x0 load address 0x020135f8
 *(.dtcm)
 *(.dtcm.*)
                0x0b000000                . = ALIGN (0x4)
                0x0b000000                __dtcm_end = ABSOLUTE (.)
                0x020135f8                __itcm_lma = (__dtcm_lma + SIZEOF (.dtcm))

.itcm           0x01000100      0x194 load address 0x020135f8
 *(.itcm)
 .itcm          0x01000100       0xc8 /Users/jdriselvato/devkitPro/libnds/lib/libnds9.a(interrupts.o)
                0x01000100                irqTable
 .itcm          0x010001c8       0xcc /Users/jdriselvato/devkitPro/libnds/lib/libnds9.a(interruptDispatcher.o)
                0x010001c8                IntrMain
 *itcm.*(.text)
                0x01000294                . = ALIGN (0x4)
                0x01000294                __itcm_end = ABSOLUTE (.)
                0x0201378c                __vectors_lma = (__itcm_lma + SIZEOF (.itcm))

.vectors        0x01000000        0x0 load address 0x0201378c
 *(.vectors)
 *vectors.*(.text)
                0x01000000                . = ALIGN (0x4)
                0x01000000                __vectors_end = ABSOLUTE (.)

.sbss           0x0b000000        0x0
                0x0b000000                __sbss_start = ABSOLUTE (.)
                0x0b000000                __sbss_start__ = ABSOLUTE (.)
 *(.sbss)
                0x0b000000                . = ALIGN (0x4)
                0x0b000000                __sbss_end = ABSOLUTE (.)

.bss            0x020135f8      0xc94
                0x020135f8                __bss_start = ABSOLUTE (.)
                0x020135f8                __bss_start__ = ABSOLUTE (.)
 *(.dynbss)
 *(.gnu.linkonce.b*)
 *(.bss*)
 .bss           0x020135f8       0x1c /Users/jdriselvato/devkitPro/devkitARM/bin/../lib/gcc/arm-none-eabi/5.3.0/thumb/crtbegin.o
 .bss           0x02013614        0x6 /Users/jdriselvato/devkitPro/libnds/lib/libnds9.a(keys.o)
 *fill*         0x0201361a        0x2 
 .bss           0x0201361c        0x8 /Users/jdriselvato/devkitPro/libnds/lib/libnds9.a(fifosystem.o)
                0x02013620                processing
 .bss           0x02013624        0x4 /Users/jdriselvato/devkitPro/libnds/lib/libnds9.a(system.o)
 .bss.__malloc_max_total_mem
                0x02013628        0x4 /Users/jdriselvato/devkitPro/devkitARM/bin/../lib/gcc/arm-none-eabi/5.3.0/../../../../arm-none-eabi/lib/thumb/libg.a(lib_a-mallocr.o)
                0x02013628                __malloc_max_total_mem
 .bss.__malloc_max_sbrked_mem
                0x0201362c        0x4 /Users/jdriselvato/devkitPro/devkitARM/bin/../lib/gcc/arm-none-eabi/5.3.0/../../../../arm-none-eabi/lib/thumb/libg.a(lib_a-mallocr.o)
                0x0201362c                __malloc_max_sbrked_mem
 .bss.__malloc_top_pad
                0x02013630        0x4 /Users/jdriselvato/devkitPro/devkitARM/bin/../lib/gcc/arm-none-eabi/5.3.0/../../../../arm-none-eabi/lib/thumb/libg.a(lib_a-mallocr.o)
                0x02013630                __malloc_top_pad
 .bss.__malloc_current_mallinfo
                0x02013634       0x28 /Users/jdriselvato/devkitPro/devkitARM/bin/../lib/gcc/arm-none-eabi/5.3.0/../../../../arm-none-eabi/lib/thumb/libg.a(lib_a-mallocr.o)
                0x02013634                __malloc_current_mallinfo
 .bss           0x0201365c        0x4 /Users/jdriselvato/devkitPro/devkitARM/bin/../lib/gcc/arm-none-eabi/5.3.0/../../../../arm-none-eabi/lib/thumb/libsysbase.a(sbrk.o)
 .bss           0x02013660        0x8 /Users/jdriselvato/devkitPro/devkitARM/bin/../lib/gcc/arm-none-eabi/5.3.0/../../../../arm-none-eabi/lib/thumb/libsysbase.a(malloc_vars.o)
                0x02013660                fake_heap_start
                0x02013664                fake_heap_end
 .bss           0x02013668       0x38 /Users/jdriselvato/devkitPro/devkitARM/bin/../lib/gcc/arm-none-eabi/5.3.0/../../../../arm-none-eabi/lib/thumb/libsysbase.a(syscall_support.o)
                0x02013668                __syscalls
 *(COMMON)
 COMMON         0x020136a0       0x5c /Users/jdriselvato/devkitPro/libnds/lib/libnds9.a(console.o)
                0x020136a0                currentCopy
 COMMON         0x020136fc      0x148 /Users/jdriselvato/devkitPro/libnds/lib/libnds9.a(background.o)
                0x020136fc                bgState
                0x0201383c                bgIsTextLut
 COMMON         0x02013844        0x1 /Users/jdriselvato/devkitPro/libnds/lib/libnds9.a(initSystem.o)
                0x02013844                __dsimode
 *fill*         0x02013845        0x3 
 COMMON         0x02013848      0xa40 /Users/jdriselvato/devkitPro/libnds/lib/libnds9.a(fifosystem.o)
                0x02013848                fifo_datamsg_data
                0x02013888                fifo_buffer
                0x02014088                fifo_value32_func
                0x020140c8                fifo_address_func
                0x02014108                fifo_value32_data
                0x02014148                fifo_value32_queue
                0x02014188                fifo_data_queue
                0x020141c8                fifo_address_data
                0x02014208                fifo_datamsg_func
                0x02014248                fifo_address_queue
 COMMON         0x02014288        0x4 /Users/jdriselvato/devkitPro/libnds/lib/libnds9.a(timeSupport.o)
                0x02014288                punixTime
                0x0201428c                . = ALIGN (0x4)
                0x0201428c                __bss_end__ = ABSOLUTE (.)
                0x0201428c                __end__ = ABSOLUTE (.)

.stab
 *(.stab)

.stabstr
 *(.stabstr)

.stab.excl
 *(.stab.excl)

.stab.exclstr
 *(.stab.exclstr)

.stab.index
 *(.stab.index)

.stab.indexstr
 *(.stab.indexstr)

.comment        0x00000000       0x44
 *(.comment)
 .comment       0x00000000       0x22 /Users/jdriselvato/devkitPro/devkitARM/bin/../lib/gcc/arm-none-eabi/5.3.0/thumb/crtbegin.o
                                 0x23 (size before relaxing)
 .comment       0x00000022       0x23 template.o
 .comment       0x00000022       0x22 /Users/jdriselvato/devkitPro/libnds/lib/libnds9.a(keys.o)
                                 0x23 (size before relaxing)
 .comment       0x00000044       0x23 /Users/jdriselvato/devkitPro/libnds/lib/libnds9.a(console.o)
 .comment       0x00000044       0x23 /Users/jdriselvato/devkitPro/libnds/lib/libnds9.a(background.o)
 .comment       0x00000044       0x23 /Users/jdriselvato/devkitPro/libnds/lib/libnds9.a(initSystem.o)
 .comment       0x00000044       0x23 /Users/jdriselvato/devkitPro/libnds/lib/libnds9.a(fifosystem.o)
 .comment       0x00000044       0x23 /Users/jdriselvato/devkitPro/libnds/lib/libnds9.a(libnds_exit.arm.o)
 .comment       0x00000044       0x23 /Users/jdriselvato/devkitPro/libnds/lib/libnds9.a(interrupts.o)
 .comment       0x00000044       0x23 /Users/jdriselvato/devkitPro/libnds/lib/libnds9.a(trig.o)
 .comment       0x00000044       0x23 /Users/jdriselvato/devkitPro/libnds/lib/libnds9.a(system.o)
 .comment       0x00000044       0x23 /Users/jdriselvato/devkitPro/libnds/lib/libnds9.a(video.o)
 .comment       0x00000044       0x23 /Users/jdriselvato/devkitPro/libnds/lib/libnds9.a(timeSupport.o)
 .comment       0x00000044       0x23 /Users/jdriselvato/devkitPro/devkitARM/bin/../lib/gcc/arm-none-eabi/5.3.0/../../../../arm-none-eabi/lib/thumb/libg.a(lib_a-bsearch.o)
 .comment       0x00000044       0x23 /Users/jdriselvato/devkitPro/devkitARM/bin/../lib/gcc/arm-none-eabi/5.3.0/../../../../arm-none-eabi/lib/thumb/libg.a(lib_a-init.o)
 .comment       0x00000044       0x23 /Users/jdriselvato/devkitPro/devkitARM/bin/../lib/gcc/arm-none-eabi/5.3.0/../../../../arm-none-eabi/lib/thumb/libg.a(lib_a-iprintf.o)
 .comment       0x00000044       0x23 /Users/jdriselvato/devkitPro/devkitARM/bin/../lib/gcc/arm-none-eabi/5.3.0/../../../../arm-none-eabi/lib/thumb/libg.a(lib_a-memcpy.o)
 .comment       0x00000044       0x23 /Users/jdriselvato/devkitPro/devkitARM/bin/../lib/gcc/arm-none-eabi/5.3.0/../../../../arm-none-eabi/lib/thumb/libg.a(lib_a-memset.o)
 .comment       0x00000044       0x23 /Users/jdriselvato/devkitPro/devkitARM/bin/../lib/gcc/arm-none-eabi/5.3.0/../../../../arm-none-eabi/lib/thumb/libg.a(lib_a-setvbuf.o)
 .comment       0x00000044       0x23 /Users/jdriselvato/devkitPro/devkitARM/bin/../lib/gcc/arm-none-eabi/5.3.0/../../../../arm-none-eabi/lib/thumb/libg.a(lib_a-siscanf.o)
 .comment       0x00000044       0x23 /Users/jdriselvato/devkitPro/devkitARM/bin/../lib/gcc/arm-none-eabi/5.3.0/../../../../arm-none-eabi/lib/thumb/libg.a(lib_a-stdio.o)
 .comment       0x00000044       0x23 /Users/jdriselvato/devkitPro/devkitARM/bin/../lib/gcc/arm-none-eabi/5.3.0/../../../../arm-none-eabi/lib/thumb/libg.a(lib_a-strlen.o)
 .comment       0x00000044       0x23 /Users/jdriselvato/devkitPro/devkitARM/bin/../lib/gcc/arm-none-eabi/5.3.0/../../../../arm-none-eabi/lib/thumb/libg.a(lib_a-svfiscanf.o)
 .comment       0x00000044       0x23 /Users/jdriselvato/devkitPro/devkitARM/bin/../lib/gcc/arm-none-eabi/5.3.0/../../../../arm-none-eabi/lib/thumb/libg.a(lib_a-ungetc.o)
 .comment       0x00000044       0x23 /Users/jdriselvato/devkitPro/devkitARM/bin/../lib/gcc/arm-none-eabi/5.3.0/../../../../arm-none-eabi/lib/thumb/libg.a(lib_a-vfiprintf.o)
 .comment       0x00000044       0x23 /Users/jdriselvato/devkitPro/devkitARM/bin/../lib/gcc/arm-none-eabi/5.3.0/../../../../arm-none-eabi/lib/thumb/libg.a(lib_a-wcrtomb.o)
 .comment       0x00000044       0x23 /Users/jdriselvato/devkitPro/devkitARM/bin/../lib/gcc/arm-none-eabi/5.3.0/../../../../arm-none-eabi/lib/thumb/libg.a(lib_a-wcsrtombs.o)
 .comment       0x00000044       0x23 /Users/jdriselvato/devkitPro/devkitARM/bin/../lib/gcc/arm-none-eabi/5.3.0/../../../../arm-none-eabi/lib/thumb/libg.a(lib_a-wctomb_r.o)
 .comment       0x00000044       0x23 /Users/jdriselvato/devkitPro/devkitARM/bin/../lib/gcc/arm-none-eabi/5.3.0/../../../../arm-none-eabi/lib/thumb/libg.a(lib_a-wsetup.o)
 .comment       0x00000044       0x23 /Users/jdriselvato/devkitPro/devkitARM/bin/../lib/gcc/arm-none-eabi/5.3.0/../../../../arm-none-eabi/lib/thumb/libg.a(lib_a-ctype_.o)
 .comment       0x00000044       0x23 /Users/jdriselvato/devkitPro/devkitARM/bin/../lib/gcc/arm-none-eabi/5.3.0/../../../../arm-none-eabi/lib/thumb/libg.a(lib_a-fflush.o)
 .comment       0x00000044       0x23 /Users/jdriselvato/devkitPro/devkitARM/bin/../lib/gcc/arm-none-eabi/5.3.0/../../../../arm-none-eabi/lib/thumb/libg.a(lib_a-findfp.o)
 .comment       0x00000044       0x23 /Users/jdriselvato/devkitPro/devkitARM/bin/../lib/gcc/arm-none-eabi/5.3.0/../../../../arm-none-eabi/lib/thumb/libg.a(lib_a-fputwc.o)
 .comment       0x00000044       0x23 /Users/jdriselvato/devkitPro/devkitARM/bin/../lib/gcc/arm-none-eabi/5.3.0/../../../../arm-none-eabi/lib/thumb/libg.a(lib_a-freer.o)
 .comment       0x00000044       0x23 /Users/jdriselvato/devkitPro/devkitARM/bin/../lib/gcc/arm-none-eabi/5.3.0/../../../../arm-none-eabi/lib/thumb/libg.a(lib_a-fvwrite.o)
 .comment       0x00000044       0x23 /Users/jdriselvato/devkitPro/devkitARM/bin/../lib/gcc/arm-none-eabi/5.3.0/../../../../arm-none-eabi/lib/thumb/libg.a(lib_a-fwalk.o)
 .comment       0x00000044       0x23 /Users/jdriselvato/devkitPro/devkitARM/bin/../lib/gcc/arm-none-eabi/5.3.0/../../../../arm-none-eabi/lib/thumb/libg.a(lib_a-impure.o)
 .comment       0x00000044       0x23 /Users/jdriselvato/devkitPro/devkitARM/bin/../lib/gcc/arm-none-eabi/5.3.0/../../../../arm-none-eabi/lib/thumb/libg.a(lib_a-iswspace.o)
 .comment       0x00000044       0x23 /Users/jdriselvato/devkitPro/devkitARM/bin/../lib/gcc/arm-none-eabi/5.3.0/../../../../arm-none-eabi/lib/thumb/libg.a(lib_a-jp2uc.o)
 .comment       0x00000044       0x23 /Users/jdriselvato/devkitPro/devkitARM/bin/../lib/gcc/arm-none-eabi/5.3.0/../../../../arm-none-eabi/lib/thumb/libg.a(lib_a-locale.o)
 .comment       0x00000044       0x23 /Users/jdriselvato/devkitPro/devkitARM/bin/../lib/gcc/arm-none-eabi/5.3.0/../../../../arm-none-eabi/lib/thumb/libg.a(lib_a-makebuf.o)
 .comment       0x00000044       0x23 /Users/jdriselvato/devkitPro/devkitARM/bin/../lib/gcc/arm-none-eabi/5.3.0/../../../../arm-none-eabi/lib/thumb/libg.a(lib_a-malloc.o)
 .comment       0x00000044       0x23 /Users/jdriselvato/devkitPro/devkitARM/bin/../lib/gcc/arm-none-eabi/5.3.0/../../../../arm-none-eabi/lib/thumb/libg.a(lib_a-mallocr.o)
 .comment       0x00000044       0x23 /Users/jdriselvato/devkitPro/devkitARM/bin/../lib/gcc/arm-none-eabi/5.3.0/../../../../arm-none-eabi/lib/thumb/libg.a(lib_a-mbrtowc.o)
 .comment       0x00000044       0x23 /Users/jdriselvato/devkitPro/devkitARM/bin/../lib/gcc/arm-none-eabi/5.3.0/../../../../arm-none-eabi/lib/thumb/libg.a(lib_a-mbtowc_r.o)
 .comment       0x00000044       0x23 /Users/jdriselvato/devkitPro/devkitARM/bin/../lib/gcc/arm-none-eabi/5.3.0/../../../../arm-none-eabi/lib/thumb/libg.a(lib_a-memchr.o)
 .comment       0x00000044       0x23 /Users/jdriselvato/devkitPro/devkitARM/bin/../lib/gcc/arm-none-eabi/5.3.0/../../../../arm-none-eabi/lib/thumb/libg.a(lib_a-memmove.o)
 .comment       0x00000044       0x23 /Users/jdriselvato/devkitPro/devkitARM/bin/../lib/gcc/arm-none-eabi/5.3.0/../../../../arm-none-eabi/lib/thumb/libg.a(lib_a-mlock.o)
 .comment       0x00000044       0x23 /Users/jdriselvato/devkitPro/devkitARM/bin/../lib/gcc/arm-none-eabi/5.3.0/../../../../arm-none-eabi/lib/thumb/libg.a(lib_a-reallocr.o)
 .comment       0x00000044       0x23 /Users/jdriselvato/devkitPro/devkitARM/bin/../lib/gcc/arm-none-eabi/5.3.0/../../../../arm-none-eabi/lib/thumb/libg.a(lib_a-sccl.o)
 .comment       0x00000044       0x23 /Users/jdriselvato/devkitPro/devkitARM/bin/../lib/gcc/arm-none-eabi/5.3.0/../../../../arm-none-eabi/lib/thumb/libg.a(lib_a-strchr.o)
 .comment       0x00000044       0x23 /Users/jdriselvato/devkitPro/devkitARM/bin/../lib/gcc/arm-none-eabi/5.3.0/../../../../arm-none-eabi/lib/thumb/libg.a(lib_a-strncmp.o)
 .comment       0x00000044       0x23 /Users/jdriselvato/devkitPro/devkitARM/bin/../lib/gcc/arm-none-eabi/5.3.0/../../../../arm-none-eabi/lib/thumb/libg.a(lib_a-strncpy.o)
 .comment       0x00000044       0x23 /Users/jdriselvato/devkitPro/devkitARM/bin/../lib/gcc/arm-none-eabi/5.3.0/../../../../arm-none-eabi/lib/thumb/libg.a(lib_a-strtol.o)
 .comment       0x00000044       0x23 /Users/jdriselvato/devkitPro/devkitARM/bin/../lib/gcc/arm-none-eabi/5.3.0/../../../../arm-none-eabi/lib/thumb/libg.a(lib_a-strtoll_r.o)
 .comment       0x00000044       0x23 /Users/jdriselvato/devkitPro/devkitARM/bin/../lib/gcc/arm-none-eabi/5.3.0/../../../../arm-none-eabi/lib/thumb/libg.a(lib_a-strtoul.o)
 .comment       0x00000044       0x23 /Users/jdriselvato/devkitPro/devkitARM/bin/../lib/gcc/arm-none-eabi/5.3.0/../../../../arm-none-eabi/lib/thumb/libg.a(lib_a-strtoull_r.o)
 .comment       0x00000044       0x23 /Users/jdriselvato/devkitPro/devkitARM/bin/../lib/gcc/arm-none-eabi/5.3.0/../../../../arm-none-eabi/lib/thumb/libg.a(lib_a-svfiprintf.o)
 .comment       0x00000044       0x23 /Users/jdriselvato/devkitPro/devkitARM/bin/../lib/gcc/arm-none-eabi/5.3.0/../../../../arm-none-eabi/lib/thumb/libg.a(lib_a-wbuf.o)
 .comment       0x00000044       0x23 /Users/jdriselvato/devkitPro/devkitARM/bin/../lib/gcc/arm-none-eabi/5.3.0/../../../../arm-none-eabi/lib/thumb/libg.a(lib_a-wcsnrtombs.o)
 .comment       0x00000044       0x23 /Users/jdriselvato/devkitPro/devkitARM/bin/../lib/gcc/arm-none-eabi/5.3.0/../../../../arm-none-eabi/lib/thumb/libg.a(lib_a-fclose.o)
 .comment       0x00000044       0x23 /Users/jdriselvato/devkitPro/devkitARM/bin/../lib/gcc/arm-none-eabi/5.3.0/../../../../arm-none-eabi/lib/thumb/libsysbase.a(iosupport.o)
 .comment       0x00000044       0x23 /Users/jdriselvato/devkitPro/devkitARM/bin/../lib/gcc/arm-none-eabi/5.3.0/../../../../arm-none-eabi/lib/thumb/libsysbase.a(close.o)
 .comment       0x00000044       0x23 /Users/jdriselvato/devkitPro/devkitARM/bin/../lib/gcc/arm-none-eabi/5.3.0/../../../../arm-none-eabi/lib/thumb/libsysbase.a(fstat.o)
 .comment       0x00000044       0x23 /Users/jdriselvato/devkitPro/devkitARM/bin/../lib/gcc/arm-none-eabi/5.3.0/../../../../arm-none-eabi/lib/thumb/libsysbase.a(isatty.o)
 .comment       0x00000044       0x23 /Users/jdriselvato/devkitPro/devkitARM/bin/../lib/gcc/arm-none-eabi/5.3.0/../../../../arm-none-eabi/lib/thumb/libsysbase.a(lseek.o)
 .comment       0x00000044       0x23 /Users/jdriselvato/devkitPro/devkitARM/bin/../lib/gcc/arm-none-eabi/5.3.0/../../../../arm-none-eabi/lib/thumb/libsysbase.a(read.o)
 .comment       0x00000044       0x23 /Users/jdriselvato/devkitPro/devkitARM/bin/../lib/gcc/arm-none-eabi/5.3.0/../../../../arm-none-eabi/lib/thumb/libsysbase.a(sbrk.o)
 .comment       0x00000044       0x23 /Users/jdriselvato/devkitPro/devkitARM/bin/../lib/gcc/arm-none-eabi/5.3.0/../../../../arm-none-eabi/lib/thumb/libsysbase.a(write.o)
 .comment       0x00000044       0x23 /Users/jdriselvato/devkitPro/devkitARM/bin/../lib/gcc/arm-none-eabi/5.3.0/../../../../arm-none-eabi/lib/thumb/libsysbase.a(malloc_vars.o)
 .comment       0x00000044       0x23 /Users/jdriselvato/devkitPro/devkitARM/bin/../lib/gcc/arm-none-eabi/5.3.0/../../../../arm-none-eabi/lib/thumb/libsysbase.a(build_argv.o)
 .comment       0x00000044       0x23 /Users/jdriselvato/devkitPro/devkitARM/bin/../lib/gcc/arm-none-eabi/5.3.0/../../../../arm-none-eabi/lib/thumb/libsysbase.a(flock.o)
 .comment       0x00000044       0x23 /Users/jdriselvato/devkitPro/devkitARM/bin/../lib/gcc/arm-none-eabi/5.3.0/../../../../arm-none-eabi/lib/thumb/libsysbase.a(syscall_support.o)
 .comment       0x00000044       0x23 /Users/jdriselvato/devkitPro/devkitARM/bin/../lib/gcc/arm-none-eabi/5.3.0/../../../../arm-none-eabi/lib/thumb/libsysbase.a(handle_manager.o)
 .comment       0x00000044       0x23 /Users/jdriselvato/devkitPro/devkitARM/bin/../lib/gcc/arm-none-eabi/5.3.0/../../../../arm-none-eabi/lib/thumb/libsysbase.a(getreent.o)
 .comment       0x00000044       0x23 /Users/jdriselvato/devkitPro/devkitARM/bin/../lib/gcc/arm-none-eabi/5.3.0/thumb/libgcc.a(_muldi3.o)
 .comment       0x00000044       0x23 /Users/jdriselvato/devkitPro/devkitARM/bin/../lib/gcc/arm-none-eabi/5.3.0/thumb/libgcc.a(_udivmoddi4.o)
 .comment       0x00000044       0x23 /Users/jdriselvato/devkitPro/devkitARM/bin/../lib/gcc/arm-none-eabi/5.3.0/../../../../arm-none-eabi/lib/thumb/libg.a(lib_a-errno.o)
 .comment       0x00000044       0x23 /Users/jdriselvato/devkitPro/devkitARM/bin/../lib/gcc/arm-none-eabi/5.3.0/thumb/crtend.o

.ARM.attributes
                0x00000000       0x2d
 .ARM.attributes
                0x00000000       0x21 /Users/jdriselvato/devkitPro/devkitARM/bin/../lib/gcc/arm-none-eabi/5.3.0/../../../../arm-none-eabi/lib/thumb/ds_arm9_crt0.o
 .ARM.attributes
                0x00000021       0x16 /Users/jdriselvato/devkitPro/devkitARM/bin/../lib/gcc/arm-none-eabi/5.3.0/thumb/crti.o
 .ARM.attributes
                0x00000037       0x30 /Users/jdriselvato/devkitPro/devkitARM/bin/../lib/gcc/arm-none-eabi/5.3.0/thumb/crtbegin.o
 .ARM.attributes
                0x00000067       0x27 template.o
 .ARM.attributes
                0x0000008e       0x27 /Users/jdriselvato/devkitPro/libnds/lib/libnds9.a(keys.o)
 .ARM.attributes
                0x000000b5       0x27 /Users/jdriselvato/devkitPro/libnds/lib/libnds9.a(console.o)
 .ARM.attributes
                0x000000dc       0x27 /Users/jdriselvato/devkitPro/libnds/lib/libnds9.a(background.o)
 .ARM.attributes
                0x00000103       0x27 /Users/jdriselvato/devkitPro/libnds/lib/libnds9.a(initSystem.o)
 .ARM.attributes
                0x0000012a       0x27 /Users/jdriselvato/devkitPro/libnds/lib/libnds9.a(fifosystem.o)
 .ARM.attributes
                0x00000151       0x27 /Users/jdriselvato/devkitPro/libnds/lib/libnds9.a(libnds_exit.arm.o)
 .ARM.attributes
                0x00000178       0x27 /Users/jdriselvato/devkitPro/libnds/lib/libnds9.a(interrupts.o)
 .ARM.attributes
                0x0000019f       0x21 /Users/jdriselvato/devkitPro/libnds/lib/libnds9.a(IntrWait.o)
 .ARM.attributes
                0x000001c0       0x21 /Users/jdriselvato/devkitPro/libnds/lib/libnds9.a(mpu_setup.o)
 .ARM.attributes
                0x000001e1       0x21 /Users/jdriselvato/devkitPro/libnds/lib/libnds9.a(swiSoftReset.o)
 .ARM.attributes
                0x00000202       0x1b /Users/jdriselvato/devkitPro/libnds/lib/libnds9.a(debugprint.o)
 .ARM.attributes
                0x0000021d       0x1b /Users/jdriselvato/devkitPro/libnds/lib/libnds9.a(biosCalls.o)
 .ARM.attributes
                0x00000238       0x1b /Users/jdriselvato/devkitPro/libnds/lib/libnds9.a(interruptDispatcher.o)
 .ARM.attributes
                0x00000253       0x14 /Users/jdriselvato/devkitPro/libnds/lib/libnds9.a(default_font.bin.o)
 .ARM.attributes
                0x00000267       0x27 /Users/jdriselvato/devkitPro/libnds/lib/libnds9.a(trig.o)
 .ARM.attributes
                0x0000028e       0x27 /Users/jdriselvato/devkitPro/libnds/lib/libnds9.a(system.o)
 .ARM.attributes
                0x000002b5       0x27 /Users/jdriselvato/devkitPro/libnds/lib/libnds9.a(video.o)
 .ARM.attributes
                0x000002dc       0x27 /Users/jdriselvato/devkitPro/libnds/lib/libnds9.a(timeSupport.o)
 .ARM.attributes
                0x00000303       0x18 /Users/jdriselvato/devkitPro/devkitARM/bin/../lib/gcc/arm-none-eabi/5.3.0/thumb/libgcc.a(_divsi3.o)
 .ARM.attributes
                0x0000031b       0x16 /Users/jdriselvato/devkitPro/devkitARM/bin/../lib/gcc/arm-none-eabi/5.3.0/thumb/libgcc.a(_dvmd_tls.o)
 .ARM.attributes
                0x00000331       0x30 /Users/jdriselvato/devkitPro/devkitARM/bin/../lib/gcc/arm-none-eabi/5.3.0/../../../../arm-none-eabi/lib/thumb/libg.a(lib_a-bsearch.o)
 .ARM.attributes
                0x00000361       0x30 /Users/jdriselvato/devkitPro/devkitARM/bin/../lib/gcc/arm-none-eabi/5.3.0/../../../../arm-none-eabi/lib/thumb/libg.a(lib_a-init.o)
 .ARM.attributes
                0x00000391       0x30 /Users/jdriselvato/devkitPro/devkitARM/bin/../lib/gcc/arm-none-eabi/5.3.0/../../../../arm-none-eabi/lib/thumb/libg.a(lib_a-iprintf.o)
 .ARM.attributes
                0x000003c1       0x30 /Users/jdriselvato/devkitPro/devkitARM/bin/../lib/gcc/arm-none-eabi/5.3.0/../../../../arm-none-eabi/lib/thumb/libg.a(lib_a-memcpy.o)
 .ARM.attributes
                0x000003f1       0x30 /Users/jdriselvato/devkitPro/devkitARM/bin/../lib/gcc/arm-none-eabi/5.3.0/../../../../arm-none-eabi/lib/thumb/libg.a(lib_a-memset.o)
 .ARM.attributes
                0x00000421       0x30 /Users/jdriselvato/devkitPro/devkitARM/bin/../lib/gcc/arm-none-eabi/5.3.0/../../../../arm-none-eabi/lib/thumb/libg.a(lib_a-setvbuf.o)
 .ARM.attributes
                0x00000451       0x30 /Users/jdriselvato/devkitPro/devkitARM/bin/../lib/gcc/arm-none-eabi/5.3.0/../../../../arm-none-eabi/lib/thumb/libg.a(lib_a-siscanf.o)
 .ARM.attributes
                0x00000481       0x30 /Users/jdriselvato/devkitPro/devkitARM/bin/../lib/gcc/arm-none-eabi/5.3.0/../../../../arm-none-eabi/lib/thumb/libg.a(lib_a-stdio.o)
 .ARM.attributes
                0x000004b1       0x30 /Users/jdriselvato/devkitPro/devkitARM/bin/../lib/gcc/arm-none-eabi/5.3.0/../../../../arm-none-eabi/lib/thumb/libg.a(lib_a-strlen.o)
 .ARM.attributes
                0x000004e1       0x30 /Users/jdriselvato/devkitPro/devkitARM/bin/../lib/gcc/arm-none-eabi/5.3.0/../../../../arm-none-eabi/lib/thumb/libg.a(lib_a-svfiscanf.o)
 .ARM.attributes
                0x00000511       0x30 /Users/jdriselvato/devkitPro/devkitARM/bin/../lib/gcc/arm-none-eabi/5.3.0/../../../../arm-none-eabi/lib/thumb/libg.a(lib_a-ungetc.o)
 .ARM.attributes
                0x00000541       0x30 /Users/jdriselvato/devkitPro/devkitARM/bin/../lib/gcc/arm-none-eabi/5.3.0/../../../../arm-none-eabi/lib/thumb/libg.a(lib_a-vfiprintf.o)
 .ARM.attributes
                0x00000571       0x30 /Users/jdriselvato/devkitPro/devkitARM/bin/../lib/gcc/arm-none-eabi/5.3.0/../../../../arm-none-eabi/lib/thumb/libg.a(lib_a-wcrtomb.o)
 .ARM.attributes
                0x000005a1       0x30 /Users/jdriselvato/devkitPro/devkitARM/bin/../lib/gcc/arm-none-eabi/5.3.0/../../../../arm-none-eabi/lib/thumb/libg.a(lib_a-wcsrtombs.o)
 .ARM.attributes
                0x000005d1       0x30 /Users/jdriselvato/devkitPro/devkitARM/bin/../lib/gcc/arm-none-eabi/5.3.0/../../../../arm-none-eabi/lib/thumb/libg.a(lib_a-wctomb_r.o)
 .ARM.attributes
                0x00000601       0x30 /Users/jdriselvato/devkitPro/devkitARM/bin/../lib/gcc/arm-none-eabi/5.3.0/../../../../arm-none-eabi/lib/thumb/libg.a(lib_a-wsetup.o)
 .ARM.attributes
                0x00000631       0x30 /Users/jdriselvato/devkitPro/devkitARM/bin/../lib/gcc/arm-none-eabi/5.3.0/../../../../arm-none-eabi/lib/thumb/libg.a(lib_a-ctype_.o)
 .ARM.attributes
                0x00000661       0x30 /Users/jdriselvato/devkitPro/devkitARM/bin/../lib/gcc/arm-none-eabi/5.3.0/../../../../arm-none-eabi/lib/thumb/libg.a(lib_a-fflush.o)
 .ARM.attributes
                0x00000691       0x30 /Users/jdriselvato/devkitPro/devkitARM/bin/../lib/gcc/arm-none-eabi/5.3.0/../../../../arm-none-eabi/lib/thumb/libg.a(lib_a-findfp.o)
 .ARM.attributes
                0x000006c1       0x30 /Users/jdriselvato/devkitPro/devkitARM/bin/../lib/gcc/arm-none-eabi/5.3.0/../../../../arm-none-eabi/lib/thumb/libg.a(lib_a-fputwc.o)
 .ARM.attributes
                0x000006f1       0x30 /Users/jdriselvato/devkitPro/devkitARM/bin/../lib/gcc/arm-none-eabi/5.3.0/../../../../arm-none-eabi/lib/thumb/libg.a(lib_a-freer.o)
 .ARM.attributes
                0x00000721       0x30 /Users/jdriselvato/devkitPro/devkitARM/bin/../lib/gcc/arm-none-eabi/5.3.0/../../../../arm-none-eabi/lib/thumb/libg.a(lib_a-fvwrite.o)
 .ARM.attributes
                0x00000751       0x30 /Users/jdriselvato/devkitPro/devkitARM/bin/../lib/gcc/arm-none-eabi/5.3.0/../../../../arm-none-eabi/lib/thumb/libg.a(lib_a-fwalk.o)
 .ARM.attributes
                0x00000781       0x30 /Users/jdriselvato/devkitPro/devkitARM/bin/../lib/gcc/arm-none-eabi/5.3.0/../../../../arm-none-eabi/lib/thumb/libg.a(lib_a-impure.o)
 .ARM.attributes
                0x000007b1       0x30 /Users/jdriselvato/devkitPro/devkitARM/bin/../lib/gcc/arm-none-eabi/5.3.0/../../../../arm-none-eabi/lib/thumb/libg.a(lib_a-iswspace.o)
 .ARM.attributes
                0x000007e1       0x30 /Users/jdriselvato/devkitPro/devkitARM/bin/../lib/gcc/arm-none-eabi/5.3.0/../../../../arm-none-eabi/lib/thumb/libg.a(lib_a-jp2uc.o)
 .ARM.attributes
                0x00000811       0x30 /Users/jdriselvato/devkitPro/devkitARM/bin/../lib/gcc/arm-none-eabi/5.3.0/../../../../arm-none-eabi/lib/thumb/libg.a(lib_a-locale.o)
 .ARM.attributes
                0x00000841       0x30 /Users/jdriselvato/devkitPro/devkitARM/bin/../lib/gcc/arm-none-eabi/5.3.0/../../../../arm-none-eabi/lib/thumb/libg.a(lib_a-makebuf.o)
 .ARM.attributes
                0x00000871       0x30 /Users/jdriselvato/devkitPro/devkitARM/bin/../lib/gcc/arm-none-eabi/5.3.0/../../../../arm-none-eabi/lib/thumb/libg.a(lib_a-malloc.o)
 .ARM.attributes
                0x000008a1       0x30 /Users/jdriselvato/devkitPro/devkitARM/bin/../lib/gcc/arm-none-eabi/5.3.0/../../../../arm-none-eabi/lib/thumb/libg.a(lib_a-mallocr.o)
 .ARM.attributes
                0x000008d1       0x30 /Users/jdriselvato/devkitPro/devkitARM/bin/../lib/gcc/arm-none-eabi/5.3.0/../../../../arm-none-eabi/lib/thumb/libg.a(lib_a-mbrtowc.o)
 .ARM.attributes
                0x00000901       0x30 /Users/jdriselvato/devkitPro/devkitARM/bin/../lib/gcc/arm-none-eabi/5.3.0/../../../../arm-none-eabi/lib/thumb/libg.a(lib_a-mbtowc_r.o)
 .ARM.attributes
                0x00000931       0x30 /Users/jdriselvato/devkitPro/devkitARM/bin/../lib/gcc/arm-none-eabi/5.3.0/../../../../arm-none-eabi/lib/thumb/libg.a(lib_a-memchr.o)
 .ARM.attributes
                0x00000961       0x30 /Users/jdriselvato/devkitPro/devkitARM/bin/../lib/gcc/arm-none-eabi/5.3.0/../../../../arm-none-eabi/lib/thumb/libg.a(lib_a-memmove.o)
 .ARM.attributes
                0x00000991       0x30 /Users/jdriselvato/devkitPro/devkitARM/bin/../lib/gcc/arm-none-eabi/5.3.0/../../../../arm-none-eabi/lib/thumb/libg.a(lib_a-mlock.o)
 .ARM.attributes
                0x000009c1       0x30 /Users/jdriselvato/devkitPro/devkitARM/bin/../lib/gcc/arm-none-eabi/5.3.0/../../../../arm-none-eabi/lib/thumb/libg.a(lib_a-reallocr.o)
 .ARM.attributes
                0x000009f1       0x30 /Users/jdriselvato/devkitPro/devkitARM/bin/../lib/gcc/arm-none-eabi/5.3.0/../../../../arm-none-eabi/lib/thumb/libg.a(lib_a-sccl.o)
 .ARM.attributes
                0x00000a21       0x30 /Users/jdriselvato/devkitPro/devkitARM/bin/../lib/gcc/arm-none-eabi/5.3.0/../../../../arm-none-eabi/lib/thumb/libg.a(lib_a-strchr.o)
 .ARM.attributes
                0x00000a51       0x16 /Users/jdriselvato/devkitPro/devkitARM/bin/../lib/gcc/arm-none-eabi/5.3.0/../../../../arm-none-eabi/lib/thumb/libg.a(lib_a-strcmp.o)
 .ARM.attributes
                0x00000a67       0x30 /Users/jdriselvato/devkitPro/devkitARM/bin/../lib/gcc/arm-none-eabi/5.3.0/../../../../arm-none-eabi/lib/thumb/libg.a(lib_a-strncmp.o)
 .ARM.attributes
                0x00000a97       0x30 /Users/jdriselvato/devkitPro/devkitARM/bin/../lib/gcc/arm-none-eabi/5.3.0/../../../../arm-none-eabi/lib/thumb/libg.a(lib_a-strncpy.o)
 .ARM.attributes
                0x00000ac7       0x30 /Users/jdriselvato/devkitPro/devkitARM/bin/../lib/gcc/arm-none-eabi/5.3.0/../../../../arm-none-eabi/lib/thumb/libg.a(lib_a-strtol.o)
 .ARM.attributes
                0x00000af7       0x30 /Users/jdriselvato/devkitPro/devkitARM/bin/../lib/gcc/arm-none-eabi/5.3.0/../../../../arm-none-eabi/lib/thumb/libg.a(lib_a-strtoll_r.o)
 .ARM.attributes
                0x00000b27       0x30 /Users/jdriselvato/devkitPro/devkitARM/bin/../lib/gcc/arm-none-eabi/5.3.0/../../../../arm-none-eabi/lib/thumb/libg.a(lib_a-strtoul.o)
 .ARM.attributes
                0x00000b57       0x30 /Users/jdriselvato/devkitPro/devkitARM/bin/../lib/gcc/arm-none-eabi/5.3.0/../../../../arm-none-eabi/lib/thumb/libg.a(lib_a-strtoull_r.o)
 .ARM.attributes
                0x00000b87       0x30 /Users/jdriselvato/devkitPro/devkitARM/bin/../lib/gcc/arm-none-eabi/5.3.0/../../../../arm-none-eabi/lib/thumb/libg.a(lib_a-svfiprintf.o)
 .ARM.attributes
                0x00000bb7       0x30 /Users/jdriselvato/devkitPro/devkitARM/bin/../lib/gcc/arm-none-eabi/5.3.0/../../../../arm-none-eabi/lib/thumb/libg.a(lib_a-wbuf.o)
 .ARM.attributes
                0x00000be7       0x30 /Users/jdriselvato/devkitPro/devkitARM/bin/../lib/gcc/arm-none-eabi/5.3.0/../../../../arm-none-eabi/lib/thumb/libg.a(lib_a-wcsnrtombs.o)
 .ARM.attributes
                0x00000c17       0x30 /Users/jdriselvato/devkitPro/devkitARM/bin/../lib/gcc/arm-none-eabi/5.3.0/../../../../arm-none-eabi/lib/thumb/libg.a(lib_a-fclose.o)
 .ARM.attributes
                0x00000c47       0x30 /Users/jdriselvato/devkitPro/devkitARM/bin/../lib/gcc/arm-none-eabi/5.3.0/../../../../arm-none-eabi/lib/thumb/libsysbase.a(iosupport.o)
 .ARM.attributes
                0x00000c77       0x30 /Users/jdriselvato/devkitPro/devkitARM/bin/../lib/gcc/arm-none-eabi/5.3.0/../../../../arm-none-eabi/lib/thumb/libsysbase.a(close.o)
 .ARM.attributes
                0x00000ca7       0x30 /Users/jdriselvato/devkitPro/devkitARM/bin/../lib/gcc/arm-none-eabi/5.3.0/../../../../arm-none-eabi/lib/thumb/libsysbase.a(fstat.o)
 .ARM.attributes
                0x00000cd7       0x30 /Users/jdriselvato/devkitPro/devkitARM/bin/../lib/gcc/arm-none-eabi/5.3.0/../../../../arm-none-eabi/lib/thumb/libsysbase.a(isatty.o)
 .ARM.attributes
                0x00000d07       0x30 /Users/jdriselvato/devkitPro/devkitARM/bin/../lib/gcc/arm-none-eabi/5.3.0/../../../../arm-none-eabi/lib/thumb/libsysbase.a(lseek.o)
 .ARM.attributes
                0x00000d37       0x30 /Users/jdriselvato/devkitPro/devkitARM/bin/../lib/gcc/arm-none-eabi/5.3.0/../../../../arm-none-eabi/lib/thumb/libsysbase.a(read.o)
 .ARM.attributes
                0x00000d67       0x30 /Users/jdriselvato/devkitPro/devkitARM/bin/../lib/gcc/arm-none-eabi/5.3.0/../../../../arm-none-eabi/lib/thumb/libsysbase.a(sbrk.o)
 .ARM.attributes
                0x00000d97       0x30 /Users/jdriselvato/devkitPro/devkitARM/bin/../lib/gcc/arm-none-eabi/5.3.0/../../../../arm-none-eabi/lib/thumb/libsysbase.a(write.o)
 .ARM.attributes
                0x00000dc7       0x30 /Users/jdriselvato/devkitPro/devkitARM/bin/../lib/gcc/arm-none-eabi/5.3.0/../../../../arm-none-eabi/lib/thumb/libsysbase.a(malloc_vars.o)
 .ARM.attributes
                0x00000df7       0x30 /Users/jdriselvato/devkitPro/devkitARM/bin/../lib/gcc/arm-none-eabi/5.3.0/../../../../arm-none-eabi/lib/thumb/libsysbase.a(build_argv.o)
 .ARM.attributes
                0x00000e27       0x30 /Users/jdriselvato/devkitPro/devkitARM/bin/../lib/gcc/arm-none-eabi/5.3.0/../../../../arm-none-eabi/lib/thumb/libsysbase.a(flock.o)
 .ARM.attributes
                0x00000e57       0x30 /Users/jdriselvato/devkitPro/devkitARM/bin/../lib/gcc/arm-none-eabi/5.3.0/../../../../arm-none-eabi/lib/thumb/libsysbase.a(syscall_support.o)
 .ARM.attributes
                0x00000e87       0x30 /Users/jdriselvato/devkitPro/devkitARM/bin/../lib/gcc/arm-none-eabi/5.3.0/../../../../arm-none-eabi/lib/thumb/libsysbase.a(handle_manager.o)
 .ARM.attributes
                0x00000eb7       0x30 /Users/jdriselvato/devkitPro/devkitARM/bin/../lib/gcc/arm-none-eabi/5.3.0/../../../../arm-none-eabi/lib/thumb/libsysbase.a(getreent.o)
 .ARM.attributes
                0x00000ee7       0x18 /Users/jdriselvato/devkitPro/devkitARM/bin/../lib/gcc/arm-none-eabi/5.3.0/thumb/libgcc.a(_udivsi3.o)
 .ARM.attributes
                0x00000eff       0x18 /Users/jdriselvato/devkitPro/devkitARM/bin/../lib/gcc/arm-none-eabi/5.3.0/thumb/libgcc.a(_aeabi_uldivmod.o)
 .ARM.attributes
                0x00000f17       0x30 /Users/jdriselvato/devkitPro/devkitARM/bin/../lib/gcc/arm-none-eabi/5.3.0/thumb/libgcc.a(_muldi3.o)
 .ARM.attributes
                0x00000f47       0x30 /Users/jdriselvato/devkitPro/devkitARM/bin/../lib/gcc/arm-none-eabi/5.3.0/thumb/libgcc.a(_udivmoddi4.o)
 .ARM.attributes
                0x00000f77       0x18 /Users/jdriselvato/devkitPro/devkitARM/bin/../lib/gcc/arm-none-eabi/5.3.0/thumb/libgcc.a(_clzdi2.o)
 .ARM.attributes
                0x00000f8f       0x18 /Users/jdriselvato/devkitPro/devkitARM/bin/../lib/gcc/arm-none-eabi/5.3.0/thumb/libgcc.a(_clzsi2.o)
 .ARM.attributes
                0x00000fa7       0x30 /Users/jdriselvato/devkitPro/devkitARM/bin/../lib/gcc/arm-none-eabi/5.3.0/../../../../arm-none-eabi/lib/thumb/libg.a(lib_a-errno.o)
 .ARM.attributes
                0x00000fd7       0x30 /Users/jdriselvato/devkitPro/devkitARM/bin/../lib/gcc/arm-none-eabi/5.3.0/thumb/crtend.o
 .ARM.attributes
                0x00001007       0x16 /Users/jdriselvato/devkitPro/devkitARM/bin/../lib/gcc/arm-none-eabi/5.3.0/thumb/crtn.o

.debug
 *(.debug)

.line
 *(.line)

.debug_srcinfo
 *(.debug_srcinfo)

.debug_sfnames
 *(.debug_sfnames)

.debug_aranges  0x00000000      0x248
 *(.debug_aranges)
 .debug_aranges
                0x00000000       0x28 template.o
 .debug_aranges
                0x00000028       0x20 /Users/jdriselvato/devkitPro/libnds/lib/libnds9.a(keys.o)
 .debug_aranges
                0x00000048       0x20 /Users/jdriselvato/devkitPro/libnds/lib/libnds9.a(console.o)
 .debug_aranges
                0x00000068       0x20 /Users/jdriselvato/devkitPro/libnds/lib/libnds9.a(background.o)
 .debug_aranges
                0x00000088       0x20 /Users/jdriselvato/devkitPro/libnds/lib/libnds9.a(initSystem.o)
 .debug_aranges
                0x000000a8       0x20 /Users/jdriselvato/devkitPro/libnds/lib/libnds9.a(fifosystem.o)
 .debug_aranges
                0x000000c8       0x20 /Users/jdriselvato/devkitPro/libnds/lib/libnds9.a(libnds_exit.arm.o)
 .debug_aranges
                0x000000e8       0x20 /Users/jdriselvato/devkitPro/libnds/lib/libnds9.a(interrupts.o)
 .debug_aranges
                0x00000108       0x20 /Users/jdriselvato/devkitPro/libnds/lib/libnds9.a(IntrWait.o)
 .debug_aranges
                0x00000128       0x20 /Users/jdriselvato/devkitPro/libnds/lib/libnds9.a(mpu_setup.o)
 .debug_aranges
                0x00000148       0x20 /Users/jdriselvato/devkitPro/libnds/lib/libnds9.a(swiSoftReset.o)
 .debug_aranges
                0x00000168       0x20 /Users/jdriselvato/devkitPro/libnds/lib/libnds9.a(debugprint.o)
 .debug_aranges
                0x00000188       0x20 /Users/jdriselvato/devkitPro/libnds/lib/libnds9.a(biosCalls.o)
 .debug_aranges
                0x000001a8       0x20 /Users/jdriselvato/devkitPro/libnds/lib/libnds9.a(interruptDispatcher.o)
 .debug_aranges
                0x000001c8       0x20 /Users/jdriselvato/devkitPro/libnds/lib/libnds9.a(trig.o)
 .debug_aranges
                0x000001e8       0x20 /Users/jdriselvato/devkitPro/libnds/lib/libnds9.a(system.o)
 .debug_aranges
                0x00000208       0x20 /Users/jdriselvato/devkitPro/libnds/lib/libnds9.a(video.o)
 .debug_aranges
                0x00000228       0x20 /Users/jdriselvato/devkitPro/libnds/lib/libnds9.a(timeSupport.o)

.debug_pubnames
 *(.debug_pubnames)

.debug_info     0x00000000     0x894d
 *(.debug_info)
 .debug_info    0x00000000      0xd58 template.o
 .debug_info    0x00000d58      0x408 /Users/jdriselvato/devkitPro/libnds/lib/libnds9.a(keys.o)
 .debug_info    0x00001160     0x223d /Users/jdriselvato/devkitPro/libnds/lib/libnds9.a(console.o)
 .debug_info    0x0000339d      0xa19 /Users/jdriselvato/devkitPro/libnds/lib/libnds9.a(background.o)
 .debug_info    0x00003db6     0x10b3 /Users/jdriselvato/devkitPro/libnds/lib/libnds9.a(initSystem.o)
 .debug_info    0x00004e69     0x1647 /Users/jdriselvato/devkitPro/libnds/lib/libnds9.a(fifosystem.o)
 .debug_info    0x000064b0      0x337 /Users/jdriselvato/devkitPro/libnds/lib/libnds9.a(libnds_exit.arm.o)
 .debug_info    0x000067e7      0x5d8 /Users/jdriselvato/devkitPro/libnds/lib/libnds9.a(interrupts.o)
 .debug_info    0x00006dbf       0xd1 /Users/jdriselvato/devkitPro/libnds/lib/libnds9.a(IntrWait.o)
 .debug_info    0x00006e90       0xd2 /Users/jdriselvato/devkitPro/libnds/lib/libnds9.a(mpu_setup.o)
 .debug_info    0x00006f62       0xd0 /Users/jdriselvato/devkitPro/libnds/lib/libnds9.a(swiSoftReset.o)
 .debug_info    0x00007032       0xce /Users/jdriselvato/devkitPro/libnds/lib/libnds9.a(debugprint.o)
 .debug_info    0x00007100       0xcd /Users/jdriselvato/devkitPro/libnds/lib/libnds9.a(biosCalls.o)
 .debug_info    0x000071cd       0xd7 /Users/jdriselvato/devkitPro/libnds/lib/libnds9.a(interruptDispatcher.o)
 .debug_info    0x000072a4      0x54d /Users/jdriselvato/devkitPro/libnds/lib/libnds9.a(trig.o)
 .debug_info    0x000077f1      0x917 /Users/jdriselvato/devkitPro/libnds/lib/libnds9.a(system.o)
 .debug_info    0x00008108      0x6f8 /Users/jdriselvato/devkitPro/libnds/lib/libnds9.a(video.o)
 .debug_info    0x00008800      0x14d /Users/jdriselvato/devkitPro/libnds/lib/libnds9.a(timeSupport.o)

.debug_abbrev   0x00000000     0x1e81
 *(.debug_abbrev)
 .debug_abbrev  0x00000000      0x300 template.o
 .debug_abbrev  0x00000300      0x17f /Users/jdriselvato/devkitPro/libnds/lib/libnds9.a(keys.o)
 .debug_abbrev  0x0000047f      0x504 /Users/jdriselvato/devkitPro/libnds/lib/libnds9.a(console.o)
 .debug_abbrev  0x00000983      0x2b2 /Users/jdriselvato/devkitPro/libnds/lib/libnds9.a(background.o)
 .debug_abbrev  0x00000c35      0x2d2 /Users/jdriselvato/devkitPro/libnds/lib/libnds9.a(initSystem.o)
 .debug_abbrev  0x00000f07      0x411 /Users/jdriselvato/devkitPro/libnds/lib/libnds9.a(fifosystem.o)
 .debug_abbrev  0x00001318      0x17c /Users/jdriselvato/devkitPro/libnds/lib/libnds9.a(libnds_exit.arm.o)
 .debug_abbrev  0x00001494      0x284 /Users/jdriselvato/devkitPro/libnds/lib/libnds9.a(interrupts.o)
 .debug_abbrev  0x00001718       0x14 /Users/jdriselvato/devkitPro/libnds/lib/libnds9.a(IntrWait.o)
 .debug_abbrev  0x0000172c       0x14 /Users/jdriselvato/devkitPro/libnds/lib/libnds9.a(mpu_setup.o)
 .debug_abbrev  0x00001740       0x14 /Users/jdriselvato/devkitPro/libnds/lib/libnds9.a(swiSoftReset.o)
 .debug_abbrev  0x00001754       0x14 /Users/jdriselvato/devkitPro/libnds/lib/libnds9.a(debugprint.o)
 .debug_abbrev  0x00001768       0x14 /Users/jdriselvato/devkitPro/libnds/lib/libnds9.a(biosCalls.o)
 .debug_abbrev  0x0000177c       0x14 /Users/jdriselvato/devkitPro/libnds/lib/libnds9.a(interruptDispatcher.o)
 .debug_abbrev  0x00001790      0x1ef /Users/jdriselvato/devkitPro/libnds/lib/libnds9.a(trig.o)
 .debug_abbrev  0x0000197f      0x24e /Users/jdriselvato/devkitPro/libnds/lib/libnds9.a(system.o)
 .debug_abbrev  0x00001bcd      0x1f7 /Users/jdriselvato/devkitPro/libnds/lib/libnds9.a(video.o)
 .debug_abbrev  0x00001dc4       0xbd /Users/jdriselvato/devkitPro/libnds/lib/libnds9.a(timeSupport.o)

.debug_line     0x00000000     0x2a5b
 *(.debug_line)
 .debug_line    0x00000000      0x285 template.o
 .debug_line    0x00000285      0x246 /Users/jdriselvato/devkitPro/libnds/lib/libnds9.a(keys.o)
 .debug_line    0x000004cb      0x678 /Users/jdriselvato/devkitPro/libnds/lib/libnds9.a(console.o)
 .debug_line    0x00000b43      0x325 /Users/jdriselvato/devkitPro/libnds/lib/libnds9.a(background.o)
 .debug_line    0x00000e68      0x38d /Users/jdriselvato/devkitPro/libnds/lib/libnds9.a(initSystem.o)
 .debug_line    0x000011f5      0x706 /Users/jdriselvato/devkitPro/libnds/lib/libnds9.a(fifosystem.o)
 .debug_line    0x000018fb      0x223 /Users/jdriselvato/devkitPro/libnds/lib/libnds9.a(libnds_exit.arm.o)
 .debug_line    0x00001b1e      0x298 /Users/jdriselvato/devkitPro/libnds/lib/libnds9.a(interrupts.o)
 .debug_line    0x00001db6       0x97 /Users/jdriselvato/devkitPro/libnds/lib/libnds9.a(IntrWait.o)
 .debug_line    0x00001e4d      0x107 /Users/jdriselvato/devkitPro/libnds/lib/libnds9.a(mpu_setup.o)
 .debug_line    0x00001f54       0x9d /Users/jdriselvato/devkitPro/libnds/lib/libnds9.a(swiSoftReset.o)
 .debug_line    0x00001ff1       0xa5 /Users/jdriselvato/devkitPro/libnds/lib/libnds9.a(debugprint.o)
 .debug_line    0x00002096       0xc5 /Users/jdriselvato/devkitPro/libnds/lib/libnds9.a(biosCalls.o)
 .debug_line    0x0000215b       0xcd /Users/jdriselvato/devkitPro/libnds/lib/libnds9.a(interruptDispatcher.o)
 .debug_line    0x00002228      0x268 /Users/jdriselvato/devkitPro/libnds/lib/libnds9.a(trig.o)
 .debug_line    0x00002490      0x29a /Users/jdriselvato/devkitPro/libnds/lib/libnds9.a(system.o)
 .debug_line    0x0000272a      0x253 /Users/jdriselvato/devkitPro/libnds/lib/libnds9.a(video.o)
 .debug_line    0x0000297d       0xde /Users/jdriselvato/devkitPro/libnds/lib/libnds9.a(timeSupport.o)

.debug_frame    0x00000000      0x950
 *(.debug_frame)
 .debug_frame   0x00000000       0x48 template.o
 .debug_frame   0x00000048       0x8c /Users/jdriselvato/devkitPro/libnds/lib/libnds9.a(keys.o)
 .debug_frame   0x000000d4      0x1a0 /Users/jdriselvato/devkitPro/libnds/lib/libnds9.a(console.o)
 .debug_frame   0x00000274       0xc0 /Users/jdriselvato/devkitPro/libnds/lib/libnds9.a(background.o)
 .debug_frame   0x00000334       0x28 /Users/jdriselvato/devkitPro/libnds/lib/libnds9.a(initSystem.o)
 .debug_frame   0x0000035c      0x2a4 /Users/jdriselvato/devkitPro/libnds/lib/libnds9.a(fifosystem.o)
 .debug_frame   0x00000600       0x3c /Users/jdriselvato/devkitPro/libnds/lib/libnds9.a(libnds_exit.arm.o)
 .debug_frame   0x0000063c       0xa4 /Users/jdriselvato/devkitPro/libnds/lib/libnds9.a(interrupts.o)
 .debug_frame   0x000006e0       0xd0 /Users/jdriselvato/devkitPro/libnds/lib/libnds9.a(trig.o)
 .debug_frame   0x000007b0       0xc8 /Users/jdriselvato/devkitPro/libnds/lib/libnds9.a(system.o)
 .debug_frame   0x00000878       0xb8 /Users/jdriselvato/devkitPro/libnds/lib/libnds9.a(video.o)
 .debug_frame   0x00000930       0x20 /Users/jdriselvato/devkitPro/libnds/lib/libnds9.a(timeSupport.o)

.debug_str      0x00000000     0x3668
 *(.debug_str)
 .debug_str     0x00000000      0x9a2 template.o
                                0xa3a (size before relaxing)
 .debug_str     0x000009a2      0x1eb /Users/jdriselvato/devkitPro/libnds/lib/libnds9.a(keys.o)
                                0x3a0 (size before relaxing)
 .debug_str     0x00000b8d      0xdd1 /Users/jdriselvato/devkitPro/libnds/lib/libnds9.a(console.o)
                               0x1196 (size before relaxing)
 .debug_str     0x0000195e      0x2d4 /Users/jdriselvato/devkitPro/libnds/lib/libnds9.a(background.o)
                                0x72f (size before relaxing)
 .debug_str     0x00001c32      0x47e /Users/jdriselvato/devkitPro/libnds/lib/libnds9.a(initSystem.o)
                                0xbcc (size before relaxing)
 .debug_str     0x000020b0      0x615 /Users/jdriselvato/devkitPro/libnds/lib/libnds9.a(fifosystem.o)
                                0x89f (size before relaxing)
 .debug_str     0x000026c5      0x1be /Users/jdriselvato/devkitPro/libnds/lib/libnds9.a(libnds_exit.arm.o)
                                0x36d (size before relaxing)
 .debug_str     0x00002883       0xb4 /Users/jdriselvato/devkitPro/libnds/lib/libnds9.a(interrupts.o)
                                0x41d (size before relaxing)
 .debug_str     0x00002937       0xf6 /Users/jdriselvato/devkitPro/libnds/lib/libnds9.a(trig.o)
                                0x277 (size before relaxing)
 .debug_str     0x00002a2d      0x2db /Users/jdriselvato/devkitPro/libnds/lib/libnds9.a(system.o)
                                0x6c4 (size before relaxing)
 .debug_str     0x00002d08      0x8ee /Users/jdriselvato/devkitPro/libnds/lib/libnds9.a(video.o)
                                0xbcb (size before relaxing)
 .debug_str     0x000035f6       0x72 /Users/jdriselvato/devkitPro/libnds/lib/libnds9.a(timeSupport.o)
                                0x1de (size before relaxing)

.debug_loc      0x00000000     0x388e
 *(.debug_loc)
 .debug_loc     0x00000000      0x110 template.o
 .debug_loc     0x00000110     0x1080 /Users/jdriselvato/devkitPro/libnds/lib/libnds9.a(console.o)
 .debug_loc     0x00001190      0x40b /Users/jdriselvato/devkitPro/libnds/lib/libnds9.a(background.o)
 .debug_loc     0x0000159b       0x1f /Users/jdriselvato/devkitPro/libnds/lib/libnds9.a(initSystem.o)
 .debug_loc     0x000015ba     0x12bf /Users/jdriselvato/devkitPro/libnds/lib/libnds9.a(fifosystem.o)
 .debug_loc     0x00002879       0x58 /Users/jdriselvato/devkitPro/libnds/lib/libnds9.a(libnds_exit.arm.o)
 .debug_loc     0x000028d1      0x14b /Users/jdriselvato/devkitPro/libnds/lib/libnds9.a(interrupts.o)
 .debug_loc     0x00002a1c      0xa4b /Users/jdriselvato/devkitPro/libnds/lib/libnds9.a(trig.o)
 .debug_loc     0x00003467      0x1f9 /Users/jdriselvato/devkitPro/libnds/lib/libnds9.a(system.o)
 .debug_loc     0x00003660      0x20d /Users/jdriselvato/devkitPro/libnds/lib/libnds9.a(video.o)
 .debug_loc     0x0000386d       0x21 /Users/jdriselvato/devkitPro/libnds/lib/libnds9.a(timeSupport.o)

.debug_macinfo
 *(.debug_macinfo)

.debug_weaknames
 *(.debug_weaknames)

.debug_funcnames
 *(.debug_funcnames)

.debug_typenames
 *(.debug_typenames)

.debug_varnames
 *(.debug_varnames)

.stack          0x00080000        0x0
                0x00080000                _stack = .
 *(.stack)