Archive member included to satisfy reference by file (symbol)

/Users/jdriselvato/devkitPro/libnds/lib/libnds9.a(keys.o)
                              template.o (scanKeys)
/Users/jdriselvato/devkitPro/libnds/lib/libnds9.a(sprite.o)
                              template.o (oamInit)
/Users/jdriselvato/devkitPro/libnds/lib/libnds9.a(trig.o)
                              /Users/jdriselvato/devkitPro/libnds/lib/libnds9.a(sprite.o) (sinLerp)
/Users/jdriselvato/devkitPro/libnds/lib/libnds9.a(console.o)
                              template.o (consoleDemoInit)
/Users/jdriselvato/devkitPro/libnds/lib/libnds9.a(sprite_alloc.o)
                              /Users/jdriselvato/devkitPro/libnds/lib/libnds9.a(sprite.o) (oamAllocReset)
/Users/jdriselvato/devkitPro/libnds/lib/libnds9.a(touch.o)
                              template.o (touchRead)
/Users/jdriselvato/devkitPro/libnds/lib/libnds9.a(background.o)
                              /Users/jdriselvato/devkitPro/libnds/lib/libnds9.a(console.o) (bgState)
/Users/jdriselvato/devkitPro/libnds/lib/libnds9.a(initSystem.o)
                              /Users/jdriselvato/devkitPro/devkitARM/bin/../lib/gcc/arm-none-eabi/5.3.0/../../../../arm-none-eabi/lib/thumb/ds_arm9_crt0.o (initSystem)
/Users/jdriselvato/devkitPro/libnds/lib/libnds9.a(fifosystem.o)
                              /Users/jdriselvato/devkitPro/libnds/lib/libnds9.a(initSystem.o) (fifoSetValue32Handler)
/Users/jdriselvato/devkitPro/libnds/lib/libnds9.a(libnds_exit.arm.o)
                              /Users/jdriselvato/devkitPro/devkitARM/bin/../lib/gcc/arm-none-eabi/5.3.0/../../../../arm-none-eabi/lib/thumb/ds_arm9_crt0.o (__libnds_exit)
/Users/jdriselvato/devkitPro/libnds/lib/libnds9.a(interrupts.o)
                              /Users/jdriselvato/devkitPro/libnds/lib/libnds9.a(fifosystem.o) (irqSet)
/Users/jdriselvato/devkitPro/libnds/lib/libnds9.a(dcache.o)
                              /Users/jdriselvato/devkitPro/libnds/lib/libnds9.a(sprite.o) (DC_FlushRange)
/Users/jdriselvato/devkitPro/libnds/lib/libnds9.a(IntrWait.o)
                              /Users/jdriselvato/devkitPro/libnds/lib/libnds9.a(fifosystem.o) (swiIntrWait)
/Users/jdriselvato/devkitPro/libnds/lib/libnds9.a(mpu_setup.o)
                              /Users/jdriselvato/devkitPro/devkitARM/bin/../lib/gcc/arm-none-eabi/5.3.0/../../../../arm-none-eabi/lib/thumb/ds_arm9_crt0.o (__libnds_mpu_setup)
/Users/jdriselvato/devkitPro/libnds/lib/libnds9.a(swiSoftReset.o)
                              /Users/jdriselvato/devkitPro/libnds/lib/libnds9.a(fifosystem.o) (swiSoftReset)
/Users/jdriselvato/devkitPro/libnds/lib/libnds9.a(debugprint.o)
                              /Users/jdriselvato/devkitPro/libnds/lib/libnds9.a(console.o) (nocashWrite)
/Users/jdriselvato/devkitPro/libnds/lib/libnds9.a(biosCalls.o)
                              template.o (swiWaitForVBlank)
/Users/jdriselvato/devkitPro/libnds/lib/libnds9.a(interruptDispatcher.o)
                              /Users/jdriselvato/devkitPro/libnds/lib/libnds9.a(interrupts.o) (IntrMain)
/Users/jdriselvato/devkitPro/libnds/lib/libnds9.a(default_font.bin.o)
                              /Users/jdriselvato/devkitPro/libnds/lib/libnds9.a(console.o) (default_font_bin)
/Users/jdriselvato/devkitPro/libnds/lib/libnds9.a(system.o)
                              /Users/jdriselvato/devkitPro/libnds/lib/libnds9.a(initSystem.o) (systemValueHandler)
/Users/jdriselvato/devkitPro/libnds/lib/libnds9.a(video.o)
                              /Users/jdriselvato/devkitPro/libnds/lib/libnds9.a(initSystem.o) (vramDefault)
/Users/jdriselvato/devkitPro/libnds/lib/libnds9.a(timeSupport.o)
                              /Users/jdriselvato/devkitPro/libnds/lib/libnds9.a(initSystem.o) (__libnds_gtod)
/Users/jdriselvato/devkitPro/devkitARM/bin/../lib/gcc/arm-none-eabi/5.3.0/thumb/libgcc.a(_divsi3.o)
                              /Users/jdriselvato/devkitPro/libnds/lib/libnds9.a(console.o) (__aeabi_idivmod)
/Users/jdriselvato/devkitPro/devkitARM/bin/../lib/gcc/arm-none-eabi/5.3.0/thumb/libgcc.a(_dvmd_tls.o)
                              /Users/jdriselvato/devkitPro/devkitARM/bin/../lib/gcc/arm-none-eabi/5.3.0/thumb/libgcc.a(_divsi3.o) (__aeabi_idiv0)
/Users/jdriselvato/devkitPro/devkitARM/bin/../lib/gcc/arm-none-eabi/5.3.0/../../../../arm-none-eabi/lib/thumb/libg.a(lib_a-bsearch.o)
                              /Users/jdriselvato/devkitPro/libnds/lib/libnds9.a(trig.o) (bsearch)
/Users/jdriselvato/devkitPro/devkitARM/bin/../lib/gcc/arm-none-eabi/5.3.0/../../../../arm-none-eabi/lib/thumb/libg.a(lib_a-init.o)
                              /Users/jdriselvato/devkitPro/devkitARM/bin/../lib/gcc/arm-none-eabi/5.3.0/../../../../arm-none-eabi/lib/thumb/ds_arm9_crt0.o (__libc_init_array)
/Users/jdriselvato/devkitPro/devkitARM/bin/../lib/gcc/arm-none-eabi/5.3.0/../../../../arm-none-eabi/lib/thumb/libg.a(lib_a-iprintf.o)
                              template.o (iprintf)
[...]
Memory Configuration

Name             Origin             Length             Attributes
rom              0x08000000         0x02000000
ewram            0x02000000         0x003ff000
dtcm             0x0b000000         0x00004000
vectors          0x01000000         0x00000100
itcm             0x01000100         0x00007f00
*default*        0x00000000         0xffffffff

Linker script and memory map

                0x01000000                __vectors_start = ORIGIN (vectors)
                0x01000100                __itcm_start = ORIGIN (itcm)
                0x023ff000                __ewram_end = (ORIGIN (ewram) + 0x3ff000)
                0x023ff000                __eheap_end = (ORIGIN (ewram) + 0x3ff000)
                0x0b000000                __dtcm_start = ORIGIN (dtcm)
                0x0b004000                __dtcm_top = (ORIGIN (dtcm) + 0x4000)
                0x0b003ff8                __irq_flags = (__dtcm_top - 0x8)
                0x0b003ffc                __irq_vector = (__dtcm_top - 0x4)
                0x0b003f00                __sp_svc = (__dtcm_top - 0x100)
                0x0b003e00                __sp_irq = (__sp_svc - 0x100)
                0x0b003d00                __sp_usr = (__sp_irq - 0x100)

.init           0x02000000      0x23c
                0x02000000                __text_start = .
 *(.init)
 .init          0x02000000      0x230 /Users/jdriselvato/devkitPro/devkitARM/bin/../lib/gcc/arm-none-eabi/5.3.0/../../../../arm-none-eabi/lib/thumb/ds_arm9_crt0.o
                0x02000000                _start
 .init          0x02000230        0x4 /Users/jdriselvato/devkitPro/devkitARM/bin/../lib/gcc/arm-none-eabi/5.3.0/thumb/crti.o
                0x02000230                _init
 .init          0x02000234        0x8 /Users/jdriselvato/devkitPro/devkitARM/bin/../lib/gcc/arm-none-eabi/5.3.0/thumb/crtn.o
                0x0200023c                . = ALIGN (0x4)

.plt
 *(.plt)

.text           0x02000240     0xb6a0
 *(EXCLUDE_FILE(*.itcm*) .text)
 .text          0x02000240       0xd4 /Users/jdriselvato/devkitPro/devkitARM/bin/../lib/gcc/arm-none-eabi/5.3.0/thumb/crtbegin.o
 .text          0x02000314       0x58 template.o
                0x02000314                collision
 .text          0x0200036c       0xf4 /Users/jdriselvato/devkitPro/libnds/lib/libnds9.a(keys.o)
                0x0200036c                scanKeys
                0x020003d8                keysHeld
                0x020003e4                keysDown
                0x020003f4                keysDownRepeat
                0x02000404                keysSetRepeat
                0x0200041c                keysUp
                0x0200042c                keysCurrent
 .text          0x02000460      0x3f8 /Users/jdriselvato/devkitPro/libnds/lib/libnds9.a(sprite.o)
                0x02000460                oamInit
                0x0200057c                oamDisable
                0x020005a8                oamEnable
                0x020005c8                oamGetGfxPtr
                0x02000600                oamClear
                0x02000628                oamGfxPtrToOffset
                0x02000658                oamSet
                0x020007ac                oamUpdate
                0x0200080c                oamRotateScale
 .text          0x02000858      0x2a0 /Users/jdriselvato/devkitPro/libnds/lib/libnds9.a(trig.o)
                0x02000858                asinComp
                0x0200087c                sinLutLookup
                0x020008b4                sinLerp
                0x02000950                cosLerp
                0x02000964                tanLutLookup
                0x0200099c                tanLerp
                0x02000a44                asinLerp
                0x02000ac0                acosLerp
                0x02000ad4                atanComp
 .text          0x02000af8      0xa30 /Users/jdriselvato/devkitPro/libnds/lib/libnds9.a(console.o)
                0x02000ba8                nocash_write
                0x02000bb8                consoleGetDefault
                0x02000bc4                consoleSelect
                0x02000bd4                consoleDebugInit
                0x02000c24                consolePrintChar
                0x02000e04                consoleLoadFont
                0x02001080                consoleSetFont
                0x020010a0                consoleInit
                0x02001208                consoleDemoInit
                0x0200124c                con_write
                0x020014f8                consoleClear
                0x02001508                consoleSetWindow
 .text          0x02001528      0x450 /Users/jdriselvato/devkitPro/libnds/lib/libnds9.a(sprite_alloc.o)
                0x02001558                oamAllocReset
                0x02001574                oamAllocateGfx
                0x0200179c                oamFreeGfx
                0x02001924                oamCountFragments
 .text          0x02001978       0x48 /Users/jdriselvato/devkitPro/libnds/lib/libnds9.a(touch.o)
                0x02001978                touchRead
                0x0200199c                touchReadXY
 .text          0x020019c0      0x350 /Users/jdriselvato/devkitPro/libnds/lib/libnds9.a(background.o)
                0x020019fc                bgIsText
                0x02001a08                checkIfText
                0x02001a30                bgUpdate
                0x02001b20                bgInit_call
                0x02001c10                bgInitSub_call
 .text          0x02001d10      0x148 /Users/jdriselvato/devkitPro/libnds/lib/libnds9.a(initSystem.o)
                0x02001d10                initSystem
 .text          0x02001e58      0xd04 /Users/jdriselvato/devkitPro/libnds/lib/libnds9.a(fifosystem.o)
                0x020020ac                fifoSetValue32Handler
                0x02002120                fifoSendAddress
                0x02002158                fifoSendValue32
                0x020021a8                fifoSendDatamsg
                0x02002238                fifoGetAddress
                0x020022a4                fifoSetAddressHandler
                0x02002318                fifoGetValue32
                0x0200232c                fifoGetDatamsg
                0x0200285c                fifoSetDatamsgHandler
                0x020028f4                fifoCheckAddress
                0x02002918                fifoCheckDatamsg
                0x0200293c                fifoCheckDatamsgLength
                0x0200296c                fifoCheckValue32
                0x02002990                fifoInit
 *fill*         0x02002b5c        0x4 ff
 .text          0x02002b60       0x60 /Users/jdriselvato/devkitPro/libnds/lib/libnds9.a(libnds_exit.arm.o)
                0x02002b60                systemErrorExit
                0x02002b64                __libnds_exit
 .text          0x02002bc0      0x1e8 /Users/jdriselvato/devkitPro/libnds/lib/libnds9.a(interrupts.o)
                0x02002bc0                irqDummy
                0x02002bc4                irqSet
                0x02002c30                irqInitHandler
                0x02002c58                irqInit
                0x02002ca8                irqEnable
                0x02002d0c                irqDisable
                0x02002d70                irqClear
 .text          0x02002da8       0x88 /Users/jdriselvato/devkitPro/libnds/lib/libnds9.a(dcache.o)
                0x02002da8                DC_FlushAll
                0x02002dd4                DC_FlushRange
                0x02002df8                DC_InvalidateAll
                0x02002e04                DC_InvalidateRange
 .text          0x02002e30       0x20 /Users/jdriselvato/devkitPro/libnds/lib/libnds9.a(IntrWait.o)
                0x02002e30                swiIntrWait
 .text          0x02002e50      0x1b4 /Users/jdriselvato/devkitPro/libnds/lib/libnds9.a(mpu_setup.o)
                0x02002e50                __libnds_mpu_setup
                0x02002f90                memCached
                0x02002fa8                memUncached
 *fill*         0x02003004        0xc ff
 .text          0x02003010       0x30 /Users/jdriselvato/devkitPro/libnds/lib/libnds9.a(swiSoftReset.o)
                0x02003010                swiSoftReset
 .text          0x02003040       0xa4 /Users/jdriselvato/devkitPro/libnds/lib/libnds9.a(debugprint.o)
                0x02003040                nocashWrite
                0x02003042                nocashMessage
 *fill*         0x020030e4        0xc ff
 .text          0x020030f0       0x70 /Users/jdriselvato/devkitPro/libnds/lib/libnds9.a(biosCalls.o)
                0x020030f0                swiDelay
                0x020030f4                swiWaitForVBlank
                0x020030f8                swiSleep
                0x020030fc                swiChangeSoundBias
                0x02003100                swiDivide
                0x02003104                swiRemainder
                0x0200310a                swiDivMod
                0x02003116                swiCopy
                0x0200311a                swiFastCopy
                0x0200311e                swiSqrt
                0x02003122                swiCRC16
                0x02003126                swiIsDebugger
                0x0200312a                swiUnpackBits
                0x0200312e                swiDecompressLZSSWram
                0x02003132                swiDecompressLZSSVramNTR
                0x02003136                swiDecompressLZSSVramTWL
                0x0200313a                swiDecompressHuffman
                0x0200313e                swiDecompressRLEWram
                0x02003142                swiDecompressRLEVram
                0x02003146                swiWaitForIRQ
                0x0200314a                swiDecodeDelta8
                0x0200314e                swiDecodeDelta16
                0x02003152                swiSetHaltCR
 .text          0x02003160      0x140 /Users/jdriselvato/devkitPro/libnds/lib/libnds9.a(system.o)
                0x02003160                setSDcallback
                0x0200316c                systemValueHandler
                0x020031b4                systemMsgHandler
                0x02003204                systemSleep
                0x0200321c                powerOn
                0x02003248                powerOff
                0x02003270                ledBlink
                0x02003280                getBatteryLevel
 .text          0x020032a0      0x1bc /Users/jdriselvato/devkitPro/libnds/lib/libnds9.a(video.o)
                0x020032a0                vramSetMainBanks
                0x020032e4                vramSetPrimaryBanks
                0x020032ec                vramSetBanks_EFG
                0x02003324                vramRestorePrimaryBanks
                0x02003330                vramRestoreMainBanks
                0x0200333c                vramRestoreBanks_EFG
                0x02003348                setBrightness
                0x02003388                vramDefault
 .text          0x0200345c       0x24 /Users/jdriselvato/devkitPro/libnds/lib/libnds9.a(timeSupport.o)
                0x0200345c                __libnds_gtod
 .text          0x02003480      0x150 /Users/jdriselvato/devkitPro/devkitARM/bin/../lib/gcc/arm-none-eabi/5.3.0/thumb/libgcc.a(_divsi3.o)
                0x02003480                __aeabi_idiv
                0x02003480                __divsi3
                0x020035b0                __aeabi_idivmod
 .text          0x020035d0        0x4 /Users/jdriselvato/devkitPro/devkitARM/bin/../lib/gcc/arm-none-eabi/5.3.0/thumb/libgcc.a(_dvmd_tls.o)
                0x020035d0                __aeabi_ldiv0
                0x020035d0                __aeabi_idiv0
 .text          0x020035d4      0x224 /Users/jdriselvato/devkitPro/devkitARM/bin/../lib/gcc/arm-none-eabi/5.3.0/../../../../arm-none-eabi/lib/thumb/libg.a(lib_a-strcmp.o)
                0x020035d4                strcmp
 .text          0x020037f8      0x160 /Users/jdriselvato/devkitPro/devkitARM/bin/../lib/gcc/arm-none-eabi/5.3.0/../../../../arm-none-eabi/lib/thumb/libsysbase.a(iosupport.o)
                0x020037fc                setDefaultDevice
                0x0200380c                FindDevice
                0x02003898                RemoveDevice
                0x020038bc                AddDevice
                0x02003938                GetDeviceOpTab
 .text          0x02003958       0x54 /Users/jdriselvato/devkitPro/devkitARM/bin/../lib/gcc/arm-none-eabi/5.3.0/../../../../arm-none-eabi/lib/thumb/libsysbase.a(close.o)
                0x02003958                _close_r
 .text          0x020039ac       0x44 /Users/jdriselvato/devkitPro/devkitARM/bin/../lib/gcc/arm-none-eabi/5.3.0/../../../../arm-none-eabi/lib/thumb/libsysbase.a(fstat.o)
                0x020039ac                _fstat_r
 .text          0x020039f0        0x4 /Users/jdriselvato/devkitPro/devkitARM/bin/../lib/gcc/arm-none-eabi/5.3.0/../../../../arm-none-eabi/lib/thumb/libsysbase.a(isatty.o)
                0x020039f0                _isatty_r
 .text          0x020039f4       0x48 /Users/jdriselvato/devkitPro/devkitARM/bin/../lib/gcc/arm-none-eabi/5.3.0/../../../../arm-none-eabi/lib/thumb/libsysbase.a(lseek.o)
                0x020039f4                _lseek_r
 .text          0x02003a3c       0x48 /Users/jdriselvato/devkitPro/devkitARM/bin/../lib/gcc/arm-none-eabi/5.3.0/../../../../arm-none-eabi/lib/thumb/libsysbase.a(read.o)
                0x02003a3c                _read_r
 .text          0x02003a84       0x54 /Users/jdriselvato/devkitPro/devkitARM/bin/../lib/gcc/arm-none-eabi/5.3.0/../../../../arm-none-eabi/lib/thumb/libsysbase.a(sbrk.o)
                0x02003a84                _sbrk_r
 .text          0x02003ad8       0x48 /Users/jdriselvato/devkitPro/devkitARM/bin/../lib/gcc/arm-none-eabi/5.3.0/../../../../arm-none-eabi/lib/thumb/libsysbase.a(write.o)
                0x02003ad8                _write_r
 .text          0x02003b20       0x4c /Users/jdriselvato/devkitPro/devkitARM/bin/../lib/gcc/arm-none-eabi/5.3.0/../../../../arm-none-eabi/lib/thumb/libsysbase.a(build_argv.o)
                0x02003b20                build_argv
 .text          0x02003b6c       0x20 /Users/jdriselvato/devkitPro/devkitARM/bin/../lib/gcc/arm-none-eabi/5.3.0/../../../../arm-none-eabi/lib/thumb/libsysbase.a(flock.o)
                0x02003b6c                __flockfile
                0x02003b7c                __funlockfile
 .text          0x02003b8c      0x104 /Users/jdriselvato/devkitPro/devkitARM/bin/../lib/gcc/arm-none-eabi/5.3.0/../../../../arm-none-eabi/lib/thumb/libsysbase.a(syscall_support.o)
                0x02003b8c                __libc_lock_init
                0x02003ba4                __libc_lock_acquire
                0x02003bbc                __libc_lock_try_acquire
                0x02003bdc                __libc_lock_release
                0x02003bf4                __libc_lock_close
                0x02003c0c                __libc_lock_init_recursive
                0x02003c24                __libc_lock_acquire_recursive
                0x02003c3c                __libc_lock_try_acquire_recursive
                0x02003c5c                __libc_lock_release_recursive
                0x02003c74                __libc_lock_close_recursive
 .text          0x02003c90      0x204 /Users/jdriselvato/devkitPro/devkitARM/bin/../lib/gcc/arm-none-eabi/5.3.0/../../../../arm-none-eabi/lib/thumb/libsysbase.a(handle_manager.o)
                0x02003c90                __free_handle
                0x02003cc8                __release_handle
                0x02003d00                __alloc_handle
                0x02003d58                __get_handle
                0x02003d74                dup
                0x02003de8                dup2
 .text          0x02003e94       0x28 /Users/jdriselvato/devkitPro/devkitARM/bin/../lib/gcc/arm-none-eabi/5.3.0/../../../../arm-none-eabi/lib/thumb/libsysbase.a(getreent.o)
                0x02003e94                __getreent
 .text          0x02003ebc      0x11c /Users/jdriselvato/devkitPro/devkitARM/bin/../lib/gcc/arm-none-eabi/5.3.0/thumb/libgcc.a(_udivsi3.o)
                0x02003ebc                __udivsi3
                0x02003ebc                __aeabi_uidiv
                0x02003fb8                __aeabi_uidivmod
 .text          0x02003fd8       0x3c /Users/jdriselvato/devkitPro/devkitARM/bin/../lib/gcc/arm-none-eabi/5.3.0/thumb/libgcc.a(_aeabi_uldivmod.o)
                0x02003fd8                __aeabi_uldivmod
 .text          0x02004014       0x60 /Users/jdriselvato/devkitPro/devkitARM/bin/../lib/gcc/arm-none-eabi/5.3.0/thumb/libgcc.a(_muldi3.o)
                0x02004014                __aeabi_lmul
                0x02004014                __muldi3
 .text          0x02004074      0x184 /Users/jdriselvato/devkitPro/devkitARM/bin/../lib/gcc/arm-none-eabi/5.3.0/thumb/libgcc.a(_udivmoddi4.o)
                0x02004074                __udivmoddi4
 .text          0x020041f8       0x28 /Users/jdriselvato/devkitPro/devkitARM/bin/../lib/gcc/arm-none-eabi/5.3.0/thumb/libgcc.a(_clzdi2.o)
                0x020041f8                __clzdi2
 .text          0x02004220       0x48 /Users/jdriselvato/devkitPro/devkitARM/bin/../lib/gcc/arm-none-eabi/5.3.0/thumb/libgcc.a(_clzsi2.o)
                0x02004220                __clzsi2
 *(.text.*)
 .text.startup  0x02004268      0x190 template.o
                0x02004268                main
 .text.bsearch  0x020043f8       0x64 /Users/jdriselvato/devkitPro/devkitARM/bin/../lib/gcc/arm-none-eabi/5.3.0/../../../../arm-none-eabi/lib/thumb/libg.a(lib_a-bsearch.o)
                0x020043f8                bsearch
 .text.__libc_init_array
                0x0200445c       0x58 /Users/jdriselvato/devkitPro/devkitARM/bin/../lib/gcc/arm-none-eabi/5.3.0/../../../../arm-none-eabi/lib/thumb/libg.a(lib_a-init.o)
                0x0200445c                __libc_init_array
 .text.iprintf  0x020044b4       0x24 /Users/jdriselvato/devkitPro/devkitARM/bin/../lib/gcc/arm-none-eabi/5.3.0/../../../../arm-none-eabi/lib/thumb/libg.a(lib_a-iprintf.o)
                0x020044b4                iprintf
 .text.malloc   0x020044d8       0x14 /Users/jdriselvato/devkitPro/devkitARM/bin/../lib/gcc/arm-none-eabi/5.3.0/../../../../arm-none-eabi/lib/thumb/libg.a(lib_a-malloc.o)
                0x020044d8                malloc
 .text.free     0x020044ec       0x14 /Users/jdriselvato/devkitPro/devkitARM/bin/../lib/gcc/arm-none-eabi/5.3.0/../../../../arm-none-eabi/lib/thumb/libg.a(lib_a-malloc.o)
                0x020044ec                free
 .text._malloc_r
                0x02004500      0x564 /Users/jdriselvato/devkitPro/devkitARM/bin/../lib/gcc/arm-none-eabi/5.3.0/../../../../arm-none-eabi/lib/thumb/libg.a(lib_a-mallocr.o)
                0x02004500                _malloc_r
 .text.memcpy   0x02004a64       0x80 /Users/jdriselvato/devkitPro/devkitARM/bin/../lib/gcc/arm-none-eabi/5.3.0/../../../../arm-none-eabi/lib/thumb/libg.a(lib_a-memcpy.o)
                0x02004a64                memcpy
 .text.memset   0x02004ae4       0x94 /Users/jdriselvato/devkitPro/devkitARM/bin/../lib/gcc/arm-none-eabi/5.3.0/../../../../arm-none-eabi/lib/thumb/libg.a(lib_a-memset.o)
                0x02004ae4                memset
 .text.__malloc_lock
                0x02004b78       0x14 /Users/jdriselvato/devkitPro/devkitARM/bin/../lib/gcc/arm-none-eabi/5.3.0/../../../../arm-none-eabi/lib/thumb/libg.a(lib_a-mlock.o)
                0x02004b78                __malloc_lock
 .text.__malloc_unlock
                0x02004b8c       0x14 /Users/jdriselvato/devkitPro/devkitARM/bin/../lib/gcc/arm-none-eabi/5.3.0/../../../../arm-none-eabi/lib/thumb/libg.a(lib_a-mlock.o)
                0x02004b8c                __malloc_unlock
 .text.realloc  0x02004ba0       0x18 /Users/jdriselvato/devkitPro/devkitARM/bin/../lib/gcc/arm-none-eabi/5.3.0/../../../../arm-none-eabi/lib/thumb/libg.a(lib_a-realloc.o)
                0x02004ba0                realloc
 .text._realloc_r
                0x02004bb8      0x3ec /Users/jdriselvato/devkitPro/devkitARM/bin/../lib/gcc/arm-none-eabi/5.3.0/../../../../arm-none-eabi/lib/thumb/libg.a(lib_a-reallocr.o)
                0x02004bb8                _realloc_r
 .text.setvbuf  0x02004fa4      0x148 /Users/jdriselvato/devkitPro/devkitARM/bin/../lib/gcc/arm-none-eabi/5.3.0/../../../../arm-none-eabi/lib/thumb/libg.a(lib_a-setvbuf.o)
                0x02004fa4                setvbuf
 .text.siscanf  0x020050ec       0x4c /Users/jdriselvato/devkitPro/devkitARM/bin/../lib/gcc/arm-none-eabi/5.3.0/../../../../arm-none-eabi/lib/thumb/libg.a(lib_a-siscanf.o)
                0x020050ec                siscanf
 .text.__sread  0x02005138       0x2c /Users/jdriselvato/devkitPro/devkitARM/bin/../lib/gcc/arm-none-eabi/5.3.0/../../../../arm-none-eabi/lib/thumb/libg.a(lib_a-stdio.o)
                0x02005138                __sread
 .text.__seofread
                0x02005164        0x4 /Users/jdriselvato/devkitPro/devkitARM/bin/../lib/gcc/arm-none-eabi/5.3.0/../../../../arm-none-eabi/lib/thumb/libg.a(lib_a-stdio.o)
                0x02005164                __seofread
 .text.__swrite
                0x02005168       0x3c /Users/jdriselvato/devkitPro/devkitARM/bin/../lib/gcc/arm-none-eabi/5.3.0/../../../../arm-none-eabi/lib/thumb/libg.a(lib_a-stdio.o)
                0x02005168                __swrite
 .text.__sseek  0x020051a4       0x30 /Users/jdriselvato/devkitPro/devkitARM/bin/../lib/gcc/arm-none-eabi/5.3.0/../../../../arm-none-eabi/lib/thumb/libg.a(lib_a-stdio.o)
                0x020051a4                __sseek
 .text.__sclose
                0x020051d4       0x10 /Users/jdriselvato/devkitPro/devkitARM/bin/../lib/gcc/arm-none-eabi/5.3.0/../../../../arm-none-eabi/lib/thumb/libg.a(lib_a-stdio.o)
                0x020051d4                __sclose
 .text.strlen   0x020051e4       0x6c /Users/jdriselvato/devkitPro/devkitARM/bin/../lib/gcc/arm-none-eabi/5.3.0/../../../../arm-none-eabi/lib/thumb/libg.a(lib_a-strlen.o)
                0x020051e4                strlen
 .text._sungetc_r
                0x02005250       0x8c /Users/jdriselvato/devkitPro/devkitARM/bin/../lib/gcc/arm-none-eabi/5.3.0/../../../../arm-none-eabi/lib/thumb/libg.a(lib_a-svfiscanf.o)
                0x02005250                _sungetc_r
 .text.__ssrefill_r
                0x020052dc       0x44 /Users/jdriselvato/devkitPro/devkitARM/bin/../lib/gcc/arm-none-eabi/5.3.0/../../../../arm-none-eabi/lib/thumb/libg.a(lib_a-svfiscanf.o)
                0x020052dc                __ssrefill_r
 .text._sfread_r
                0x02005320       0x90 /Users/jdriselvato/devkitPro/devkitARM/bin/../lib/gcc/arm-none-eabi/5.3.0/../../../../arm-none-eabi/lib/thumb/libg.a(lib_a-svfiscanf.o)
                0x02005320                _sfread_r
 .text.__ssvfiscanf_r
                0x020053b0     0x1498 /Users/jdriselvato/devkitPro/devkitARM/bin/../lib/gcc/arm-none-eabi/5.3.0/../../../../arm-none-eabi/lib/thumb/libg.a(lib_a-svfiscanf.o)
                0x020053b0                __ssvfiscanf_r
 .text.__submore
                0x02006848       0x88 /Users/jdriselvato/devkitPro/devkitARM/bin/../lib/gcc/arm-none-eabi/5.3.0/../../../../arm-none-eabi/lib/thumb/libg.a(lib_a-ungetc.o)
                0x02006848                __submore
 .text.get_arg  0x020068d0      0xcb0 /Users/jdriselvato/devkitPro/devkitARM/bin/../lib/gcc/arm-none-eabi/5.3.0/../../../../arm-none-eabi/lib/thumb/libg.a(lib_a-vfiprintf.o)
 .text.__sprint_r.part.0
                0x02007580       0x80 /Users/jdriselvato/devkitPro/devkitARM/bin/../lib/gcc/arm-none-eabi/5.3.0/../../../../arm-none-eabi/lib/thumb/libg.a(lib_a-vfiprintf.o)
 .text._vfiprintf_r
                0x02007600     0x2240 /Users/jdriselvato/devkitPro/devkitARM/bin/../lib/gcc/arm-none-eabi/5.3.0/../../../../arm-none-eabi/lib/thumb/libg.a(lib_a-vfiprintf.o)
                0x02007600                _vfiprintf_r
 .text.__sbprintf
                0x02009840       0x8c /Users/jdriselvato/devkitPro/devkitARM/bin/../lib/gcc/arm-none-eabi/5.3.0/../../../../arm-none-eabi/lib/thumb/libg.a(lib_a-vfiprintf.o)
 .text._wcrtomb_r
                0x020098cc       0x6c /Users/jdriselvato/devkitPro/devkitARM/bin/../lib/gcc/arm-none-eabi/5.3.0/../../../../arm-none-eabi/lib/thumb/libg.a(lib_a-wcrtomb.o)
                0x020098cc                _wcrtomb_r
 .text._wcsrtombs_r
                0x02009938       0x1c /Users/jdriselvato/devkitPro/devkitARM/bin/../lib/gcc/arm-none-eabi/5.3.0/../../../../arm-none-eabi/lib/thumb/libg.a(lib_a-wcsrtombs.o)
                0x02009938                _wcsrtombs_r
 .text.__utf8_wctomb
                0x02009954       0xbc /Users/jdriselvato/devkitPro/devkitARM/bin/../lib/gcc/arm-none-eabi/5.3.0/../../../../arm-none-eabi/lib/thumb/libg.a(lib_a-wctomb_r.o)
                0x02009954                __utf8_wctomb
 .text.__swsetup_r
                0x02009a10       0xcc /Users/jdriselvato/devkitPro/devkitARM/bin/../lib/gcc/arm-none-eabi/5.3.0/../../../../arm-none-eabi/lib/thumb/libg.a(lib_a-wsetup.o)
                0x02009a10                __swsetup_r
 .text.__sflush_r
                0x02009adc      0x158 /Users/jdriselvato/devkitPro/devkitARM/bin/../lib/gcc/arm-none-eabi/5.3.0/../../../../arm-none-eabi/lib/thumb/libg.a(lib_a-fflush.o)
                0x02009adc                __sflush_r
 .text._fflush_r
                0x02009c34       0x58 /Users/jdriselvato/devkitPro/devkitARM/bin/../lib/gcc/arm-none-eabi/5.3.0/../../../../arm-none-eabi/lib/thumb/libg.a(lib_a-fflush.o)
                0x02009c34                _fflush_r
 .text._cleanup_r
                0x02009c8c       0x14 /Users/jdriselvato/devkitPro/devkitARM/bin/../lib/gcc/arm-none-eabi/5.3.0/../../../../arm-none-eabi/lib/thumb/libg.a(lib_a-findfp.o)
                0x02009c8c                _cleanup_r
 .text.std.isra.0
                0x02009ca0       0x54 /Users/jdriselvato/devkitPro/devkitARM/bin/../lib/gcc/arm-none-eabi/5.3.0/../../../../arm-none-eabi/lib/thumb/libg.a(lib_a-findfp.o)
 .text.__sinit  0x02009cf4       0x64 /Users/jdriselvato/devkitPro/devkitARM/bin/../lib/gcc/arm-none-eabi/5.3.0/../../../../arm-none-eabi/lib/thumb/libg.a(lib_a-findfp.o)
                0x02009cf4                __sinit
 .text.__sfp_lock_acquire
                0x02009d58       0x14 /Users/jdriselvato/devkitPro/devkitARM/bin/../lib/gcc/arm-none-eabi/5.3.0/../../../../arm-none-eabi/lib/thumb/libg.a(lib_a-findfp.o)
                0x02009d58                __sfp_lock_acquire
 .text.__sfp_lock_release
                0x02009d6c       0x14 /Users/jdriselvato/devkitPro/devkitARM/bin/../lib/gcc/arm-none-eabi/5.3.0/../../../../arm-none-eabi/lib/thumb/libg.a(lib_a-findfp.o)
                0x02009d6c                __sfp_lock_release
 .text.__fputwc
                0x02009d80       0xc0 /Users/jdriselvato/devkitPro/devkitARM/bin/../lib/gcc/arm-none-eabi/5.3.0/../../../../arm-none-eabi/lib/thumb/libg.a(lib_a-fputwc.o)
                0x02009d80                __fputwc
 .text._fputwc_r
                0x02009e40       0x5c /Users/jdriselvato/devkitPro/devkitARM/bin/../lib/gcc/arm-none-eabi/5.3.0/../../../../arm-none-eabi/lib/thumb/libg.a(lib_a-fputwc.o)
                0x02009e40                _fputwc_r
 .text._malloc_trim_r
                0x02009e9c       0xa4 /Users/jdriselvato/devkitPro/devkitARM/bin/../lib/gcc/arm-none-eabi/5.3.0/../../../../arm-none-eabi/lib/thumb/libg.a(lib_a-freer.o)
                0x02009e9c                _malloc_trim_r
 .text._free_r  0x02009f40      0x1c8 /Users/jdriselvato/devkitPro/devkitARM/bin/../lib/gcc/arm-none-eabi/5.3.0/../../../../arm-none-eabi/lib/thumb/libg.a(lib_a-freer.o)
                0x02009f40                _free_r
 .text.__sfvwrite_r
                0x0200a108      0x340 /Users/jdriselvato/devkitPro/devkitARM/bin/../lib/gcc/arm-none-eabi/5.3.0/../../../../arm-none-eabi/lib/thumb/libg.a(lib_a-fvwrite.o)
                0x0200a108                __sfvwrite_r
 .text._fwalk_reent
                0x0200a448       0x54 /Users/jdriselvato/devkitPro/devkitARM/bin/../lib/gcc/arm-none-eabi/5.3.0/../../../../arm-none-eabi/lib/thumb/libg.a(lib_a-fwalk.o)
                0x0200a448                _fwalk_reent
 .text.iswspace
                0x0200a49c       0x78 /Users/jdriselvato/devkitPro/devkitARM/bin/../lib/gcc/arm-none-eabi/5.3.0/../../../../arm-none-eabi/lib/thumb/libg.a(lib_a-iswspace.o)
                0x0200a49c                iswspace
 .text.__jp2uc  0x0200a514      0x188 /Users/jdriselvato/devkitPro/devkitARM/bin/../lib/gcc/arm-none-eabi/5.3.0/../../../../arm-none-eabi/lib/thumb/libg.a(lib_a-jp2uc.o)
 .text._jp2uc   0x0200a69c       0x64 /Users/jdriselvato/devkitPro/devkitARM/bin/../lib/gcc/arm-none-eabi/5.3.0/../../../../arm-none-eabi/lib/thumb/libg.a(lib_a-jp2uc.o)
                0x0200a69c                _jp2uc
 .text.__locale_charset
                0x0200a700        0x8 /Users/jdriselvato/devkitPro/devkitARM/bin/../lib/gcc/arm-none-eabi/5.3.0/../../../../arm-none-eabi/lib/thumb/libg.a(lib_a-locale.o)
                0x0200a700                __locale_charset
 .text.__locale_mb_cur_max
                0x0200a708        0xc /Users/jdriselvato/devkitPro/devkitARM/bin/../lib/gcc/arm-none-eabi/5.3.0/../../../../arm-none-eabi/lib/thumb/libg.a(lib_a-locale.o)
                0x0200a708                __locale_mb_cur_max
 .text._localeconv_r
                0x0200a714        0x8 /Users/jdriselvato/devkitPro/devkitARM/bin/../lib/gcc/arm-none-eabi/5.3.0/../../../../arm-none-eabi/lib/thumb/libg.a(lib_a-locale.o)
                0x0200a714                _localeconv_r
 .text.__smakebuf_r
                0x0200a71c       0xf4 /Users/jdriselvato/devkitPro/devkitARM/bin/../lib/gcc/arm-none-eabi/5.3.0/../../../../arm-none-eabi/lib/thumb/libg.a(lib_a-makebuf.o)
                0x0200a71c                __smakebuf_r
 .text._mbrtowc_r
                0x0200a810       0x7c /Users/jdriselvato/devkitPro/devkitARM/bin/../lib/gcc/arm-none-eabi/5.3.0/../../../../arm-none-eabi/lib/thumb/libg.a(lib_a-mbrtowc.o)
                0x0200a810                _mbrtowc_r
 .text.__utf8_mbtowc
                0x0200a88c      0x2cc /Users/jdriselvato/devkitPro/devkitARM/bin/../lib/gcc/arm-none-eabi/5.3.0/../../../../arm-none-eabi/lib/thumb/libg.a(lib_a-mbtowc_r.o)
                0x0200a88c                __utf8_mbtowc
 .text.memchr   0x0200ab58       0x90 /Users/jdriselvato/devkitPro/devkitARM/bin/../lib/gcc/arm-none-eabi/5.3.0/../../../../arm-none-eabi/lib/thumb/libg.a(lib_a-memchr.o)
                0x0200ab58                memchr
 .text.memmove  0x0200abe8       0x9c /Users/jdriselvato/devkitPro/devkitARM/bin/../lib/gcc/arm-none-eabi/5.3.0/../../../../arm-none-eabi/lib/thumb/libg.a(lib_a-memmove.o)
                0x0200abe8                memmove
 .text.__sccl   0x0200ac84       0x7c /Users/jdriselvato/devkitPro/devkitARM/bin/../lib/gcc/arm-none-eabi/5.3.0/../../../../arm-none-eabi/lib/thumb/libg.a(lib_a-sccl.o)
                0x0200ac84                __sccl
 .text.strchr   0x0200ad00       0xdc /Users/jdriselvato/devkitPro/devkitARM/bin/../lib/gcc/arm-none-eabi/5.3.0/../../../../arm-none-eabi/lib/thumb/libg.a(lib_a-strchr.o)
                0x0200ad00                strchr
 .text.strncmp  0x0200addc       0x94 /Users/jdriselvato/devkitPro/devkitARM/bin/../lib/gcc/arm-none-eabi/5.3.0/../../../../arm-none-eabi/lib/thumb/libg.a(lib_a-strncmp.o)
                0x0200addc                strncmp
 .text.strncpy  0x0200ae70       0x7c /Users/jdriselvato/devkitPro/devkitARM/bin/../lib/gcc/arm-none-eabi/5.3.0/../../../../arm-none-eabi/lib/thumb/libg.a(lib_a-strncpy.o)
                0x0200ae70                strncpy
 .text._strtol_r
                0x0200aeec      0x178 /Users/jdriselvato/devkitPro/devkitARM/bin/../lib/gcc/arm-none-eabi/5.3.0/../../../../arm-none-eabi/lib/thumb/libg.a(lib_a-strtol.o)
                0x0200aeec                _strtol_r
 .text._strtoll_r
                0x0200b064      0x1e8 /Users/jdriselvato/devkitPro/devkitARM/bin/../lib/gcc/arm-none-eabi/5.3.0/../../../../arm-none-eabi/lib/thumb/libg.a(lib_a-strtoll_r.o)
                0x0200b064                _strtoll_r
 .text._strtoul_r
                0x0200b24c      0x17c /Users/jdriselvato/devkitPro/devkitARM/bin/../lib/gcc/arm-none-eabi/5.3.0/../../../../arm-none-eabi/lib/thumb/libg.a(lib_a-strtoul.o)
                0x0200b24c                _strtoul_r
 .text._strtoull_r
                0x0200b3c8      0x1ec /Users/jdriselvato/devkitPro/devkitARM/bin/../lib/gcc/arm-none-eabi/5.3.0/../../../../arm-none-eabi/lib/thumb/libg.a(lib_a-strtoull_r.o)
                0x0200b3c8                _strtoull_r
 .text.__swbuf_r
                0x0200b5b4       0xb8 /Users/jdriselvato/devkitPro/devkitARM/bin/../lib/gcc/arm-none-eabi/5.3.0/../../../../arm-none-eabi/lib/thumb/libg.a(lib_a-wbuf.o)
                0x0200b5b4                __swbuf_r
 .text._wcsnrtombs_r
                0x0200b66c      0x118 /Users/jdriselvato/devkitPro/devkitARM/bin/../lib/gcc/arm-none-eabi/5.3.0/../../../../arm-none-eabi/lib/thumb/libg.a(lib_a-wcsnrtombs.o)
                0x0200b66c                _wcsnrtombs_r
 .text._fclose_r
                0x0200b784       0xb4 /Users/jdriselvato/devkitPro/devkitARM/bin/../lib/gcc/arm-none-eabi/5.3.0/../../../../arm-none-eabi/lib/thumb/libg.a(lib_a-fclose.o)
                0x0200b784                _fclose_r
 .text.__errno  0x0200b838        0xc /Users/jdriselvato/devkitPro/devkitARM/bin/../lib/gcc/arm-none-eabi/5.3.0/../../../../arm-none-eabi/lib/thumb/libg.a(lib_a-errno.o)
                0x0200b838                __errno
 *fill*         0x0200b844        0x4 ff
 .text.__errno.__stub
                0x0200b848       0x88 linker stubs
 *(.stub)
 *(.gnu.warning)
 *(.gnu.linkonce.t*)
 *(.glue_7)
 .glue_7        0x0200b8e0        0x0 linker stubs
 *(.glue_7t)
 .glue_7t       0x0200b8e0        0x0 linker stubs
                0x0200b8e0                . = ALIGN (0x4)

.vfp11_veneer   0x0200b8e0        0x0
 .vfp11_veneer  0x0200b8e0        0x0 linker stubs

.v4_bx          0x0200b8e0        0x0
 .v4_bx         0x0200b8e0        0x0 linker stubs

.iplt           0x0200b8e0        0x0
 .iplt          0x0200b8e0        0x0 /Users/jdriselvato/devkitPro/devkitARM/bin/../lib/gcc/arm-none-eabi/5.3.0/../../../../arm-none-eabi/lib/thumb/ds_arm9_crt0.o

.fini           0x0200b8e0        0xc
 *(.fini)
 .fini          0x0200b8e0        0x4 /Users/jdriselvato/devkitPro/devkitARM/bin/../lib/gcc/arm-none-eabi/5.3.0/thumb/crti.o
                0x0200b8e0                _fini
 .fini          0x0200b8e4        0x8 /Users/jdriselvato/devkitPro/devkitARM/bin/../lib/gcc/arm-none-eabi/5.3.0/thumb/crtn.o
                0x0200b8ec                __text_end = .

.rodata         0x0200b8ec     0x6d08
 *(.rodata)
 .rodata        0x0200b8ec      0x308 /Users/jdriselvato/devkitPro/libnds/lib/libnds9.a(trig.o)
                0x0200b8ec                SIN_LUT
                0x0200b9f0                TAN_LUT
 .rodata        0x0200bbf4      0x20c /Users/jdriselvato/devkitPro/libnds/lib/libnds9.a(console.o)
 .rodata        0x0200be00     0x2004 /Users/jdriselvato/devkitPro/libnds/lib/libnds9.a(default_font.bin.o)
                0x0200be00                default_font_bin
                0x0200de00                default_font_bin_end
                0x0200de00                default_font_bin_size
 .rodata        0x0200de04       0x68 /Users/jdriselvato/devkitPro/devkitARM/bin/../lib/gcc/arm-none-eabi/5.3.0/../../../../arm-none-eabi/lib/thumb/libsysbase.a(iosupport.o)
                0x0200de04                dotab_stdnull
 *all.rodata*(*)
 *(.roda)
 *(.rodata.*)
 .rodata.str1.4
                0x0200de6c       0x21 template.o
                                 0x24 (size before relaxing)
 *fill*         0x0200de8d        0x3 ff
 .rodata.str1.4
                0x0200de90       0x4c /Users/jdriselvato/devkitPro/libnds/lib/libnds9.a(console.o)
 .rodata.__ssvfiscanf_r
                0x0200dedc      0x324 /Users/jdriselvato/devkitPro/devkitARM/bin/../lib/gcc/arm-none-eabi/5.3.0/../../../../arm-none-eabi/lib/thumb/libg.a(lib_a-svfiscanf.o)
 .rodata.basefix.6493
                0x0200e200       0x24 /Users/jdriselvato/devkitPro/devkitARM/bin/../lib/gcc/arm-none-eabi/5.3.0/../../../../arm-none-eabi/lib/thumb/libg.a(lib_a-svfiscanf.o)
 .rodata.get_arg
                0x0200e224      0x914 /Users/jdriselvato/devkitPro/devkitARM/bin/../lib/gcc/arm-none-eabi/5.3.0/../../../../arm-none-eabi/lib/thumb/libg.a(lib_a-vfiprintf.o)
 .rodata._vfiprintf_r
                0x0200eb38      0x16c /Users/jdriselvato/devkitPro/devkitARM/bin/../lib/gcc/arm-none-eabi/5.3.0/../../../../arm-none-eabi/lib/thumb/libg.a(lib_a-vfiprintf.o)
 .rodata.blanks.7113
                0x0200eca4       0x10 /Users/jdriselvato/devkitPro/devkitARM/bin/../lib/gcc/arm-none-eabi/5.3.0/../../../../arm-none-eabi/lib/thumb/libg.a(lib_a-vfiprintf.o)
 .rodata.str1.4
                0x0200ecb4       0x2f /Users/jdriselvato/devkitPro/devkitARM/bin/../lib/gcc/arm-none-eabi/5.3.0/../../../../arm-none-eabi/lib/thumb/libg.a(lib_a-vfiprintf.o)
                                 0x30 (size before relaxing)
 *fill*         0x0200ece3        0x1 ff
 .rodata.zeroes.7114
                0x0200ece4       0x10 /Users/jdriselvato/devkitPro/devkitARM/bin/../lib/gcc/arm-none-eabi/5.3.0/../../../../arm-none-eabi/lib/thumb/libg.a(lib_a-vfiprintf.o)
 .rodata._ctype_
                0x0200ecf4      0x104 /Users/jdriselvato/devkitPro/devkitARM/bin/../lib/gcc/arm-none-eabi/5.3.0/../../../../arm-none-eabi/lib/thumb/libg.a(lib_a-ctype_.o)
                0x0200ecf4                _ctype_
 .rodata.str1.4
                0x0200edf8        0x2 /Users/jdriselvato/devkitPro/devkitARM/bin/../lib/gcc/arm-none-eabi/5.3.0/../../../../arm-none-eabi/lib/thumb/libg.a(lib_a-impure.o)
                                  0x4 (size before relaxing)
 *fill*         0x0200edfa        0x2 ff
 .rodata.__jp2uc
                0x0200edfc       0x20 /Users/jdriselvato/devkitPro/devkitARM/bin/../lib/gcc/arm-none-eabi/5.3.0/../../../../arm-none-eabi/lib/thumb/libg.a(lib_a-jp2uc.o)
 .rodata.a1     0x0200ee1c       0xbc /Users/jdriselvato/devkitPro/devkitARM/bin/../lib/gcc/arm-none-eabi/5.3.0/../../../../arm-none-eabi/lib/thumb/libg.a(lib_a-jp2uc.o)
 .rodata.a2     0x0200eed8       0xbc /Users/jdriselvato/devkitPro/devkitARM/bin/../lib/gcc/arm-none-eabi/5.3.0/../../../../arm-none-eabi/lib/thumb/libg.a(lib_a-jp2uc.o)
 .rodata.a3     0x0200ef94       0x5c /Users/jdriselvato/devkitPro/devkitARM/bin/../lib/gcc/arm-none-eabi/5.3.0/../../../../arm-none-eabi/lib/thumb/libg.a(lib_a-jp2uc.o)
 .rodata.a6     0x0200eff0       0x70 /Users/jdriselvato/devkitPro/devkitARM/bin/../lib/gcc/arm-none-eabi/5.3.0/../../../../arm-none-eabi/lib/thumb/libg.a(lib_a-jp2uc.o)
 .rodata.a7     0x0200f060       0xa4 /Users/jdriselvato/devkitPro/devkitARM/bin/../lib/gcc/arm-none-eabi/5.3.0/../../../../arm-none-eabi/lib/thumb/libg.a(lib_a-jp2uc.o)
 .rodata.a8     0x0200f104       0x40 /Users/jdriselvato/devkitPro/devkitARM/bin/../lib/gcc/arm-none-eabi/5.3.0/../../../../arm-none-eabi/lib/thumb/libg.a(lib_a-jp2uc.o)
 .rodata.str1.4
                0x0200f144       0x12 /Users/jdriselvato/devkitPro/devkitARM/bin/../lib/gcc/arm-none-eabi/5.3.0/../../../../arm-none-eabi/lib/thumb/libg.a(lib_a-jp2uc.o)
                                 0x14 (size before relaxing)
 *fill*         0x0200f156        0x2 ff
 .rodata.b02cf  0x0200f158     0x172c /Users/jdriselvato/devkitPro/devkitARM/bin/../lib/gcc/arm-none-eabi/5.3.0/../../../../arm-none-eabi/lib/thumb/libg.a(lib_a-jp2uc.o)
 .rodata.d02f4  0x02010884     0x1a7c /Users/jdriselvato/devkitPro/devkitARM/bin/../lib/gcc/arm-none-eabi/5.3.0/../../../../arm-none-eabi/lib/thumb/libg.a(lib_a-jp2uc.o)
 .rodata.str1.4
                0x02012300      0x112 /Users/jdriselvato/devkitPro/devkitARM/bin/../lib/gcc/arm-none-eabi/5.3.0/../../../../arm-none-eabi/lib/thumb/libg.a(lib_a-locale.o)
                                0x130 (size before relaxing)
 .rodata.str1.4
                0x02012412        0x4 /Users/jdriselvato/devkitPro/devkitARM/bin/../lib/gcc/arm-none-eabi/5.3.0/../../../../arm-none-eabi/lib/thumb/libg.a(lib_a-mbrtowc.o)
 *fill*         0x02012412        0x2 ff
 .rodata.__state_table
                0x02012414       0x6c /Users/jdriselvato/devkitPro/devkitARM/bin/../lib/gcc/arm-none-eabi/5.3.0/../../../../arm-none-eabi/lib/thumb/libg.a(lib_a-svfiprintf.o)
                0x02012414                __state_table
 .rodata.__chclass
                0x02012480      0x100 /Users/jdriselvato/devkitPro/devkitARM/bin/../lib/gcc/arm-none-eabi/5.3.0/../../../../arm-none-eabi/lib/thumb/libg.a(lib_a-svfiprintf.o)
                0x02012480                __chclass
 .rodata.__action_table
                0x02012580       0x6c /Users/jdriselvato/devkitPro/devkitARM/bin/../lib/gcc/arm-none-eabi/5.3.0/../../../../arm-none-eabi/lib/thumb/libg.a(lib_a-svfiprintf.o)
                0x02012580                __action_table
 .rodata.str1.4
                0x020125ec        0x8 /Users/jdriselvato/devkitPro/devkitARM/bin/../lib/gcc/arm-none-eabi/5.3.0/../../../../arm-none-eabi/lib/thumb/libsysbase.a(iosupport.o)
 *(.gnu.linkonce.r*)
                0x020125f4                . = ALIGN (0x4)

.ARM.extab
 *(.ARM.extab* .gnu.linkonce.armextab.*)
                0x020125f4                __exidx_start = .

ARM.exidx
 *(.ARM.exidx* .gnu.linkonce.armexidx.*)
                0x020125f4                __exidx_end = .
                0x020125f4                . = ALIGN (0x4)
                0x020125f4                PROVIDE (__preinit_array_start, .)

.preinit_array
 *(.preinit_array)
                0x020125f4                PROVIDE (__preinit_array_end, .)
                0x020125f4                PROVIDE (__init_array_start, .)

.init_array     0x020125f4        0x4
 *(SORT(.init_array.*))
 *(.init_array)
 .init_array    0x020125f4        0x4 /Users/jdriselvato/devkitPro/devkitARM/bin/../lib/gcc/arm-none-eabi/5.3.0/thumb/crtbegin.o
                0x020125f8                PROVIDE (__init_array_end, .)
                [!provide]                PROVIDE (__fini_array_start, .)

.fini_array     0x020125f8        0x4
 *(.fini_array)
 .fini_array    0x020125f8        0x4 /Users/jdriselvato/devkitPro/devkitARM/bin/../lib/gcc/arm-none-eabi/5.3.0/thumb/crtbegin.o
 *(SORT(.fini_array.*))
                [!provide]                PROVIDE (__fini_array_end, .)

.ctors          0x020125fc        0x0
 *crtbegin.o(.ctors)
 *(EXCLUDE_FILE(*crtend.o) .ctors)
 *(SORT(.ctors.*))
 *(.ctors)
                0x020125fc                . = ALIGN (0x4)

.dtors          0x020125fc        0x0
 *crtbegin.o(.dtors)
 *(EXCLUDE_FILE(*crtend.o) .dtors)
 *(SORT(.dtors.*))
 *(.dtors)
                0x020125fc                . = ALIGN (0x4)

.eh_frame       0x020125fc       0x48
 *(.eh_frame)
 .eh_frame      0x020125fc        0x0 /Users/jdriselvato/devkitPro/devkitARM/bin/../lib/gcc/arm-none-eabi/5.3.0/thumb/crtbegin.o
 .eh_frame      0x020125fc       0x44 /Users/jdriselvato/devkitPro/devkitARM/bin/../lib/gcc/arm-none-eabi/5.3.0/../../../../arm-none-eabi/lib/thumb/libg.a(lib_a-strcmp.o)
 .eh_frame      0x02012640        0x4 /Users/jdriselvato/devkitPro/devkitARM/bin/../lib/gcc/arm-none-eabi/5.3.0/thumb/crtend.o
                0x02012644                . = ALIGN (0x4)

.rel.dyn        0x02012644        0x0
 .rel.iplt      0x02012644        0x0 /Users/jdriselvato/devkitPro/devkitARM/bin/../lib/gcc/arm-none-eabi/5.3.0/../../../../arm-none-eabi/lib/thumb/ds_arm9_crt0.o

.gcc_except_table
                0x02012644        0x0
 *(.gcc_except_table)
                0x02012644                . = ALIGN (0x4)

.jcr            0x02012644        0x4
 *(.jcr)
 .jcr           0x02012644        0x0 /Users/jdriselvato/devkitPro/devkitARM/bin/../lib/gcc/arm-none-eabi/5.3.0/thumb/crtbegin.o
 .jcr           0x02012644        0x4 /Users/jdriselvato/devkitPro/devkitARM/bin/../lib/gcc/arm-none-eabi/5.3.0/thumb/crtend.o

.got
 *(.got.plt)
 *(.got)
 *(.rel.got)

.ewram          0x02012648        0x0
                0x02012648                __ewram_start = ABSOLUTE (.)
 *(.ewram)
 *ewram.*(.text)
                0x02012648                . = ALIGN (0x4)

.data           0x02012648     0x1a74
                0x02012648                __data_start = ABSOLUTE (.)
 *(.data)
 .data          0x02012648       0x20 template.o
                0x02012648                mainSprite
                0x02012658                wallSprite
 .data          0x02012668        0x3 /Users/jdriselvato/devkitPro/libnds/lib/libnds9.a(keys.o)
 *fill*         0x0201266b        0x1 ff
 .data          0x0201266c       0x30 /Users/jdriselvato/devkitPro/libnds/lib/libnds9.a(sprite.o)
                0x0201266c                oamMain
                0x02012684                oamSub
 .data          0x0201269c       0x64 /Users/jdriselvato/devkitPro/libnds/lib/libnds9.a(console.o)
                0x0201269c                currentConsole
                0x020126a0                defaultConsole
 .data          0x02012700       0x60 /Users/jdriselvato/devkitPro/libnds/lib/libnds9.a(background.o)
                0x02012700                bgScrollTable
                0x02012720                bgTransform
                0x02012740                bgControl
 .data          0x02012760       0x10 /Users/jdriselvato/devkitPro/libnds/lib/libnds9.a(fifosystem.o)
                0x02012760                fifo_buffer_free
                0x02012764                fifo_freewords
                0x02012768                fifo_send_queue
                0x0201276c                fifo_receive_queue
 .data          0x02012770       0x44 /Users/jdriselvato/devkitPro/devkitARM/bin/../lib/gcc/arm-none-eabi/5.3.0/../../../../arm-none-eabi/lib/thumb/libsysbase.a(iosupport.o)
                0x02012774                devoptab_list
 .data          0x020127b4     0x1028 /Users/jdriselvato/devkitPro/devkitARM/bin/../lib/gcc/arm-none-eabi/5.3.0/../../../../arm-none-eabi/lib/thumb/libsysbase.a(handle_manager.o)
 *(.data.*)
 .data.__malloc_av_
                0x020137dc      0x408 /Users/jdriselvato/devkitPro/devkitARM/bin/../lib/gcc/arm-none-eabi/5.3.0/../../../../arm-none-eabi/lib/thumb/libg.a(lib_a-mallocr.o)
                0x020137dc                __malloc_av_
 .data.__malloc_trim_threshold
                0x02013be4        0x4 /Users/jdriselvato/devkitPro/devkitARM/bin/../lib/gcc/arm-none-eabi/5.3.0/../../../../arm-none-eabi/lib/thumb/libg.a(lib_a-mallocr.o)
                0x02013be4                __malloc_trim_threshold
 .data.__malloc_sbrk_base
                0x02013be8        0x4 /Users/jdriselvato/devkitPro/devkitARM/bin/../lib/gcc/arm-none-eabi/5.3.0/../../../../arm-none-eabi/lib/thumb/libg.a(lib_a-mallocr.o)
                0x02013be8                __malloc_sbrk_base
 .data.__malloc_lock_object
                0x02013bec        0xc /Users/jdriselvato/devkitPro/devkitARM/bin/../lib/gcc/arm-none-eabi/5.3.0/../../../../arm-none-eabi/lib/thumb/libg.a(lib_a-mlock.o)
 .data.__wctomb
                0x02013bf8        0x4 /Users/jdriselvato/devkitPro/devkitARM/bin/../lib/gcc/arm-none-eabi/5.3.0/../../../../arm-none-eabi/lib/thumb/libg.a(lib_a-wctomb_r.o)
                0x02013bf8                __wctomb
 .data.__ctype_ptr__
                0x02013bfc        0x4 /Users/jdriselvato/devkitPro/devkitARM/bin/../lib/gcc/arm-none-eabi/5.3.0/../../../../arm-none-eabi/lib/thumb/libg.a(lib_a-ctype_.o)
                0x02013bfc                __ctype_ptr__
 .data.__sfp_lock
                0x02013c00        0xc /Users/jdriselvato/devkitPro/devkitARM/bin/../lib/gcc/arm-none-eabi/5.3.0/../../../../arm-none-eabi/lib/thumb/libg.a(lib_a-findfp.o)
 .data.__sinit_lock
                0x02013c0c        0xc /Users/jdriselvato/devkitPro/devkitARM/bin/../lib/gcc/arm-none-eabi/5.3.0/../../../../arm-none-eabi/lib/thumb/libg.a(lib_a-findfp.o)
 *fill*         0x02013c18        0x0 ff
 .data.impure_data
                0x02013c18      0x440 /Users/jdriselvato/devkitPro/devkitARM/bin/../lib/gcc/arm-none-eabi/5.3.0/../../../../arm-none-eabi/lib/thumb/libg.a(lib_a-impure.o)
 .data._impure_ptr
                0x02014058        0x4 /Users/jdriselvato/devkitPro/devkitARM/bin/../lib/gcc/arm-none-eabi/5.3.0/../../../../arm-none-eabi/lib/thumb/libg.a(lib_a-impure.o)
                0x02014058                _impure_ptr
 .data.lconv    0x0201405c       0x38 /Users/jdriselvato/devkitPro/devkitARM/bin/../lib/gcc/arm-none-eabi/5.3.0/../../../../arm-none-eabi/lib/thumb/libg.a(lib_a-locale.o)
 .data.lc_ctype_charset
                0x02014094       0x20 /Users/jdriselvato/devkitPro/devkitARM/bin/../lib/gcc/arm-none-eabi/5.3.0/../../../../arm-none-eabi/lib/thumb/libg.a(lib_a-locale.o)
 .data.__mb_cur_max
                0x020140b4        0x4 /Users/jdriselvato/devkitPro/devkitARM/bin/../lib/gcc/arm-none-eabi/5.3.0/../../../../arm-none-eabi/lib/thumb/libg.a(lib_a-locale.o)
                0x020140b4                __mb_cur_max
 .data.__mbtowc
                0x020140b8        0x4 /Users/jdriselvato/devkitPro/devkitARM/bin/../lib/gcc/arm-none-eabi/5.3.0/../../../../arm-none-eabi/lib/thumb/libg.a(lib_a-mbtowc_r.o)
                0x020140b8                __mbtowc
 *(.gnu.linkonce.d*)
                0x020140bc                . = ALIGN (0x4)
                0x020140bc                __data_end = ABSOLUTE (.)
                0x020140bc                __dtcm_lma = .
                0x020140bc                __bss_vma = .

.igot.plt       0x020140bc        0x0
 .igot.plt      0x020140bc        0x0 /Users/jdriselvato/devkitPro/devkitARM/bin/../lib/gcc/arm-none-eabi/5.3.0/../../../../arm-none-eabi/lib/thumb/ds_arm9_crt0.o

.tm_clone_table
                0x020140bc        0x0
 .tm_clone_table
                0x020140bc        0x0 /Users/jdriselvato/devkitPro/devkitARM/bin/../lib/gcc/arm-none-eabi/5.3.0/thumb/crtbegin.o
 .tm_clone_table
                0x020140bc        0x0 /Users/jdriselvato/devkitPro/devkitARM/bin/../lib/gcc/arm-none-eabi/5.3.0/thumb/crtend.o

.dtcm           0x0b000000        0x0 load address 0x020140bc
 *(.dtcm)
 *(.dtcm.*)
                0x0b000000                . = ALIGN (0x4)
                0x0b000000                __dtcm_end = ABSOLUTE (.)
                0x020140bc                __itcm_lma = (__dtcm_lma + SIZEOF (.dtcm))

.itcm           0x01000100      0x194 load address 0x020140bc
 *(.itcm)
 .itcm          0x01000100       0xc8 /Users/jdriselvato/devkitPro/libnds/lib/libnds9.a(interrupts.o)
                0x01000100                irqTable
 .itcm          0x010001c8       0xcc /Users/jdriselvato/devkitPro/libnds/lib/libnds9.a(interruptDispatcher.o)
                0x010001c8                IntrMain
 *itcm.*(.text)
                0x01000294                . = ALIGN (0x4)
                0x01000294                __itcm_end = ABSOLUTE (.)
                0x02014250                __vectors_lma = (__itcm_lma + SIZEOF (.itcm))

.vectors        0x01000000        0x0 load address 0x02014250
 *(.vectors)
 *vectors.*(.text)
                0x01000000                . = ALIGN (0x4)
                0x01000000                __vectors_end = ABSOLUTE (.)

.sbss           0x0b000000        0x0
                0x0b000000                __sbss_start = ABSOLUTE (.)
                0x0b000000                __sbss_start__ = ABSOLUTE (.)
 *(.sbss)
                0x0b000000                . = ALIGN (0x4)
                0x0b000000                __sbss_end = ABSOLUTE (.)

.bss            0x020140bc     0x14a0
                0x020140bc                __bss_start = ABSOLUTE (.)
                0x020140bc                __bss_start__ = ABSOLUTE (.)
 *(.dynbss)
 *(.gnu.linkonce.b*)
 *(.bss*)
 .bss           0x020140bc       0x1c /Users/jdriselvato/devkitPro/devkitARM/bin/../lib/gcc/arm-none-eabi/5.3.0/thumb/crtbegin.o
 .bss           0x020140d8        0x6 /Users/jdriselvato/devkitPro/libnds/lib/libnds9.a(keys.o)
 *fill*         0x020140de        0x2 
 .bss           0x020140e0        0x8 /Users/jdriselvato/devkitPro/libnds/lib/libnds9.a(fifosystem.o)
                0x020140e4                processing
 .bss           0x020140e8        0x4 /Users/jdriselvato/devkitPro/libnds/lib/libnds9.a(system.o)
 .bss.__malloc_max_total_mem
                0x020140ec        0x4 /Users/jdriselvato/devkitPro/devkitARM/bin/../lib/gcc/arm-none-eabi/5.3.0/../../../../arm-none-eabi/lib/thumb/libg.a(lib_a-mallocr.o)
                0x020140ec                __malloc_max_total_mem
 .bss.__malloc_max_sbrked_mem
                0x020140f0        0x4 /Users/jdriselvato/devkitPro/devkitARM/bin/../lib/gcc/arm-none-eabi/5.3.0/../../../../arm-none-eabi/lib/thumb/libg.a(lib_a-mallocr.o)
                0x020140f0                __malloc_max_sbrked_mem
 .bss.__malloc_top_pad
                0x020140f4        0x4 /Users/jdriselvato/devkitPro/devkitARM/bin/../lib/gcc/arm-none-eabi/5.3.0/../../../../arm-none-eabi/lib/thumb/libg.a(lib_a-mallocr.o)
                0x020140f4                __malloc_top_pad
 .bss.__malloc_current_mallinfo
                0x020140f8       0x28 /Users/jdriselvato/devkitPro/devkitARM/bin/../lib/gcc/arm-none-eabi/5.3.0/../../../../arm-none-eabi/lib/thumb/libg.a(lib_a-mallocr.o)
                0x020140f8                __malloc_current_mallinfo
 .bss           0x02014120        0x4 /Users/jdriselvato/devkitPro/devkitARM/bin/../lib/gcc/arm-none-eabi/5.3.0/../../../../arm-none-eabi/lib/thumb/libsysbase.a(sbrk.o)
 .bss           0x02014124        0x8 /Users/jdriselvato/devkitPro/devkitARM/bin/../lib/gcc/arm-none-eabi/5.3.0/../../../../arm-none-eabi/lib/thumb/libsysbase.a(malloc_vars.o)
                0x02014124                fake_heap_start
                0x02014128                fake_heap_end
 .bss           0x0201412c       0x38 /Users/jdriselvato/devkitPro/devkitARM/bin/../lib/gcc/arm-none-eabi/5.3.0/../../../../arm-none-eabi/lib/thumb/libsysbase.a(syscall_support.o)
                0x0201412c                __syscalls
 *(COMMON)
 COMMON         0x02014164        0xc template.o
                0x02014164                touch
 COMMON         0x02014170      0x800 /Users/jdriselvato/devkitPro/libnds/lib/libnds9.a(sprite.o)
                0x02014170                OamMemorySub
                0x02014570                OamMemory
 COMMON         0x02014970       0x5c /Users/jdriselvato/devkitPro/libnds/lib/libnds9.a(console.o)
                0x02014970                currentCopy
 COMMON         0x020149cc      0x148 /Users/jdriselvato/devkitPro/libnds/lib/libnds9.a(background.o)
                0x020149cc                bgState
                0x02014b0c                bgIsTextLut
 COMMON         0x02014b14        0x1 /Users/jdriselvato/devkitPro/libnds/lib/libnds9.a(initSystem.o)
                0x02014b14                __dsimode
 *fill*         0x02014b15        0x3 
 COMMON         0x02014b18      0xa40 /Users/jdriselvato/devkitPro/libnds/lib/libnds9.a(fifosystem.o)
                0x02014b18                fifo_datamsg_data
                0x02014b58                fifo_buffer
                0x02015358                fifo_value32_func
                0x02015398                fifo_address_func
                0x020153d8                fifo_value32_data
                0x02015418                fifo_value32_queue
                0x02015458                fifo_data_queue
                0x02015498                fifo_address_data
                0x020154d8                fifo_datamsg_func
                0x02015518                fifo_address_queue
 COMMON         0x02015558        0x4 /Users/jdriselvato/devkitPro/libnds/lib/libnds9.a(timeSupport.o)
                0x02015558                punixTime
                0x0201555c                . = ALIGN (0x4)
                0x0201555c                __bss_end__ = ABSOLUTE (.)
                0x0201555c                __end__ = ABSOLUTE (.)

.stab
 *(.stab)

.stabstr
 *(.stabstr)

.stab.excl
 *(.stab.excl)

.stab.exclstr
 *(.stab.exclstr)

.stab.index
 *(.stab.index)

.stab.indexstr
 *(.stab.indexstr)

.comment        0x00000000       0x44
 *(.comment)
 .comment       0x00000000       0x22 /Users/jdriselvato/devkitPro/devkitARM/bin/../lib/gcc/arm-none-eabi/5.3.0/thumb/crtbegin.o
                                 0x23 (size before relaxing)
 .comment       0x00000022       0x23 template.o
 .comment       0x00000022       0x22 /Users/jdriselvato/devkitPro/libnds/lib/libnds9.a(keys.o)
                                 0x23 (size before relaxing)
 .comment       0x00000044       0x23 /Users/jdriselvato/devkitPro/libnds/lib/libnds9.a(sprite.o)
 .comment       0x00000044       0x23 /Users/jdriselvato/devkitPro/libnds/lib/libnds9.a(trig.o)
 .comment       0x00000044       0x23 /Users/jdriselvato/devkitPro/libnds/lib/libnds9.a(console.o)
 .comment       0x00000044       0x23 /Users/jdriselvato/devkitPro/libnds/lib/libnds9.a(sprite_alloc.o)
 .comment       0x00000044       0x23 /Users/jdriselvato/devkitPro/libnds/lib/libnds9.a(touch.o)
 .comment       0x00000044       0x23 /Users/jdriselvato/devkitPro/libnds/lib/libnds9.a(background.o)
 .comment       0x00000044       0x23 /Users/jdriselvato/devkitPro/libnds/lib/libnds9.a(initSystem.o)
 .comment       0x00000044       0x23 /Users/jdriselvato/devkitPro/libnds/lib/libnds9.a(fifosystem.o)
 .comment       0x00000044       0x23 /Users/jdriselvato/devkitPro/libnds/lib/libnds9.a(libnds_exit.arm.o)
 .comment       0x00000044       0x23 /Users/jdriselvato/devkitPro/libnds/lib/libnds9.a(interrupts.o)
 .comment       0x00000044       0x23 /Users/jdriselvato/devkitPro/libnds/lib/libnds9.a(system.o)
 .comment       0x00000044       0x23 /Users/jdriselvato/devkitPro/libnds/lib/libnds9.a(video.o)
 .comment       0x00000044       0x23 /Users/jdriselvato/devkitPro/libnds/lib/libnds9.a(timeSupport.o)
 .comment       0x00000044       0x23 /Users/jdriselvato/devkitPro/devkitARM/bin/../lib/gcc/arm-none-eabi/5.3.0/../../../../arm-none-eabi/lib/thumb/libg.a(lib_a-bsearch.o)
 .comment       0x00000044       0x23 /Users/jdriselvato/devkitPro/devkitARM/bin/../lib/gcc/arm-none-eabi/5.3.0/../../../../arm-none-eabi/lib/thumb/libg.a(lib_a-init.o)
 .comment       0x00000044       0x23 /Users/jdriselvato/devkitPro/devkitARM/bin/../lib/gcc/arm-none-eabi/5.3.0/../../../../arm-none-eabi/lib/thumb/libg.a(lib_a-iprintf.o)
 .comment       0x00000044       0x23 /Users/jdriselvato/devkitPro/devkitARM/bin/../lib/gcc/arm-none-eabi/5.3.0/../../../../arm-none-eabi/lib/thumb/libg.a(lib_a-malloc.o)
 .comment       0x00000044       0x23 /Users/jdriselvato/devkitPro/devkitARM/bin/../lib/gcc/arm-none-eabi/5.3.0/../../../../arm-none-eabi/lib/thumb/libg.a(lib_a-mallocr.o)
 .comment       0x00000044       0x23 /Users/jdriselvato/devkitPro/devkitARM/bin/../lib/gcc/arm-none-eabi/5.3.0/../../../../arm-none-eabi/lib/thumb/libg.a(lib_a-memcpy.o)
 .comment       0x00000044       0x23 /Users/jdriselvato/devkitPro/devkitARM/bin/../lib/gcc/arm-none-eabi/5.3.0/../../../../arm-none-eabi/lib/thumb/libg.a(lib_a-memset.o)
 .comment       0x00000044       0x23 /Users/jdriselvato/devkitPro/devkitARM/bin/../lib/gcc/arm-none-eabi/5.3.0/../../../../arm-none-eabi/lib/thumb/libg.a(lib_a-mlock.o)
 .comment       0x00000044       0x23 /Users/jdriselvato/devkitPro/devkitARM/bin/../lib/gcc/arm-none-eabi/5.3.0/../../../../arm-none-eabi/lib/thumb/libg.a(lib_a-realloc.o)
 .comment       0x00000044       0x23 /Users/jdriselvato/devkitPro/devkitARM/bin/../lib/gcc/arm-none-eabi/5.3.0/../../../../arm-none-eabi/lib/thumb/libg.a(lib_a-reallocr.o)
 .comment       0x00000044       0x23 /Users/jdriselvato/devkitPro/devkitARM/bin/../lib/gcc/arm-none-eabi/5.3.0/../../../../arm-none-eabi/lib/thumb/libg.a(lib_a-setvbuf.o)
 .comment       0x00000044       0x23 /Users/jdriselvato/devkitPro/devkitARM/bin/../lib/gcc/arm-none-eabi/5.3.0/../../../../arm-none-eabi/lib/thumb/libg.a(lib_a-siscanf.o)
 .comment       0x00000044       0x23 /Users/jdriselvato/devkitPro/devkitARM/bin/../lib/gcc/arm-none-eabi/5.3.0/../../../../arm-none-eabi/lib/thumb/libg.a(lib_a-stdio.o)
 .comment       0x00000044       0x23 /Users/jdriselvato/devkitPro/devkitARM/bin/../lib/gcc/arm-none-eabi/5.3.0/../../../../arm-none-eabi/lib/thumb/libg.a(lib_a-strlen.o)
 .comment       0x00000044       0x23 /Users/jdriselvato/devkitPro/devkitARM/bin/../lib/gcc/arm-none-eabi/5.3.0/../../../../arm-none-eabi/lib/thumb/libg.a(lib_a-svfiscanf.o)
 .comment       0x00000044       0x23 /Users/jdriselvato/devkitPro/devkitARM/bin/../lib/gcc/arm-none-eabi/5.3.0/../../../../arm-none-eabi/lib/thumb/libg.a(lib_a-ungetc.o)
 .comment       0x00000044       0x23 /Users/jdriselvato/devkitPro/devkitARM/bin/../lib/gcc/arm-none-eabi/5.3.0/../../../../arm-none-eabi/lib/thumb/libg.a(lib_a-vfiprintf.o)
 .comment       0x00000044       0x23 /Users/jdriselvato/devkitPro/devkitARM/bin/../lib/gcc/arm-none-eabi/5.3.0/../../../../arm-none-eabi/lib/thumb/libg.a(lib_a-wcrtomb.o)
 .comment       0x00000044       0x23 /Users/jdriselvato/devkitPro/devkitARM/bin/../lib/gcc/arm-none-eabi/5.3.0/../../../../arm-none-eabi/lib/thumb/libg.a(lib_a-wcsrtombs.o)
 .comment       0x00000044       0x23 /Users/jdriselvato/devkitPro/devkitARM/bin/../lib/gcc/arm-none-eabi/5.3.0/../../../../arm-none-eabi/lib/thumb/libg.a(lib_a-wctomb_r.o)
 .comment       0x00000044       0x23 /Users/jdriselvato/devkitPro/devkitARM/bin/../lib/gcc/arm-none-eabi/5.3.0/../../../../arm-none-eabi/lib/thumb/libg.a(lib_a-wsetup.o)
 .comment       0x00000044       0x23 /Users/jdriselvato/devkitPro/devkitARM/bin/../lib/gcc/arm-none-eabi/5.3.0/../../../../arm-none-eabi/lib/thumb/libg.a(lib_a-ctype_.o)
 .comment       0x00000044       0x23 /Users/jdriselvato/devkitPro/devkitARM/bin/../lib/gcc/arm-none-eabi/5.3.0/../../../../arm-none-eabi/lib/thumb/libg.a(lib_a-fflush.o)
 .comment       0x00000044       0x23 /Users/jdriselvato/devkitPro/devkitARM/bin/../lib/gcc/arm-none-eabi/5.3.0/../../../../arm-none-eabi/lib/thumb/libg.a(lib_a-findfp.o)
 .comment       0x00000044       0x23 /Users/jdriselvato/devkitPro/devkitARM/bin/../lib/gcc/arm-none-eabi/5.3.0/../../../../arm-none-eabi/lib/thumb/libg.a(lib_a-fputwc.o)
 .comment       0x00000044       0x23 /Users/jdriselvato/devkitPro/devkitARM/bin/../lib/gcc/arm-none-eabi/5.3.0/../../../../arm-none-eabi/lib/thumb/libg.a(lib_a-freer.o)
 .comment       0x00000044       0x23 /Users/jdriselvato/devkitPro/devkitARM/bin/../lib/gcc/arm-none-eabi/5.3.0/../../../../arm-none-eabi/lib/thumb/libg.a(lib_a-fvwrite.o)
 .comment       0x00000044       0x23 /Users/jdriselvato/devkitPro/devkitARM/bin/../lib/gcc/arm-none-eabi/5.3.0/../../../../arm-none-eabi/lib/thumb/libg.a(lib_a-fwalk.o)
 .comment       0x00000044       0x23 /Users/jdriselvato/devkitPro/devkitARM/bin/../lib/gcc/arm-none-eabi/5.3.0/../../../../arm-none-eabi/lib/thumb/libg.a(lib_a-impure.o)
 .comment       0x00000044       0x23 /Users/jdriselvato/devkitPro/devkitARM/bin/../lib/gcc/arm-none-eabi/5.3.0/../../../../arm-none-eabi/lib/thumb/libg.a(lib_a-iswspace.o)
 .comment       0x00000044       0x23 /Users/jdriselvato/devkitPro/devkitARM/bin/../lib/gcc/arm-none-eabi/5.3.0/../../../../arm-none-eabi/lib/thumb/libg.a(lib_a-jp2uc.o)
 .comment       0x00000044       0x23 /Users/jdriselvato/devkitPro/devkitARM/bin/../lib/gcc/arm-none-eabi/5.3.0/../../../../arm-none-eabi/lib/thumb/libg.a(lib_a-locale.o)
 .comment       0x00000044       0x23 /Users/jdriselvato/devkitPro/devkitARM/bin/../lib/gcc/arm-none-eabi/5.3.0/../../../../arm-none-eabi/lib/thumb/libg.a(lib_a-makebuf.o)
 .comment       0x00000044       0x23 /Users/jdriselvato/devkitPro/devkitARM/bin/../lib/gcc/arm-none-eabi/5.3.0/../../../../arm-none-eabi/lib/thumb/libg.a(lib_a-mbrtowc.o)
 .comment       0x00000044       0x23 /Users/jdriselvato/devkitPro/devkitARM/bin/../lib/gcc/arm-none-eabi/5.3.0/../../../../arm-none-eabi/lib/thumb/libg.a(lib_a-mbtowc_r.o)
 .comment       0x00000044       0x23 /Users/jdriselvato/devkitPro/devkitARM/bin/../lib/gcc/arm-none-eabi/5.3.0/../../../../arm-none-eabi/lib/thumb/libg.a(lib_a-memchr.o)
 .comment       0x00000044       0x23 /Users/jdriselvato/devkitPro/devkitARM/bin/../lib/gcc/arm-none-eabi/5.3.0/../../../../arm-none-eabi/lib/thumb/libg.a(lib_a-memmove.o)
 .comment       0x00000044       0x23 /Users/jdriselvato/devkitPro/devkitARM/bin/../lib/gcc/arm-none-eabi/5.3.0/../../../../arm-none-eabi/lib/thumb/libg.a(lib_a-sccl.o)
 .comment       0x00000044       0x23 /Users/jdriselvato/devkitPro/devkitARM/bin/../lib/gcc/arm-none-eabi/5.3.0/../../../../arm-none-eabi/lib/thumb/libg.a(lib_a-strchr.o)
 .comment       0x00000044       0x23 /Users/jdriselvato/devkitPro/devkitARM/bin/../lib/gcc/arm-none-eabi/5.3.0/../../../../arm-none-eabi/lib/thumb/libg.a(lib_a-strncmp.o)
 .comment       0x00000044       0x23 /Users/jdriselvato/devkitPro/devkitARM/bin/../lib/gcc/arm-none-eabi/5.3.0/../../../../arm-none-eabi/lib/thumb/libg.a(lib_a-strncpy.o)
 .comment       0x00000044       0x23 /Users/jdriselvato/devkitPro/devkitARM/bin/../lib/gcc/arm-none-eabi/5.3.0/../../../../arm-none-eabi/lib/thumb/libg.a(lib_a-strtol.o)
 .comment       0x00000044       0x23 /Users/jdriselvato/devkitPro/devkitARM/bin/../lib/gcc/arm-none-eabi/5.3.0/../../../../arm-none-eabi/lib/thumb/libg.a(lib_a-strtoll_r.o)
 .comment       0x00000044       0x23 /Users/jdriselvato/devkitPro/devkitARM/bin/../lib/gcc/arm-none-eabi/5.3.0/../../../../arm-none-eabi/lib/thumb/libg.a(lib_a-strtoul.o)
 .comment       0x00000044       0x23 /Users/jdriselvato/devkitPro/devkitARM/bin/../lib/gcc/arm-none-eabi/5.3.0/../../../../arm-none-eabi/lib/thumb/libg.a(lib_a-strtoull_r.o)
 .comment       0x00000044       0x23 /Users/jdriselvato/devkitPro/devkitARM/bin/../lib/gcc/arm-none-eabi/5.3.0/../../../../arm-none-eabi/lib/thumb/libg.a(lib_a-svfiprintf.o)
 .comment       0x00000044       0x23 /Users/jdriselvato/devkitPro/devkitARM/bin/../lib/gcc/arm-none-eabi/5.3.0/../../../../arm-none-eabi/lib/thumb/libg.a(lib_a-wbuf.o)
 .comment       0x00000044       0x23 /Users/jdriselvato/devkitPro/devkitARM/bin/../lib/gcc/arm-none-eabi/5.3.0/../../../../arm-none-eabi/lib/thumb/libg.a(lib_a-wcsnrtombs.o)
 .comment       0x00000044       0x23 /Users/jdriselvato/devkitPro/devkitARM/bin/../lib/gcc/arm-none-eabi/5.3.0/../../../../arm-none-eabi/lib/thumb/libg.a(lib_a-fclose.o)
 .comment       0x00000044       0x23 /Users/jdriselvato/devkitPro/devkitARM/bin/../lib/gcc/arm-none-eabi/5.3.0/../../../../arm-none-eabi/lib/thumb/libsysbase.a(iosupport.o)
 .comment       0x00000044       0x23 /Users/jdriselvato/devkitPro/devkitARM/bin/../lib/gcc/arm-none-eabi/5.3.0/../../../../arm-none-eabi/lib/thumb/libsysbase.a(close.o)
 .comment       0x00000044       0x23 /Users/jdriselvato/devkitPro/devkitARM/bin/../lib/gcc/arm-none-eabi/5.3.0/../../../../arm-none-eabi/lib/thumb/libsysbase.a(fstat.o)
 .comment       0x00000044       0x23 /Users/jdriselvato/devkitPro/devkitARM/bin/../lib/gcc/arm-none-eabi/5.3.0/../../../../arm-none-eabi/lib/thumb/libsysbase.a(isatty.o)
 .comment       0x00000044       0x23 /Users/jdriselvato/devkitPro/devkitARM/bin/../lib/gcc/arm-none-eabi/5.3.0/../../../../arm-none-eabi/lib/thumb/libsysbase.a(lseek.o)
 .comment       0x00000044       0x23 /Users/jdriselvato/devkitPro/devkitARM/bin/../lib/gcc/arm-none-eabi/5.3.0/../../../../arm-none-eabi/lib/thumb/libsysbase.a(read.o)
 .comment       0x00000044       0x23 /Users/jdriselvato/devkitPro/devkitARM/bin/../lib/gcc/arm-none-eabi/5.3.0/../../../../arm-none-eabi/lib/thumb/libsysbase.a(sbrk.o)
 .comment       0x00000044       0x23 /Users/jdriselvato/devkitPro/devkitARM/bin/../lib/gcc/arm-none-eabi/5.3.0/../../../../arm-none-eabi/lib/thumb/libsysbase.a(write.o)
 .comment       0x00000044       0x23 /Users/jdriselvato/devkitPro/devkitARM/bin/../lib/gcc/arm-none-eabi/5.3.0/../../../../arm-none-eabi/lib/thumb/libsysbase.a(malloc_vars.o)
 .comment       0x00000044       0x23 /Users/jdriselvato/devkitPro/devkitARM/bin/../lib/gcc/arm-none-eabi/5.3.0/../../../../arm-none-eabi/lib/thumb/libsysbase.a(build_argv.o)
 .comment       0x00000044       0x23 /Users/jdriselvato/devkitPro/devkitARM/bin/../lib/gcc/arm-none-eabi/5.3.0/../../../../arm-none-eabi/lib/thumb/libsysbase.a(flock.o)
 .comment       0x00000044       0x23 /Users/jdriselvato/devkitPro/devkitARM/bin/../lib/gcc/arm-none-eabi/5.3.0/../../../../arm-none-eabi/lib/thumb/libsysbase.a(syscall_support.o)
 .comment       0x00000044       0x23 /Users/jdriselvato/devkitPro/devkitARM/bin/../lib/gcc/arm-none-eabi/5.3.0/../../../../arm-none-eabi/lib/thumb/libsysbase.a(handle_manager.o)
 .comment       0x00000044       0x23 /Users/jdriselvato/devkitPro/devkitARM/bin/../lib/gcc/arm-none-eabi/5.3.0/../../../../arm-none-eabi/lib/thumb/libsysbase.a(getreent.o)
 .comment       0x00000044       0x23 /Users/jdriselvato/devkitPro/devkitARM/bin/../lib/gcc/arm-none-eabi/5.3.0/thumb/libgcc.a(_muldi3.o)
 .comment       0x00000044       0x23 /Users/jdriselvato/devkitPro/devkitARM/bin/../lib/gcc/arm-none-eabi/5.3.0/thumb/libgcc.a(_udivmoddi4.o)
 .comment       0x00000044       0x23 /Users/jdriselvato/devkitPro/devkitARM/bin/../lib/gcc/arm-none-eabi/5.3.0/../../../../arm-none-eabi/lib/thumb/libg.a(lib_a-errno.o)
 .comment       0x00000044       0x23 /Users/jdriselvato/devkitPro/devkitARM/bin/../lib/gcc/arm-none-eabi/5.3.0/thumb/crtend.o

.ARM.attributes
                0x00000000       0x2d
 .ARM.attributes
                0x00000000       0x21 /Users/jdriselvato/devkitPro/devkitARM/bin/../lib/gcc/arm-none-eabi/5.3.0/../../../../arm-none-eabi/lib/thumb/ds_arm9_crt0.o
 .ARM.attributes
                0x00000021       0x16 /Users/jdriselvato/devkitPro/devkitARM/bin/../lib/gcc/arm-none-eabi/5.3.0/thumb/crti.o
 .ARM.attributes
                0x00000037       0x30 /Users/jdriselvato/devkitPro/devkitARM/bin/../lib/gcc/arm-none-eabi/5.3.0/thumb/crtbegin.o
 .ARM.attributes
                0x00000067       0x27 template.o
 .ARM.attributes
                0x0000008e       0x27 /Users/jdriselvato/devkitPro/libnds/lib/libnds9.a(keys.o)
 .ARM.attributes
                0x000000b5       0x27 /Users/jdriselvato/devkitPro/libnds/lib/libnds9.a(sprite.o)
 .ARM.attributes
                0x000000dc       0x27 /Users/jdriselvato/devkitPro/libnds/lib/libnds9.a(trig.o)
 .ARM.attributes
                0x00000103       0x27 /Users/jdriselvato/devkitPro/libnds/lib/libnds9.a(console.o)
 .ARM.attributes
                0x0000012a       0x27 /Users/jdriselvato/devkitPro/libnds/lib/libnds9.a(sprite_alloc.o)
 .ARM.attributes
                0x00000151       0x27 /Users/jdriselvato/devkitPro/libnds/lib/libnds9.a(touch.o)
 .ARM.attributes
                0x00000178       0x27 /Users/jdriselvato/devkitPro/libnds/lib/libnds9.a(background.o)
 .ARM.attributes
                0x0000019f       0x27 /Users/jdriselvato/devkitPro/libnds/lib/libnds9.a(initSystem.o)
 .ARM.attributes
                0x000001c6       0x27 /Users/jdriselvato/devkitPro/libnds/lib/libnds9.a(fifosystem.o)
 .ARM.attributes
                0x000001ed       0x27 /Users/jdriselvato/devkitPro/libnds/lib/libnds9.a(libnds_exit.arm.o)
 .ARM.attributes
                0x00000214       0x27 /Users/jdriselvato/devkitPro/libnds/lib/libnds9.a(interrupts.o)
 .ARM.attributes
                0x0000023b       0x1b /Users/jdriselvato/devkitPro/libnds/lib/libnds9.a(dcache.o)
 .ARM.attributes
                0x00000256       0x21 /Users/jdriselvato/devkitPro/libnds/lib/libnds9.a(IntrWait.o)
 .ARM.attributes
                0x00000277       0x21 /Users/jdriselvato/devkitPro/libnds/lib/libnds9.a(mpu_setup.o)
 .ARM.attributes
                0x00000298       0x21 /Users/jdriselvato/devkitPro/libnds/lib/libnds9.a(swiSoftReset.o)
 .ARM.attributes
                0x000002b9       0x1b /Users/jdriselvato/devkitPro/libnds/lib/libnds9.a(debugprint.o)
 .ARM.attributes
                0x000002d4       0x1b /Users/jdriselvato/devkitPro/libnds/lib/libnds9.a(biosCalls.o)
 .ARM.attributes
                0x000002ef       0x1b /Users/jdriselvato/devkitPro/libnds/lib/libnds9.a(interruptDispatcher.o)
 .ARM.attributes
                0x0000030a       0x14 /Users/jdriselvato/devkitPro/libnds/lib/libnds9.a(default_font.bin.o)
 .ARM.attributes
                0x0000031e       0x27 /Users/jdriselvato/devkitPro/libnds/lib/libnds9.a(system.o)
 .ARM.attributes
                0x00000345       0x27 /Users/jdriselvato/devkitPro/libnds/lib/libnds9.a(video.o)
 .ARM.attributes
                0x0000036c       0x27 /Users/jdriselvato/devkitPro/libnds/lib/libnds9.a(timeSupport.o)
 .ARM.attributes
                0x00000393       0x18 /Users/jdriselvato/devkitPro/devkitARM/bin/../lib/gcc/arm-none-eabi/5.3.0/thumb/libgcc.a(_divsi3.o)
 .ARM.attributes
                0x000003ab       0x16 /Users/jdriselvato/devkitPro/devkitARM/bin/../lib/gcc/arm-none-eabi/5.3.0/thumb/libgcc.a(_dvmd_tls.o)
 .ARM.attributes
                0x000003c1       0x30 /Users/jdriselvato/devkitPro/devkitARM/bin/../lib/gcc/arm-none-eabi/5.3.0/../../../../arm-none-eabi/lib/thumb/libg.a(lib_a-bsearch.o)
 .ARM.attributes
                0x000003f1       0x30 /Users/jdriselvato/devkitPro/devkitARM/bin/../lib/gcc/arm-none-eabi/5.3.0/../../../../arm-none-eabi/lib/thumb/libg.a(lib_a-init.o)
 .ARM.attributes
                0x00000421       0x30 /Users/jdriselvato/devkitPro/devkitARM/bin/../lib/gcc/arm-none-eabi/5.3.0/../../../../arm-none-eabi/lib/thumb/libg.a(lib_a-iprintf.o)
 .ARM.attributes
                0x00000451       0x30 /Users/jdriselvato/devkitPro/devkitARM/bin/../lib/gcc/arm-none-eabi/5.3.0/../../../../arm-none-eabi/lib/thumb/libg.a(lib_a-malloc.o)
 .ARM.attributes
                0x00000481       0x30 /Users/jdriselvato/devkitPro/devkitARM/bin/../lib/gcc/arm-none-eabi/5.3.0/../../../../arm-none-eabi/lib/thumb/libg.a(lib_a-mallocr.o)
 .ARM.attributes
                0x000004b1       0x30 /Users/jdriselvato/devkitPro/devkitARM/bin/../lib/gcc/arm-none-eabi/5.3.0/../../../../arm-none-eabi/lib/thumb/libg.a(lib_a-memcpy.o)
 .ARM.attributes
                0x000004e1       0x30 /Users/jdriselvato/devkitPro/devkitARM/bin/../lib/gcc/arm-none-eabi/5.3.0/../../../../arm-none-eabi/lib/thumb/libg.a(lib_a-memset.o)
 .ARM.attributes
                0x00000511       0x30 /Users/jdriselvato/devkitPro/devkitARM/bin/../lib/gcc/arm-none-eabi/5.3.0/../../../../arm-none-eabi/lib/thumb/libg.a(lib_a-mlock.o)
 .ARM.attributes
                0x00000541       0x30 /Users/jdriselvato/devkitPro/devkitARM/bin/../lib/gcc/arm-none-eabi/5.3.0/../../../../arm-none-eabi/lib/thumb/libg.a(lib_a-realloc.o)
 .ARM.attributes
                0x00000571       0x30 /Users/jdriselvato/devkitPro/devkitARM/bin/../lib/gcc/arm-none-eabi/5.3.0/../../../../arm-none-eabi/lib/thumb/libg.a(lib_a-reallocr.o)
 .ARM.attributes
                0x000005a1       0x30 /Users/jdriselvato/devkitPro/devkitARM/bin/../lib/gcc/arm-none-eabi/5.3.0/../../../../arm-none-eabi/lib/thumb/libg.a(lib_a-setvbuf.o)
 .ARM.attributes
                0x000005d1       0x30 /Users/jdriselvato/devkitPro/devkitARM/bin/../lib/gcc/arm-none-eabi/5.3.0/../../../../arm-none-eabi/lib/thumb/libg.a(lib_a-siscanf.o)
 .ARM.attributes
                0x00000601       0x30 /Users/jdriselvato/devkitPro/devkitARM/bin/../lib/gcc/arm-none-eabi/5.3.0/../../../../arm-none-eabi/lib/thumb/libg.a(lib_a-stdio.o)
 .ARM.attributes
                0x00000631       0x30 /Users/jdriselvato/devkitPro/devkitARM/bin/../lib/gcc/arm-none-eabi/5.3.0/../../../../arm-none-eabi/lib/thumb/libg.a(lib_a-strlen.o)
 .ARM.attributes
                0x00000661       0x30 /Users/jdriselvato/devkitPro/devkitARM/bin/../lib/gcc/arm-none-eabi/5.3.0/../../../../arm-none-eabi/lib/thumb/libg.a(lib_a-svfiscanf.o)
 .ARM.attributes
                0x00000691       0x30 /Users/jdriselvato/devkitPro/devkitARM/bin/../lib/gcc/arm-none-eabi/5.3.0/../../../../arm-none-eabi/lib/thumb/libg.a(lib_a-ungetc.o)
 .ARM.attributes
                0x000006c1       0x30 /Users/jdriselvato/devkitPro/devkitARM/bin/../lib/gcc/arm-none-eabi/5.3.0/../../../../arm-none-eabi/lib/thumb/libg.a(lib_a-vfiprintf.o)
 .ARM.attributes
                0x000006f1       0x30 /Users/jdriselvato/devkitPro/devkitARM/bin/../lib/gcc/arm-none-eabi/5.3.0/../../../../arm-none-eabi/lib/thumb/libg.a(lib_a-wcrtomb.o)
 .ARM.attributes
                0x00000721       0x30 /Users/jdriselvato/devkitPro/devkitARM/bin/../lib/gcc/arm-none-eabi/5.3.0/../../../../arm-none-eabi/lib/thumb/libg.a(lib_a-wcsrtombs.o)
 .ARM.attributes
                0x00000751       0x30 /Users/jdriselvato/devkitPro/devkitARM/bin/../lib/gcc/arm-none-eabi/5.3.0/../../../../arm-none-eabi/lib/thumb/libg.a(lib_a-wctomb_r.o)
 .ARM.attributes
                0x00000781       0x30 /Users/jdriselvato/devkitPro/devkitARM/bin/../lib/gcc/arm-none-eabi/5.3.0/../../../../arm-none-eabi/lib/thumb/libg.a(lib_a-wsetup.o)
 .ARM.attributes
                0x000007b1       0x30 /Users/jdriselvato/devkitPro/devkitARM/bin/../lib/gcc/arm-none-eabi/5.3.0/../../../../arm-none-eabi/lib/thumb/libg.a(lib_a-ctype_.o)
 .ARM.attributes
                0x000007e1       0x30 /Users/jdriselvato/devkitPro/devkitARM/bin/../lib/gcc/arm-none-eabi/5.3.0/../../../../arm-none-eabi/lib/thumb/libg.a(lib_a-fflush.o)
 .ARM.attributes
                0x00000811       0x30 /Users/jdriselvato/devkitPro/devkitARM/bin/../lib/gcc/arm-none-eabi/5.3.0/../../../../arm-none-eabi/lib/thumb/libg.a(lib_a-findfp.o)
 .ARM.attributes
                0x00000841       0x30 /Users/jdriselvato/devkitPro/devkitARM/bin/../lib/gcc/arm-none-eabi/5.3.0/../../../../arm-none-eabi/lib/thumb/libg.a(lib_a-fputwc.o)
 .ARM.attributes
                0x00000871       0x30 /Users/jdriselvato/devkitPro/devkitARM/bin/../lib/gcc/arm-none-eabi/5.3.0/../../../../arm-none-eabi/lib/thumb/libg.a(lib_a-freer.o)
 .ARM.attributes
                0x000008a1       0x30 /Users/jdriselvato/devkitPro/devkitARM/bin/../lib/gcc/arm-none-eabi/5.3.0/../../../../arm-none-eabi/lib/thumb/libg.a(lib_a-fvwrite.o)
 .ARM.attributes
                0x000008d1       0x30 /Users/jdriselvato/devkitPro/devkitARM/bin/../lib/gcc/arm-none-eabi/5.3.0/../../../../arm-none-eabi/lib/thumb/libg.a(lib_a-fwalk.o)
 .ARM.attributes
                0x00000901       0x30 /Users/jdriselvato/devkitPro/devkitARM/bin/../lib/gcc/arm-none-eabi/5.3.0/../../../../arm-none-eabi/lib/thumb/libg.a(lib_a-impure.o)
 .ARM.attributes
                0x00000931       0x30 /Users/jdriselvato/devkitPro/devkitARM/bin/../lib/gcc/arm-none-eabi/5.3.0/../../../../arm-none-eabi/lib/thumb/libg.a(lib_a-iswspace.o)
 .ARM.attributes
                0x00000961       0x30 /Users/jdriselvato/devkitPro/devkitARM/bin/../lib/gcc/arm-none-eabi/5.3.0/../../../../arm-none-eabi/lib/thumb/libg.a(lib_a-jp2uc.o)
 .ARM.attributes
                0x00000991       0x30 /Users/jdriselvato/devkitPro/devkitARM/bin/../lib/gcc/arm-none-eabi/5.3.0/../../../../arm-none-eabi/lib/thumb/libg.a(lib_a-locale.o)
 .ARM.attributes
                0x000009c1       0x30 /Users/jdriselvato/devkitPro/devkitARM/bin/../lib/gcc/arm-none-eabi/5.3.0/../../../../arm-none-eabi/lib/thumb/libg.a(lib_a-makebuf.o)
 .ARM.attributes
                0x000009f1       0x30 /Users/jdriselvato/devkitPro/devkitARM/bin/../lib/gcc/arm-none-eabi/5.3.0/../../../../arm-none-eabi/lib/thumb/libg.a(lib_a-mbrtowc.o)
 .ARM.attributes
                0x00000a21       0x30 /Users/jdriselvato/devkitPro/devkitARM/bin/../lib/gcc/arm-none-eabi/5.3.0/../../../../arm-none-eabi/lib/thumb/libg.a(lib_a-mbtowc_r.o)
 .ARM.attributes
                0x00000a51       0x30 /Users/jdriselvato/devkitPro/devkitARM/bin/../lib/gcc/arm-none-eabi/5.3.0/../../../../arm-none-eabi/lib/thumb/libg.a(lib_a-memchr.o)
 .ARM.attributes
                0x00000a81       0x30 /Users/jdriselvato/devkitPro/devkitARM/bin/../lib/gcc/arm-none-eabi/5.3.0/../../../../arm-none-eabi/lib/thumb/libg.a(lib_a-memmove.o)
 .ARM.attributes
                0x00000ab1       0x30 /Users/jdriselvato/devkitPro/devkitARM/bin/../lib/gcc/arm-none-eabi/5.3.0/../../../../arm-none-eabi/lib/thumb/libg.a(lib_a-sccl.o)
 .ARM.attributes
                0x00000ae1       0x30 /Users/jdriselvato/devkitPro/devkitARM/bin/../lib/gcc/arm-none-eabi/5.3.0/../../../../arm-none-eabi/lib/thumb/libg.a(lib_a-strchr.o)
 .ARM.attributes
                0x00000b11       0x16 /Users/jdriselvato/devkitPro/devkitARM/bin/../lib/gcc/arm-none-eabi/5.3.0/../../../../arm-none-eabi/lib/thumb/libg.a(lib_a-strcmp.o)
 .ARM.attributes
                0x00000b27       0x30 /Users/jdriselvato/devkitPro/devkitARM/bin/../lib/gcc/arm-none-eabi/5.3.0/../../../../arm-none-eabi/lib/thumb/libg.a(lib_a-strncmp.o)
 .ARM.attributes
                0x00000b57       0x30 /Users/jdriselvato/devkitPro/devkitARM/bin/../lib/gcc/arm-none-eabi/5.3.0/../../../../arm-none-eabi/lib/thumb/libg.a(lib_a-strncpy.o)
 .ARM.attributes
                0x00000b87       0x30 /Users/jdriselvato/devkitPro/devkitARM/bin/../lib/gcc/arm-none-eabi/5.3.0/../../../../arm-none-eabi/lib/thumb/libg.a(lib_a-strtol.o)
 .ARM.attributes
                0x00000bb7       0x30 /Users/jdriselvato/devkitPro/devkitARM/bin/../lib/gcc/arm-none-eabi/5.3.0/../../../../arm-none-eabi/lib/thumb/libg.a(lib_a-strtoll_r.o)
 .ARM.attributes
                0x00000be7       0x30 /Users/jdriselvato/devkitPro/devkitARM/bin/../lib/gcc/arm-none-eabi/5.3.0/../../../../arm-none-eabi/lib/thumb/libg.a(lib_a-strtoul.o)
 .ARM.attributes
                0x00000c17       0x30 /Users/jdriselvato/devkitPro/devkitARM/bin/../lib/gcc/arm-none-eabi/5.3.0/../../../../arm-none-eabi/lib/thumb/libg.a(lib_a-strtoull_r.o)
 .ARM.attributes
                0x00000c47       0x30 /Users/jdriselvato/devkitPro/devkitARM/bin/../lib/gcc/arm-none-eabi/5.3.0/../../../../arm-none-eabi/lib/thumb/libg.a(lib_a-svfiprintf.o)
 .ARM.attributes
                0x00000c77       0x30 /Users/jdriselvato/devkitPro/devkitARM/bin/../lib/gcc/arm-none-eabi/5.3.0/../../../../arm-none-eabi/lib/thumb/libg.a(lib_a-wbuf.o)
 .ARM.attributes
                0x00000ca7       0x30 /Users/jdriselvato/devkitPro/devkitARM/bin/../lib/gcc/arm-none-eabi/5.3.0/../../../../arm-none-eabi/lib/thumb/libg.a(lib_a-wcsnrtombs.o)
 .ARM.attributes
                0x00000cd7       0x30 /Users/jdriselvato/devkitPro/devkitARM/bin/../lib/gcc/arm-none-eabi/5.3.0/../../../../arm-none-eabi/lib/thumb/libg.a(lib_a-fclose.o)
 .ARM.attributes
                0x00000d07       0x30 /Users/jdriselvato/devkitPro/devkitARM/bin/../lib/gcc/arm-none-eabi/5.3.0/../../../../arm-none-eabi/lib/thumb/libsysbase.a(iosupport.o)
 .ARM.attributes
                0x00000d37       0x30 /Users/jdriselvato/devkitPro/devkitARM/bin/../lib/gcc/arm-none-eabi/5.3.0/../../../../arm-none-eabi/lib/thumb/libsysbase.a(close.o)
 .ARM.attributes
                0x00000d67       0x30 /Users/jdriselvato/devkitPro/devkitARM/bin/../lib/gcc/arm-none-eabi/5.3.0/../../../../arm-none-eabi/lib/thumb/libsysbase.a(fstat.o)
 .ARM.attributes
                0x00000d97       0x30 /Users/jdriselvato/devkitPro/devkitARM/bin/../lib/gcc/arm-none-eabi/5.3.0/../../../../arm-none-eabi/lib/thumb/libsysbase.a(isatty.o)
 .ARM.attributes
                0x00000dc7       0x30 /Users/jdriselvato/devkitPro/devkitARM/bin/../lib/gcc/arm-none-eabi/5.3.0/../../../../arm-none-eabi/lib/thumb/libsysbase.a(lseek.o)
 .ARM.attributes
                0x00000df7       0x30 /Users/jdriselvato/devkitPro/devkitARM/bin/../lib/gcc/arm-none-eabi/5.3.0/../../../../arm-none-eabi/lib/thumb/libsysbase.a(read.o)
 .ARM.attributes
                0x00000e27       0x30 /Users/jdriselvato/devkitPro/devkitARM/bin/../lib/gcc/arm-none-eabi/5.3.0/../../../../arm-none-eabi/lib/thumb/libsysbase.a(sbrk.o)
 .ARM.attributes
                0x00000e57       0x30 /Users/jdriselvato/devkitPro/devkitARM/bin/../lib/gcc/arm-none-eabi/5.3.0/../../../../arm-none-eabi/lib/thumb/libsysbase.a(write.o)
 .ARM.attributes
                0x00000e87       0x30 /Users/jdriselvato/devkitPro/devkitARM/bin/../lib/gcc/arm-none-eabi/5.3.0/../../../../arm-none-eabi/lib/thumb/libsysbase.a(malloc_vars.o)
 .ARM.attributes
                0x00000eb7       0x30 /Users/jdriselvato/devkitPro/devkitARM/bin/../lib/gcc/arm-none-eabi/5.3.0/../../../../arm-none-eabi/lib/thumb/libsysbase.a(build_argv.o)
 .ARM.attributes
                0x00000ee7       0x30 /Users/jdriselvato/devkitPro/devkitARM/bin/../lib/gcc/arm-none-eabi/5.3.0/../../../../arm-none-eabi/lib/thumb/libsysbase.a(flock.o)
 .ARM.attributes
                0x00000f17       0x30 /Users/jdriselvato/devkitPro/devkitARM/bin/../lib/gcc/arm-none-eabi/5.3.0/../../../../arm-none-eabi/lib/thumb/libsysbase.a(syscall_support.o)
 .ARM.attributes
                0x00000f47       0x30 /Users/jdriselvato/devkitPro/devkitARM/bin/../lib/gcc/arm-none-eabi/5.3.0/../../../../arm-none-eabi/lib/thumb/libsysbase.a(handle_manager.o)
 .ARM.attributes
                0x00000f77       0x30 /Users/jdriselvato/devkitPro/devkitARM/bin/../lib/gcc/arm-none-eabi/5.3.0/../../../../arm-none-eabi/lib/thumb/libsysbase.a(getreent.o)
 .ARM.attributes
                0x00000fa7       0x18 /Users/jdriselvato/devkitPro/devkitARM/bin/../lib/gcc/arm-none-eabi/5.3.0/thumb/libgcc.a(_udivsi3.o)
 .ARM.attributes
                0x00000fbf       0x18 /Users/jdriselvato/devkitPro/devkitARM/bin/../lib/gcc/arm-none-eabi/5.3.0/thumb/libgcc.a(_aeabi_uldivmod.o)
 .ARM.attributes
                0x00000fd7       0x30 /Users/jdriselvato/devkitPro/devkitARM/bin/../lib/gcc/arm-none-eabi/5.3.0/thumb/libgcc.a(_muldi3.o)
 .ARM.attributes
                0x00001007       0x30 /Users/jdriselvato/devkitPro/devkitARM/bin/../lib/gcc/arm-none-eabi/5.3.0/thumb/libgcc.a(_udivmoddi4.o)
 .ARM.attributes
                0x00001037       0x18 /Users/jdriselvato/devkitPro/devkitARM/bin/../lib/gcc/arm-none-eabi/5.3.0/thumb/libgcc.a(_clzdi2.o)
 .ARM.attributes
                0x0000104f       0x18 /Users/jdriselvato/devkitPro/devkitARM/bin/../lib/gcc/arm-none-eabi/5.3.0/thumb/libgcc.a(_clzsi2.o)
 .ARM.attributes
                0x00001067       0x30 /Users/jdriselvato/devkitPro/devkitARM/bin/../lib/gcc/arm-none-eabi/5.3.0/../../../../arm-none-eabi/lib/thumb/libg.a(lib_a-errno.o)
 .ARM.attributes
                0x00001097       0x30 /Users/jdriselvato/devkitPro/devkitARM/bin/../lib/gcc/arm-none-eabi/5.3.0/thumb/crtend.o
 .ARM.attributes
                0x000010c7       0x16 /Users/jdriselvato/devkitPro/devkitARM/bin/../lib/gcc/arm-none-eabi/5.3.0/thumb/crtn.o

.debug
 *(.debug)

.line
 *(.line)

.debug_srcinfo
 *(.debug_srcinfo)

.debug_sfnames
 *(.debug_sfnames)

.debug_aranges  0x00000000      0x2c8
 *(.debug_aranges)
 .debug_aranges
                0x00000000       0x28 template.o
 .debug_aranges
                0x00000028       0x20 /Users/jdriselvato/devkitPro/libnds/lib/libnds9.a(keys.o)
 .debug_aranges
                0x00000048       0x20 /Users/jdriselvato/devkitPro/libnds/lib/libnds9.a(sprite.o)
 .debug_aranges
                0x00000068       0x20 /Users/jdriselvato/devkitPro/libnds/lib/libnds9.a(trig.o)
 .debug_aranges
                0x00000088       0x20 /Users/jdriselvato/devkitPro/libnds/lib/libnds9.a(console.o)
 .debug_aranges
                0x000000a8       0x20 /Users/jdriselvato/devkitPro/libnds/lib/libnds9.a(sprite_alloc.o)
 .debug_aranges
                0x000000c8       0x20 /Users/jdriselvato/devkitPro/libnds/lib/libnds9.a(touch.o)
 .debug_aranges
                0x000000e8       0x20 /Users/jdriselvato/devkitPro/libnds/lib/libnds9.a(background.o)
 .debug_aranges
                0x00000108       0x20 /Users/jdriselvato/devkitPro/libnds/lib/libnds9.a(initSystem.o)
 .debug_aranges
                0x00000128       0x20 /Users/jdriselvato/devkitPro/libnds/lib/libnds9.a(fifosystem.o)
 .debug_aranges
                0x00000148       0x20 /Users/jdriselvato/devkitPro/libnds/lib/libnds9.a(libnds_exit.arm.o)
 .debug_aranges
                0x00000168       0x20 /Users/jdriselvato/devkitPro/libnds/lib/libnds9.a(interrupts.o)
 .debug_aranges
                0x00000188       0x20 /Users/jdriselvato/devkitPro/libnds/lib/libnds9.a(dcache.o)
 .debug_aranges
                0x000001a8       0x20 /Users/jdriselvato/devkitPro/libnds/lib/libnds9.a(IntrWait.o)
 .debug_aranges
                0x000001c8       0x20 /Users/jdriselvato/devkitPro/libnds/lib/libnds9.a(mpu_setup.o)
 .debug_aranges
                0x000001e8       0x20 /Users/jdriselvato/devkitPro/libnds/lib/libnds9.a(swiSoftReset.o)
 .debug_aranges
                0x00000208       0x20 /Users/jdriselvato/devkitPro/libnds/lib/libnds9.a(debugprint.o)
 .debug_aranges
                0x00000228       0x20 /Users/jdriselvato/devkitPro/libnds/lib/libnds9.a(biosCalls.o)
 .debug_aranges
                0x00000248       0x20 /Users/jdriselvato/devkitPro/libnds/lib/libnds9.a(interruptDispatcher.o)
 .debug_aranges
                0x00000268       0x20 /Users/jdriselvato/devkitPro/libnds/lib/libnds9.a(system.o)
 .debug_aranges
                0x00000288       0x20 /Users/jdriselvato/devkitPro/libnds/lib/libnds9.a(video.o)
 .debug_aranges
                0x000002a8       0x20 /Users/jdriselvato/devkitPro/libnds/lib/libnds9.a(timeSupport.o)

.debug_pubnames
 *(.debug_pubnames)

.debug_info     0x00000000     0xad80
 *(.debug_info)
 .debug_info    0x00000000     0x1137 template.o
 .debug_info    0x00001137      0x408 /Users/jdriselvato/devkitPro/libnds/lib/libnds9.a(keys.o)
 .debug_info    0x0000153f      0xc41 /Users/jdriselvato/devkitPro/libnds/lib/libnds9.a(sprite.o)
 .debug_info    0x00002180      0x54d /Users/jdriselvato/devkitPro/libnds/lib/libnds9.a(trig.o)
 .debug_info    0x000026cd     0x223d /Users/jdriselvato/devkitPro/libnds/lib/libnds9.a(console.o)
 .debug_info    0x0000490a     0x1046 /Users/jdriselvato/devkitPro/libnds/lib/libnds9.a(sprite_alloc.o)
 .debug_info    0x00005950      0x305 /Users/jdriselvato/devkitPro/libnds/lib/libnds9.a(touch.o)
 .debug_info    0x00005c55      0xa19 /Users/jdriselvato/devkitPro/libnds/lib/libnds9.a(background.o)
 .debug_info    0x0000666e     0x10b3 /Users/jdriselvato/devkitPro/libnds/lib/libnds9.a(initSystem.o)
 .debug_info    0x00007721     0x1647 /Users/jdriselvato/devkitPro/libnds/lib/libnds9.a(fifosystem.o)
 .debug_info    0x00008d68      0x337 /Users/jdriselvato/devkitPro/libnds/lib/libnds9.a(libnds_exit.arm.o)
 .debug_info    0x0000909f      0x5d8 /Users/jdriselvato/devkitPro/libnds/lib/libnds9.a(interrupts.o)
 .debug_info    0x00009677       0xc8 /Users/jdriselvato/devkitPro/libnds/lib/libnds9.a(dcache.o)
 .debug_info    0x0000973f       0xd1 /Users/jdriselvato/devkitPro/libnds/lib/libnds9.a(IntrWait.o)
 .debug_info    0x00009810       0xd2 /Users/jdriselvato/devkitPro/libnds/lib/libnds9.a(mpu_setup.o)
 .debug_info    0x000098e2       0xd0 /Users/jdriselvato/devkitPro/libnds/lib/libnds9.a(swiSoftReset.o)
 .debug_info    0x000099b2       0xce /Users/jdriselvato/devkitPro/libnds/lib/libnds9.a(debugprint.o)
 .debug_info    0x00009a80       0xcd /Users/jdriselvato/devkitPro/libnds/lib/libnds9.a(biosCalls.o)
 .debug_info    0x00009b4d       0xd7 /Users/jdriselvato/devkitPro/libnds/lib/libnds9.a(interruptDispatcher.o)
 .debug_info    0x00009c24      0x917 /Users/jdriselvato/devkitPro/libnds/lib/libnds9.a(system.o)
 .debug_info    0x0000a53b      0x6f8 /Users/jdriselvato/devkitPro/libnds/lib/libnds9.a(video.o)
 .debug_info    0x0000ac33      0x14d /Users/jdriselvato/devkitPro/libnds/lib/libnds9.a(timeSupport.o)

.debug_abbrev   0x00000000     0x25e2
 *(.debug_abbrev)
 .debug_abbrev  0x00000000      0x2ff template.o
 .debug_abbrev  0x000002ff      0x17f /Users/jdriselvato/devkitPro/libnds/lib/libnds9.a(keys.o)
 .debug_abbrev  0x0000047e      0x319 /Users/jdriselvato/devkitPro/libnds/lib/libnds9.a(sprite.o)
 .debug_abbrev  0x00000797      0x1ef /Users/jdriselvato/devkitPro/libnds/lib/libnds9.a(trig.o)
 .debug_abbrev  0x00000986      0x504 /Users/jdriselvato/devkitPro/libnds/lib/libnds9.a(console.o)
 .debug_abbrev  0x00000e8a      0x311 /Users/jdriselvato/devkitPro/libnds/lib/libnds9.a(sprite_alloc.o)
 .debug_abbrev  0x0000119b      0x124 /Users/jdriselvato/devkitPro/libnds/lib/libnds9.a(touch.o)
 .debug_abbrev  0x000012bf      0x2b2 /Users/jdriselvato/devkitPro/libnds/lib/libnds9.a(background.o)
 .debug_abbrev  0x00001571      0x2d2 /Users/jdriselvato/devkitPro/libnds/lib/libnds9.a(initSystem.o)
 .debug_abbrev  0x00001843      0x411 /Users/jdriselvato/devkitPro/libnds/lib/libnds9.a(fifosystem.o)
 .debug_abbrev  0x00001c54      0x17c /Users/jdriselvato/devkitPro/libnds/lib/libnds9.a(libnds_exit.arm.o)
 .debug_abbrev  0x00001dd0      0x284 /Users/jdriselvato/devkitPro/libnds/lib/libnds9.a(interrupts.o)
 .debug_abbrev  0x00002054       0x14 /Users/jdriselvato/devkitPro/libnds/lib/libnds9.a(dcache.o)
 .debug_abbrev  0x00002068       0x14 /Users/jdriselvato/devkitPro/libnds/lib/libnds9.a(IntrWait.o)
 .debug_abbrev  0x0000207c       0x14 /Users/jdriselvato/devkitPro/libnds/lib/libnds9.a(mpu_setup.o)
 .debug_abbrev  0x00002090       0x14 /Users/jdriselvato/devkitPro/libnds/lib/libnds9.a(swiSoftReset.o)
 .debug_abbrev  0x000020a4       0x14 /Users/jdriselvato/devkitPro/libnds/lib/libnds9.a(debugprint.o)
 .debug_abbrev  0x000020b8       0x14 /Users/jdriselvato/devkitPro/libnds/lib/libnds9.a(biosCalls.o)
 .debug_abbrev  0x000020cc       0x14 /Users/jdriselvato/devkitPro/libnds/lib/libnds9.a(interruptDispatcher.o)
 .debug_abbrev  0x000020e0      0x24e /Users/jdriselvato/devkitPro/libnds/lib/libnds9.a(system.o)
 .debug_abbrev  0x0000232e      0x1f7 /Users/jdriselvato/devkitPro/libnds/lib/libnds9.a(video.o)
 .debug_abbrev  0x00002525       0xbd /Users/jdriselvato/devkitPro/libnds/lib/libnds9.a(timeSupport.o)

.debug_line     0x00000000     0x342d
 *(.debug_line)
 .debug_line    0x00000000      0x34e template.o
 .debug_line    0x0000034e      0x246 /Users/jdriselvato/devkitPro/libnds/lib/libnds9.a(keys.o)
 .debug_line    0x00000594      0x350 /Users/jdriselvato/devkitPro/libnds/lib/libnds9.a(sprite.o)
 .debug_line    0x000008e4      0x268 /Users/jdriselvato/devkitPro/libnds/lib/libnds9.a(trig.o)
 .debug_line    0x00000b4c      0x678 /Users/jdriselvato/devkitPro/libnds/lib/libnds9.a(console.o)
 .debug_line    0x000011c4      0x2e2 /Users/jdriselvato/devkitPro/libnds/lib/libnds9.a(sprite_alloc.o)
 .debug_line    0x000014a6      0x229 /Users/jdriselvato/devkitPro/libnds/lib/libnds9.a(touch.o)
 .debug_line    0x000016cf      0x325 /Users/jdriselvato/devkitPro/libnds/lib/libnds9.a(background.o)
 .debug_line    0x000019f4      0x38d /Users/jdriselvato/devkitPro/libnds/lib/libnds9.a(initSystem.o)
 .debug_line    0x00001d81      0x706 /Users/jdriselvato/devkitPro/libnds/lib/libnds9.a(fifosystem.o)
 .debug_line    0x00002487      0x223 /Users/jdriselvato/devkitPro/libnds/lib/libnds9.a(libnds_exit.arm.o)
 .debug_line    0x000026aa      0x298 /Users/jdriselvato/devkitPro/libnds/lib/libnds9.a(interrupts.o)
 .debug_line    0x00002942       0xae /Users/jdriselvato/devkitPro/libnds/lib/libnds9.a(dcache.o)
 .debug_line    0x000029f0       0x97 /Users/jdriselvato/devkitPro/libnds/lib/libnds9.a(IntrWait.o)
 .debug_line    0x00002a87      0x107 /Users/jdriselvato/devkitPro/libnds/lib/libnds9.a(mpu_setup.o)